172.18.0.3 - - [12/Mar/2019:13:45:21 +0800] "GET /nacos/v1/cs/health HTTP/1.1" 200 2 383
172.18.0.3 - - [12/Mar/2019:13:45:25 +0800] "GET /nacos/v1/cs/health HTTP/1.1" 200 2 28
172.18.0.1 - - [12/Mar/2019:13:45:29 +0800] "GET / HTTP/1.1" 404 796 56
172.18.0.1 - - [12/Mar/2019:13:45:30 +0800] "GET /favicon.ico HTTP/1.1" 404 796 7
172.18.0.3 - - [12/Mar/2019:13:45:30 +0800] "GET /nacos/v1/cs/health HTTP/1.1" 200 2 10
172.18.0.4 - - [12/Mar/2019:13:45:32 +0800] "GET /nacos/actuator/prometheus HTTP/1.1" 200 11729 150
172.18.0.3 - - [12/Mar/2019:13:45:35 +0800] "GET /nacos/v1/cs/health HTTP/1.1" 200 2 15
172.18.0.3 - - [12/Mar/2019:13:45:40 +0800] "GET /nacos/v1/cs/health HTTP/1.1" 200 2 11
172.18.0.3 - - [12/Mar/2019:13:45:45 +0800] "GET /nacos/v1/cs/health HTTP/1.1" 200 2 5
172.18.0.4 - - [12/Mar/2019:13:45:47 +0800] "GET /nacos/actuator/prometheus HTTP/1.1" 200 12125 41
172.18.0.1 - - [12/Mar/2019:13:45:49 +0800] "GET /nacos HTTP/1.1" 302 - 0
172.18.0.1 - - [12/Mar/2019:13:45:49 +0800] "GET /nacos/ HTTP/1.1" 200 2541 89
172.18.0.1 - - [12/Mar/2019:13:45:49 +0800] "GET /nacos/console-fe/public/css/codemirror.css HTTP/1.1" 200 8849 40
172.18.0.1 - - [12/Mar/2019:13:45:49 +0800] "GET /nacos/console-fe/public/css/font-awesome.css HTTP/1.1" 200 33841 73
172.18.0.1 - - [12/Mar/2019:13:45:49 +0800] "GET /nacos/console-fe/public/css/icon.css HTTP/1.1" 200 5166 61
172.18.0.1 - - [12/Mar/2019:13:45:49 +0800] "GET /nacos/console-fe/public/css/merge.css HTTP/1.1" 200 3857 99
172.18.0.1 - - [12/Mar/2019:13:45:49 +0800] "GET /nacos/console-fe/public/js/jquery.js HTTP/1.1" 200 86658 97
172.18.0.1 - - [12/Mar/2019:13:45:49 +0800] "GET /nacos/console-fe/public/js/javascript.js HTTP/1.1" 200 32200 84
172.18.0.1 - - [12/Mar/2019:13:45:49 +0800] "GET /nacos/console-fe/public/css/bootstrap.css HTTP/1.1" 200 123285 199
172.18.0.1 - - [12/Mar/2019:13:45:49 +0800] "GET /nacos/console-fe/public/js/codemirror.addone.lint.js HTTP/1.1" 200 8511 11
172.18.0.1 - - [12/Mar/2019:13:45:49 +0800] "GET /nacos/console-fe/public/css/console1412.css HTTP/1.1" 200 156959 214
172.18.0.1 - - [12/Mar/2019:13:45:49 +0800] "GET /nacos/css/main.css HTTP/1.1" 200 353530 231
172.18.0.1 - - [12/Mar/2019:13:45:49 +0800] "GET /nacos/console-fe/public/js/codemirror.lib.json-lint.js HTTP/1.1" 200 16797 84
172.18.0.1 - - [12/Mar/2019:13:45:49 +0800] "GET /nacos/console-fe/public/js/codemirror.js HTTP/1.1" 200 366237 233
172.18.0.1 - - [12/Mar/2019:13:45:49 +0800] "GET /nacos/console-fe/public/js/xml.js HTTP/1.1" 200 13050 87
172.18.0.1 - - [12/Mar/2019:13:45:49 +0800] "GET /nacos/console-fe/public/js/codemirror.addone.json-lint.js HTTP/1.1" 200 1433 106
172.18.0.1 - - [12/Mar/2019:13:45:49 +0800] "GET /nacos/console-fe/public/js/codemirror.addone.fullscreen.js HTTP/1.1" 200 1973 124
172.18.0.1 - - [12/Mar/2019:13:45:50 +0800] "GET /nacos/console-fe/public/js/codemirror.lib.clike-lint.js HTTP/1.1" 200 31521 132
172.18.0.1 - - [12/Mar/2019:13:45:50 +0800] "GET /nacos/console-fe/public/js/diff_match_patch.js HTTP/1.1" 200 19192 115
172.18.0.1 - - [12/Mar/2019:13:45:50 +0800] "GET /nacos/console-fe/public/js/merge.js HTTP/1.1" 200 37874 127
172.18.0.1 - - [12/Mar/2019:13:45:50 +0800] "GET /nacos/console-fe/public/js/loader.js HTTP/1.1" 200 28899 145
172.18.0.1 - - [12/Mar/2019:13:45:50 +0800] "GET /nacos/js/main.js HTTP/1.1" 200 1273863 281
172.18.0.1 - - [12/Mar/2019:13:45:50 +0800] "GET /nacos/console-fe/public/js/vs/editor/editor.main.js HTTP/1.1" 200 1824086 162
172.18.0.3 - - [12/Mar/2019:13:45:50 +0800] "GET /nacos/v1/cs/health HTTP/1.1" 200 2 26
172.18.0.1 - - [12/Mar/2019:13:45:50 +0800] "GET /nacos/img/TB118jPv_mWBKNjSZFBXXXxUFXa-2000-390.svg HTTP/1.1" 200 2106 62
172.18.0.1 - - [12/Mar/2019:13:45:50 +0800] "GET /nacos/v1/console/server/state HTTP/1.1" 200 82 187
172.18.0.1 - - [12/Mar/2019:13:45:51 +0800] "GET /nacos/console-fe/public/js/vs/editor/editor.main.css HTTP/1.1" 200 172199 24
172.18.0.1 - - [12/Mar/2019:13:45:51 +0800] "GET /nacos/v1/console/namespaces?namespaceId= HTTP/1.1" 401 154 657
172.18.0.1 - - [12/Mar/2019:13:45:51 +0800] "GET /nacos/console-fe/public/js/vs/editor/editor.main.nls.zh-cn.js HTTP/1.1" 200 22854 29
172.18.0.1 - - [12/Mar/2019:13:45:51 +0800] "GET /nacos/console-fe/public/css/fonts/aliyun-console-font.ttf?t91au5 HTTP/1.1" 200 169536 211
172.18.0.1 - - [12/Mar/2019:13:45:51 +0800] "GET /nacos/img/black_dot.png HTTP/1.1" 200 114 38
172.18.0.1 - - [12/Mar/2019:13:45:51 +0800] "GET /nacos/img/nacos.png HTTP/1.1" 200 3588 20
172.18.0.1 - - [12/Mar/2019:13:45:51 +0800] "GET /nacos/v1/cs/configs?search=accurate&dataId=&group=&appName=&config_tags=&pageNo=1&pageSize=10&tenant=&namespaceId= HTTP/1.1" 200 - 436
172.18.0.3 - - [12/Mar/2019:13:45:55 +0800] "GET /nacos/v1/cs/health HTTP/1.1" 200 2 14
172.18.0.3 - - [12/Mar/2019:13:46:00 +0800] "GET /nacos/v1/cs/health HTTP/1.1" 200 2 10
172.18.0.4 - - [12/Mar/2019:13:46:02 +0800] "GET /nacos/actuator/prometheus HTTP/1.1" 200 13624 21
172.18.0.3 - - [12/Mar/2019:13:46:05 +0800] "GET /nacos/v1/cs/health HTTP/1.1" 200 2 6
172.18.0.3 - - [12/Mar/2019:13:46:10 +0800] "GET /nacos/v1/cs/health HTTP/1.1" 200 2 1
172.18.0.3 - - [12/Mar/2019:13:46:15 +0800] "GET /nacos/v1/cs/health HTTP/1.1" 200 2 8
172.18.0.4 - - [12/Mar/2019:13:46:17 +0800] "GET /nacos/actuator/prometheus HTTP/1.1" 200 13627 23
172.18.0.3 - - [12/Mar/2019:13:46:20 +0800] "GET /nacos/v1/cs/health HTTP/1.1" 200 2 6
172.18.0.3 - - [12/Mar/2019:13:46:25 +0800] "GET /nacos/v1/cs/health HTTP/1.1" 200 2 3
172.18.0.3 - - [12/Mar/2019:13:46:30 +0800] "GET /nacos/v1/cs/health HTTP/1.1" 200 2 4
172.18.0.4 - - [12/Mar/2019:13:46:32 +0800] "GET /nacos/actuator/prometheus HTTP/1.1" 200 13631 12
172.18.0.3 - - [12/Mar/2019:13:46:35 +0800] "GET /nacos/v1/cs/health HTTP/1.1" 200 2 7
172.18.0.3 - - [12/Mar/2019:13:46:40 +0800] "GET /nacos/v1/cs/health HTTP/1.1" 200 2 3
172.18.0.3 - - [12/Mar/2019:13:46:45 +0800] "GET /nacos/v1/cs/health HTTP/1.1" 200 2 8
172.18.0.4 - - [12/Mar/2019:13:46:47 +0800] "GET /nacos/actuator/prometheus HTTP/1.1" 200 13632 19
172.18.0.3 - - [12/Mar/2019:13:46:50 +0800] "GET /nacos/v1/cs/health HTTP/1.1" 200 2 5
172.18.0.3 - - [12/Mar/2019:13:46:55 +0800] "GET /nacos/v1/cs/health HTTP/1.1" 200 2 5
172.18.0.3 - - [12/Mar/2019:13:47:00 +0800] "GET /nacos/v1/cs/health HTTP/1.1" 200 2 19
172.18.0.4 - - [12/Mar/2019:13:47:02 +0800] "GET /nacos/actuator/prometheus HTTP/1.1" 200 13632 17
172.18.0.3 - - [12/Mar/2019:13:47:05 +0800] "GET /nacos/v1/cs/health HTTP/1.1" 200 2 5
172.18.0.3 - - [12/Mar/2019:13:47:10 +0800] "GET /nacos/v1/cs/health HTTP/1.1" 200 2 2
172.18.0.3 - - [12/Mar/2019:13:47:15 +0800] "GET /nacos/v1/cs/health HTTP/1.1" 200 2 7
172.18.0.4 - - [12/Mar/2019:13:47:17 +0800] "GET /nacos/actuator/prometheus HTTP/1.1" 200 13633 19
172.18.0.3 - - [12/Mar/2019:13:47:20 +0800] "GET /nacos/v1/cs/health HTTP/1.1" 200 2 6
172.18.0.3 - - [12/Mar/2019:13:47:25 +0800] "GET /nacos/v1/cs/health HTTP/1.1" 200 2 3
172.18.0.3 - - [12/Mar/2019:13:47:30 +0800] "GET /nacos/v1/cs/health HTTP/1.1" 200 2 5
172.18.0.4 - - [12/Mar/2019:13:47:32 +0800] "GET /nacos/actuator/prometheus HTTP/1.1" 200 13631 23
172.18.0.3 - - [12/Mar/2019:13:47:35 +0800] "GET /nacos/v1/cs/health HTTP/1.1" 200 2 3
172.18.0.3 - - [12/Mar/2019:13:47:40 +0800] "GET /nacos/v1/cs/health HTTP/1.1" 200 2 2
172.18.0.3 - - [12/Mar/2019:13:47:45 +0800] "GET /nacos/v1/cs/health HTTP/1.1" 200 2 5
172.18.0.4 - - [12/Mar/2019:13:47:47 +0800] "GET /nacos/actuator/prometheus HTTP/1.1" 200 13632 18
172.18.0.3 - - [12/Mar/2019:13:47:50 +0800] "GET /nacos/v1/cs/health HTTP/1.1" 200 2 4
172.18.0.3 - - [12/Mar/2019:13:47:55 +0800] "GET /nacos/v1/cs/health HTTP/1.1" 200 2 7
172.18.0.3 - - [12/Mar/2019:13:48:00 +0800] "GET /nacos/v1/cs/health HTTP/1.1" 200 2 4
172.18.0.4 - - [12/Mar/2019:13:48:02 +0800] "GET /nacos/actuator/prometheus HTTP/1.1" 200 13633 11
172.18.0.3 - - [12/Mar/2019:13:48:05 +0800] "GET /nacos/v1/cs/health HTTP/1.1" 200 2 5
172.18.0.3 - - [12/Mar/2019:13:48:10 +0800] "GET /nacos/v1/cs/health HTTP/1.1" 200 2 4
172.18.0.3 - - [12/Mar/2019:13:48:15 +0800] "GET /nacos/v1/cs/health HTTP/1.1" 200 2 3
172.18.0.4 - - [12/Mar/2019:13:48:17 +0800] "GET /nacos/actuator/prometheus HTTP/1.1" 200 13632 13
172.18.0.3 - - [12/Mar/2019:13:48:20 +0800] "GET /nacos/v1/cs/health HTTP/1.1" 200 2 2
172.18.0.1 - - [12/Mar/2019:13:48:22 +0800] "POST /nacos/v1/auth/login HTTP/1.1" 200 176 522
172.18.0.1 - - [12/Mar/2019:13:48:22 +0800] "GET /nacos/v1/console/server/state HTTP/1.1" 200 82 47
172.18.0.1 - - [12/Mar/2019:13:48:22 +0800] "GET /nacos/v1/console/namespaces?namespaceId= HTTP/1.1" 200 130 318
172.18.0.1 - - [12/Mar/2019:13:48:22 +0800] "GET /nacos/v1/cs/configs?search=accurate&dataId=&group=&appName=&config_tags=&pageNo=1&pageSize=10&tenant=&namespaceId= HTTP/1.1" 200 - 53
172.18.0.3 - - [12/Mar/2019:13:48:25 +0800] "GET /nacos/v1/cs/health HTTP/1.1" 200 2 7
172.18.0.1 - - [12/Mar/2019:13:48:29 +0800] "GET /nacos/v1/ns/catalog/serviceList?startPg=1&pgSize=10&keyword=&namespaceId= HTTP/1.1" 200 39 42
172.18.0.3 - - [12/Mar/2019:13:48:30 +0800] "GET /nacos/v1/cs/health HTTP/1.1" 200 2 6
172.18.0.1 - - [12/Mar/2019:13:48:31 +0800] "GET /nacos/v1/console/namespaces?namespaceId= HTTP/1.1" 200 130 43
172.18.0.4 - - [12/Mar/2019:13:48:32 +0800] "GET /nacos/actuator/prometheus HTTP/1.1" 200 14819 30
172.18.0.1 - - [12/Mar/2019:13:48:34 +0800] "GET /nacos/v1/cs/configs?search=accurate&dataId=&group=&appName=&config_tags=&pageNo=1&pageSize=10&tenant=&namespaceId= HTTP/1.1" 200 - 7
172.18.0.3 - - [12/Mar/2019:13:48:35 +0800] "GET /nacos/v1/cs/health HTTP/1.1" 200 2 2
172.18.0.1 - - [12/Mar/2019:13:48:37 +0800] "GET /nacos/v1/console/namespaces?namespaceId= HTTP/1.1" 200 130 18
172.18.0.3 - - [12/Mar/2019:13:48:40 +0800] "GET /nacos/v1/cs/health HTTP/1.1" 200 2 6
172.18.0.1 - - [12/Mar/2019:13:48:40 +0800] "GET /nacos/v1/cs/configs?search=accurate&dataId=&group=&appName=&config_tags=&pageNo=1&pageSize=10&tenant=&namespaceId= HTTP/1.1" 200 - 15
172.18.0.3 - - [12/Mar/2019:13:48:45 +0800] "GET /nacos/v1/cs/health HTTP/1.1" 200 2 5
172.18.0.4 - - [12/Mar/2019:13:48:47 +0800] "GET /nacos/actuator/prometheus HTTP/1.1" 200 14822 14
172.18.0.3 - - [12/Mar/2019:13:48:50 +0800] "GET /nacos/v1/cs/health HTTP/1.1" 200 2 4
172.18.0.3 - - [12/Mar/2019:13:48:55 +0800] "GET /nacos/v1/cs/health HTTP/1.1" 200 2 4
172.18.0.3 - - [12/Mar/2019:13:49:00 +0800] "GET /nacos/v1/cs/health HTTP/1.1" 200 2 3
172.18.0.4 - - [12/Mar/2019:13:49:02 +0800] "GET /nacos/actuator/prometheus HTTP/1.1" 200 14812 11
172.18.0.3 - - [12/Mar/2019:13:49:05 +0800] "GET /nacos/v1/cs/health HTTP/1.1" 200 2 7
172.18.0.3 - - [12/Mar/2019:13:49:10 +0800] "GET /nacos/v1/cs/health HTTP/1.1" 200 2 10
172.18.0.3 - - [12/Mar/2019:13:49:15 +0800] "GET /nacos/v1/cs/health HTTP/1.1" 200 2 13
172.18.0.4 - - [12/Mar/2019:13:49:17 +0800] "GET /nacos/actuator/prometheus HTTP/1.1" 200 14812 30
172.18.0.3 - - [12/Mar/2019:13:49:20 +0800] "GET /nacos/v1/cs/health HTTP/1.1" 200 2 6
172.18.0.3 - - [12/Mar/2019:13:49:25 +0800] "GET /nacos/v1/cs/health HTTP/1.1" 200 2 3
172.18.0.3 - - [12/Mar/2019:13:49:30 +0800] "GET /nacos/v1/cs/health HTTP/1.1" 200 2 3
172.18.0.4 - - [12/Mar/2019:13:49:32 +0800] "GET /nacos/actuator/prometheus HTTP/1.1" 200 14810 18
172.18.0.3 - - [12/Mar/2019:13:49:35 +0800] "GET /nacos/v1/cs/health HTTP/1.1" 200 2 14
172.18.0.3 - - [12/Mar/2019:13:49:40 +0800] "GET /nacos/v1/cs/health HTTP/1.1" 200 2 6
172.18.0.3 - - [12/Mar/2019:13:49:45 +0800] "GET /nacos/v1/cs/health HTTP/1.1" 200 2 4
172.18.0.4 - - [12/Mar/2019:13:49:47 +0800] "GET /nacos/actuator/prometheus HTTP/1.1" 200 14810 9
172.18.0.3 - - [12/Mar/2019:13:49:50 +0800] "GET /nacos/v1/cs/health HTTP/1.1" 200 2 3
172.18.0.3 - - [12/Mar/2019:13:49:55 +0800] "GET /nacos/v1/cs/health HTTP/1.1" 200 2 5
172.18.0.3 - - [12/Mar/2019:13:50:00 +0800] "GET /nacos/v1/cs/health HTTP/1.1" 200 2 8
172.18.0.4 - - [12/Mar/2019:13:50:02 +0800] "GET /nacos/actuator/prometheus HTTP/1.1" 200 14810 19
172.18.0.3 - - [12/Mar/2019:13:50:05 +0800] "GET /nacos/v1/cs/health HTTP/1.1" 200 2 4
172.18.0.3 - - [12/Mar/2019:13:50:10 +0800] "GET /nacos/v1/cs/health HTTP/1.1" 200 2 5
172.18.0.3 - - [12/Mar/2019:13:50:15 +0800] "GET /nacos/v1/cs/health HTTP/1.1" 200 2 2
172.18.0.4 - - [12/Mar/2019:13:50:17 +0800] "GET /nacos/actuator/prometheus HTTP/1.1" 200 14812 22
172.18.0.3 - - [12/Mar/2019:13:50:20 +0800] "GET /nacos/v1/cs/health HTTP/1.1" 200 2 5
172.18.0.3 - - [12/Mar/2019:13:50:25 +0800] "GET /nacos/v1/cs/health HTTP/1.1" 200 2 8
172.18.0.3 - - [12/Mar/2019:13:50:30 +0800] "GET /nacos/v1/cs/health HTTP/1.1" 200 2 10
172.18.0.4 - - [12/Mar/2019:13:50:32 +0800] "GET /nacos/actuator/prometheus HTTP/1.1" 200 14811 9
172.18.0.3 - - [12/Mar/2019:13:50:35 +0800] "GET /nacos/v1/cs/health HTTP/1.1" 200 2 4
172.18.0.3 - - [12/Mar/2019:13:50:40 +0800] "GET /nacos/v1/cs/health HTTP/1.1" 200 2 6
172.18.0.3 - - [12/Mar/2019:13:50:45 +0800] "GET /nacos/v1/cs/health HTTP/1.1" 200 2 23
172.18.0.4 - - [12/Mar/2019:13:50:47 +0800] "GET /nacos/actuator/prometheus HTTP/1.1" 200 14811 23
172.18.0.3 - - [12/Mar/2019:13:50:50 +0800] "GET /nacos/v1/cs/health HTTP/1.1" 200 2 8
172.18.0.3 - - [12/Mar/2019:13:50:55 +0800] "GET /nacos/v1/cs/health HTTP/1.1" 200 2 4
172.18.0.3 - - [12/Mar/2019:13:51:00 +0800] "GET /nacos/v1/cs/health HTTP/1.1" 200 2 9
172.18.0.4 - - [12/Mar/2019:13:51:02 +0800] "GET /nacos/actuator/prometheus HTTP/1.1" 200 14800 16
172.18.0.3 - - [12/Mar/2019:13:51:05 +0800] "GET /nacos/v1/cs/health HTTP/1.1" 200 2 8
172.18.0.3 - - [12/Mar/2019:13:51:10 +0800] "GET /nacos/v1/cs/health HTTP/1.1" 200 2 3
172.18.0.3 - - [12/Mar/2019:13:51:15 +0800] "GET /nacos/v1/cs/health HTTP/1.1" 200 2 15
172.18.0.4 - - [12/Mar/2019:13:51:17 +0800] "GET /nacos/actuator/prometheus HTTP/1.1" 200 14800 7
172.18.0.3 - - [12/Mar/2019:13:51:20 +0800] "GET /nacos/v1/cs/health HTTP/1.1" 200 2 19
172.18.0.3 - - [12/Mar/2019:13:51:25 +0800] "GET /nacos/v1/cs/health HTTP/1.1" 200 2 8
172.18.0.3 - - [12/Mar/2019:13:51:30 +0800] "GET /nacos/v1/cs/health HTTP/1.1" 200 2 10
172.18.0.4 - - [12/Mar/2019:13:51:32 +0800] "GET /nacos/actuator/prometheus HTTP/1.1" 200 14783 41
172.18.0.3 - - [12/Mar/2019:13:51:35 +0800] "GET /nacos/v1/cs/health HTTP/1.1" 200 2 4
172.18.0.3 - - [12/Mar/2019:13:51:40 +0800] "GET /nacos/v1/cs/health HTTP/1.1" 200 2 3
172.18.0.3 - - [12/Mar/2019:13:51:45 +0800] "GET /nacos/v1/cs/health HTTP/1.1" 200 2 12
172.18.0.4 - - [12/Mar/2019:13:51:47 +0800] "GET /nacos/actuator/prometheus HTTP/1.1" 200 14783 17
172.18.0.3 - - [12/Mar/2019:13:51:50 +0800] "GET /nacos/v1/cs/health HTTP/1.1" 200 2 9
172.18.0.3 - - [12/Mar/2019:13:51:55 +0800] "GET /nacos/v1/cs/health HTTP/1.1" 200 2 7
172.18.0.3 - - [12/Mar/2019:13:52:00 +0800] "GET /nacos/v1/cs/health HTTP/1.1" 200 2 24
172.18.0.4 - - [12/Mar/2019:13:52:02 +0800] "GET /nacos/actuator/prometheus HTTP/1.1" 200 14781 28
172.18.0.3 - - [12/Mar/2019:13:52:05 +0800] "GET /nacos/v1/cs/health HTTP/1.1" 200 2 12
172.18.0.3 - - [12/Mar/2019:13:52:10 +0800] "GET /nacos/v1/cs/health HTTP/1.1" 200 2 6
172.18.0.3 - - [12/Mar/2019:13:52:15 +0800] "GET /nacos/v1/cs/health HTTP/1.1" 200 2 2
172.18.0.4 - - [12/Mar/2019:13:52:17 +0800] "GET /nacos/actuator/prometheus HTTP/1.1" 200 14779 8
172.18.0.3 - - [12/Mar/2019:13:52:20 +0800] "GET /nacos/v1/cs/health HTTP/1.1" 200 2 5
172.18.0.3 - - [12/Mar/2019:13:52:25 +0800] "GET /nacos/v1/cs/health HTTP/1.1" 200 2 9
172.18.0.3 - - [12/Mar/2019:13:52:30 +0800] "GET /nacos/v1/cs/health HTTP/1.1" 200 2 2
172.18.0.4 - - [12/Mar/2019:13:52:32 +0800] "GET /nacos/actuator/prometheus HTTP/1.1" 200 14778 16
172.18.0.3 - - [12/Mar/2019:13:52:35 +0800] "GET /nacos/v1/cs/health HTTP/1.1" 200 2 3
172.18.0.3 - - [12/Mar/2019:13:52:40 +0800] "GET /nacos/v1/cs/health HTTP/1.1" 200 2 9
172.18.0.3 - - [12/Mar/2019:13:52:45 +0800] "GET /nacos/v1/cs/health HTTP/1.1" 200 2 8
172.18.0.4 - - [12/Mar/2019:13:52:47 +0800] "GET /nacos/actuator/prometheus HTTP/1.1" 200 14777 16
172.18.0.3 - - [12/Mar/2019:13:52:50 +0800] "GET /nacos/v1/cs/health HTTP/1.1" 200 2 4
172.18.0.3 - - [12/Mar/2019:13:52:55 +0800] "GET /nacos/v1/cs/health HTTP/1.1" 200 2 5
172.18.0.3 - - [12/Mar/2019:13:53:00 +0800] "GET /nacos/v1/cs/health HTTP/1.1" 200 2 21
172.18.0.4 - - [12/Mar/2019:13:53:02 +0800] "GET /nacos/actuator/prometheus HTTP/1.1" 200 14782 17
172.18.0.3 - - [12/Mar/2019:13:53:05 +0800] "GET /nacos/v1/cs/health HTTP/1.1" 200 2 8
172.18.0.3 - - [12/Mar/2019:13:53:10 +0800] "GET /nacos/v1/cs/health HTTP/1.1" 200 2 4
172.18.0.3 - - [12/Mar/2019:13:53:15 +0800] "GET /nacos/v1/cs/health HTTP/1.1" 200 2 4
172.18.0.4 - - [12/Mar/2019:13:53:17 +0800] "GET /nacos/actuator/prometheus HTTP/1.1" 200 14780 11
172.18.0.3 - - [12/Mar/2019:13:53:20 +0800] "GET /nacos/v1/cs/health HTTP/1.1" 200 2 11
172.18.0.3 - - [12/Mar/2019:13:53:25 +0800] "GET /nacos/v1/cs/health HTTP/1.1" 200 2 4
172.18.0.3 - - [12/Mar/2019:13:53:30 +0800] "GET /nacos/v1/cs/health HTTP/1.1" 200 2 9
172.18.0.4 - - [12/Mar/2019:13:53:32 +0800] "GET /nacos/actuator/prometheus HTTP/1.1" 200 14781 10
172.18.0.3 - - [12/Mar/2019:13:53:35 +0800] "GET /nacos/v1/cs/health HTTP/1.1" 200 2 5
172.18.0.3 - - [12/Mar/2019:13:53:40 +0800] "GET /nacos/v1/cs/health HTTP/1.1" 200 2 4
172.18.0.3 - - [12/Mar/2019:13:53:45 +0800] "GET /nacos/v1/cs/health HTTP/1.1" 200 2 3
172.18.0.4 - - [12/Mar/2019:13:53:47 +0800] "GET /nacos/actuator/prometheus HTTP/1.1" 200 14780 13
172.18.0.3 - - [12/Mar/2019:13:53:50 +0800] "GET /nacos/v1/cs/health HTTP/1.1" 200 2 7
172.18.0.3 - - [12/Mar/2019:13:53:55 +0800] "GET /nacos/v1/cs/health HTTP/1.1" 200 2 5
172.18.0.3 - - [12/Mar/2019:13:54:00 +0800] "GET /nacos/v1/cs/health HTTP/1.1" 200 2 58
172.18.0.4 - - [12/Mar/2019:13:54:02 +0800] "GET /nacos/actuator/prometheus HTTP/1.1" 200 14781 26
172.18.0.3 - - [12/Mar/2019:13:54:05 +0800] "GET /nacos/v1/cs/health HTTP/1.1" 200 2 4
172.18.0.3 - - [12/Mar/2019:13:54:10 +0800] "GET /nacos/v1/cs/health HTTP/1.1" 200 2 8
172.18.0.3 - - [12/Mar/2019:13:54:15 +0800] "GET /nacos/v1/cs/health HTTP/1.1" 200 2 10
172.18.0.4 - - [12/Mar/2019:13:54:17 +0800] "GET /nacos/actuator/prometheus HTTP/1.1" 200 14783 12
172.18.0.3 - - [12/Mar/2019:13:54:20 +0800] "GET /nacos/v1/cs/health HTTP/1.1" 200 2 5
172.18.0.3 - - [12/Mar/2019:13:54:25 +0800] "GET /nacos/v1/cs/health HTTP/1.1" 200 2 12
172.18.0.3 - - [12/Mar/2019:13:54:30 +0800] "GET /nacos/v1/cs/health HTTP/1.1" 200 2 7
172.18.0.4 - - [12/Mar/2019:13:54:32 +0800] "GET /nacos/actuator/prometheus HTTP/1.1" 200 14783 32
172.18.0.3 - - [12/Mar/2019:13:54:35 +0800] "GET /nacos/v1/cs/health HTTP/1.1" 200 2 3
172.18.0.3 - - [12/Mar/2019:13:54:40 +0800] "GET /nacos/v1/cs/health HTTP/1.1" 200 2 17
172.18.0.3 - - [12/Mar/2019:13:54:45 +0800] "GET /nacos/v1/cs/health HTTP/1.1" 200 2 8
172.18.0.4 - - [12/Mar/2019:13:54:46 +0800] "GET /nacos/actuator/prometheus HTTP/1.1" 200 14780 14
172.18.0.3 - - [12/Mar/2019:13:54:50 +0800] "GET /nacos/v1/cs/health HTTP/1.1" 200 2 3
172.18.0.3 - - [12/Mar/2019:13:54:55 +0800] "GET /nacos/v1/cs/health HTTP/1.1" 200 2 44
172.18.0.3 - - [12/Mar/2019:13:55:00 +0800] "GET /nacos/v1/cs/health HTTP/1.1" 200 2 5
172.18.0.4 - - [12/Mar/2019:13:55:01 +0800] "GET /nacos/actuator/prometheus HTTP/1.1" 200 14782 21
172.18.0.3 - - [12/Mar/2019:13:55:05 +0800] "GET /nacos/v1/cs/health HTTP/1.1" 200 2 14
172.18.0.3 - - [12/Mar/2019:13:55:10 +0800] "GET /nacos/v1/cs/health HTTP/1.1" 200 2 3
172.18.0.3 - - [12/Mar/2019:13:55:15 +0800] "GET /nacos/v1/cs/health HTTP/1.1" 200 2 7
172.18.0.4 - - [12/Mar/2019:13:55:16 +0800] "GET /nacos/actuator/prometheus HTTP/1.1" 200 14784 50
172.18.0.3 - - [12/Mar/2019:13:55:20 +0800] "GET /nacos/v1/cs/health HTTP/1.1" 200 2 23
172.18.0.3 - - [12/Mar/2019:13:55:25 +0800] "GET /nacos/v1/cs/health HTTP/1.1" 200 2 3
172.18.0.3 - - [12/Mar/2019:13:55:30 +0800] "GET /nacos/v1/cs/health HTTP/1.1" 200 2 9
172.18.0.4 - - [12/Mar/2019:13:55:31 +0800] "GET /nacos/actuator/prometheus HTTP/1.1" 200 14784 26
172.18.0.3 - - [12/Mar/2019:13:55:35 +0800] "GET /nacos/v1/cs/health HTTP/1.1" 200 2 4
172.18.0.3 - - [12/Mar/2019:13:55:40 +0800] "GET /nacos/v1/cs/health HTTP/1.1" 200 2 5
172.18.0.3 - - [12/Mar/2019:13:55:45 +0800] "GET /nacos/v1/cs/health HTTP/1.1" 200 2 6
172.18.0.4 - - [12/Mar/2019:13:55:46 +0800] "GET /nacos/actuator/prometheus HTTP/1.1" 200 14783 16
172.18.0.3 - - [12/Mar/2019:13:55:50 +0800] "GET /nacos/v1/cs/health HTTP/1.1" 200 2 10
172.18.0.3 - - [12/Mar/2019:13:55:55 +0800] "GET /nacos/v1/cs/health HTTP/1.1" 200 2 6
172.18.0.3 - - [12/Mar/2019:13:56:00 +0800] "GET /nacos/v1/cs/health HTTP/1.1" 200 2 7
172.18.0.4 - - [12/Mar/2019:13:56:01 +0800] "GET /nacos/actuator/prometheus HTTP/1.1" 200 14777 13
172.18.0.3 - - [12/Mar/2019:13:56:05 +0800] "GET /nacos/v1/cs/health HTTP/1.1" 200 2 7
172.18.0.3 - - [12/Mar/2019:13:56:10 +0800] "GET /nacos/v1/cs/health HTTP/1.1" 200 2 5
172.18.0.3 - - [12/Mar/2019:13:56:15 +0800] "GET /nacos/v1/cs/health HTTP/1.1" 200 2 3
172.18.0.4 - - [12/Mar/2019:13:56:16 +0800] "GET /nacos/actuator/prometheus HTTP/1.1" 200 14783 14
172.18.0.3 - - [12/Mar/2019:13:56:20 +0800] "GET /nacos/v1/cs/health HTTP/1.1" 200 2 7
172.18.0.3 - - [12/Mar/2019:13:56:25 +0800] "GET /nacos/v1/cs/health HTTP/1.1" 200 2 4
172.18.0.3 - - [12/Mar/2019:13:56:30 +0800] "GET /nacos/v1/cs/health HTTP/1.1" 200 2 6
172.18.0.4 - - [12/Mar/2019:13:56:31 +0800] "GET /nacos/actuator/prometheus HTTP/1.1" 200 14780 22
172.18.0.3 - - [12/Mar/2019:13:56:35 +0800] "GET /nacos/v1/cs/health HTTP/1.1" 200 2 9
172.18.0.3 - - [12/Mar/2019:13:56:40 +0800] "GET /nacos/v1/cs/health HTTP/1.1" 200 2 4
172.18.0.3 - - [12/Mar/2019:13:56:45 +0800] "GET /nacos/v1/cs/health HTTP/1.1" 200 2 8
172.18.0.4 - - [12/Mar/2019:13:56:46 +0800] "GET /nacos/actuator/prometheus HTTP/1.1" 200 14785 20
172.18.0.3 - - [12/Mar/2019:13:56:50 +0800] "GET /nacos/v1/cs/health HTTP/1.1" 200 2 11
172.18.0.3 - - [12/Mar/2019:13:56:55 +0800] "GET /nacos/v1/cs/health HTTP/1.1" 200 2 6
172.18.0.3 - - [12/Mar/2019:13:57:00 +0800] "GET /nacos/v1/cs/health HTTP/1.1" 200 2 7
172.18.0.4 - - [12/Mar/2019:13:57:01 +0800] "GET /nacos/actuator/prometheus HTTP/1.1" 200 14781 29
172.18.0.3 - - [12/Mar/2019:13:57:05 +0800] "GET /nacos/v1/cs/health HTTP/1.1" 200 2 8
172.18.0.3 - - [12/Mar/2019:13:57:10 +0800] "GET /nacos/v1/cs/health HTTP/1.1" 200 2 12
172.18.0.3 - - [12/Mar/2019:13:57:15 +0800] "GET /nacos/v1/cs/health HTTP/1.1" 200 2 5
172.18.0.4 - - [12/Mar/2019:13:57:16 +0800] "GET /nacos/actuator/prometheus HTTP/1.1" 200 14783 19
172.18.0.3 - - [12/Mar/2019:13:57:20 +0800] "GET /nacos/v1/cs/health HTTP/1.1" 200 2 4
172.18.0.3 - - [12/Mar/2019:13:57:25 +0800] "GET /nacos/v1/cs/health HTTP/1.1" 200 2 8
172.18.0.3 - - [12/Mar/2019:13:57:30 +0800] "GET /nacos/v1/cs/health HTTP/1.1" 200 2 16
172.18.0.4 - - [12/Mar/2019:13:57:31 +0800] "GET /nacos/actuator/prometheus HTTP/1.1" 200 14784 44
172.18.0.3 - - [12/Mar/2019:13:57:35 +0800] "GET /nacos/v1/cs/health HTTP/1.1" 200 2 4
172.18.0.3 - - [12/Mar/2019:13:57:40 +0800] "GET /nacos/v1/cs/health HTTP/1.1" 200 2 6
172.18.0.3 - - [12/Mar/2019:13:57:45 +0800] "GET /nacos/v1/cs/health HTTP/1.1" 200 2 40
172.18.0.4 - - [12/Mar/2019:13:57:46 +0800] "GET /nacos/actuator/prometheus HTTP/1.1" 200 14784 25
172.18.0.3 - - [12/Mar/2019:13:57:50 +0800] "GET /nacos/v1/cs/health HTTP/1.1" 200 2 6
172.18.0.3 - - [12/Mar/2019:13:57:55 +0800] "GET /nacos/v1/cs/health HTTP/1.1" 200 2 9
172.18.0.3 - - [12/Mar/2019:13:58:00 +0800] "GET /nacos/v1/cs/health HTTP/1.1" 200 2 5
172.18.0.4 - - [12/Mar/2019:13:58:01 +0800] "GET /nacos/actuator/prometheus HTTP/1.1" 200 14782 35
172.18.0.3 - - [12/Mar/2019:13:58:05 +0800] "GET /nacos/v1/cs/health HTTP/1.1" 200 2 14
172.18.0.3 - - [12/Mar/2019:13:58:10 +0800] "GET /nacos/v1/cs/health HTTP/1.1" 200 2 7
172.18.0.3 - - [12/Mar/2019:13:58:15 +0800] "GET /nacos/v1/cs/health HTTP/1.1" 200 2 6
172.18.0.4 - - [12/Mar/2019:13:58:16 +0800] "GET /nacos/actuator/prometheus HTTP/1.1" 200 14780 14
172.18.0.3 - - [12/Mar/2019:13:58:20 +0800] "GET /nacos/v1/cs/health HTTP/1.1" 200 2 62
172.18.0.3 - - [12/Mar/2019:13:58:25 +0800] "GET /nacos/v1/cs/health HTTP/1.1" 200 2 15
172.18.0.3 - - [12/Mar/2019:13:58:30 +0800] "GET /nacos/v1/cs/health HTTP/1.1" 200 2 4
172.18.0.4 - - [12/Mar/2019:13:58:31 +0800] "GET /nacos/actuator/prometheus HTTP/1.1" 200 14780 33
172.18.0.3 - - [12/Mar/2019:13:58:35 +0800] "GET /nacos/v1/cs/health HTTP/1.1" 200 2 5
172.18.0.3 - - [12/Mar/2019:13:58:40 +0800] "GET /nacos/v1/cs/health HTTP/1.1" 200 2 3
172.18.0.3 - - [12/Mar/2019:13:58:45 +0800] "GET /nacos/v1/cs/health HTTP/1.1" 200 2 3
172.18.0.4 - - [12/Mar/2019:13:58:46 +0800] "GET /nacos/actuator/prometheus HTTP/1.1" 200 14783 19
172.18.0.3 - - [12/Mar/2019:13:58:50 +0800] "GET /nacos/v1/cs/health HTTP/1.1" 200 2 2
172.18.0.3 - - [12/Mar/2019:13:58:55 +0800] "GET /nacos/v1/cs/health HTTP/1.1" 200 2 23
172.18.0.3 - - [12/Mar/2019:13:59:00 +0800] "GET /nacos/v1/cs/health HTTP/1.1" 200 2 9
172.18.0.4 - - [12/Mar/2019:13:59:01 +0800] "GET /nacos/actuator/prometheus HTTP/1.1" 200 14784 17
172.18.0.3 - - [12/Mar/2019:13:59:05 +0800] "GET /nacos/v1/cs/health HTTP/1.1" 200 2 21
172.18.0.3 - - [12/Mar/2019:13:59:10 +0800] "GET /nacos/v1/cs/health HTTP/1.1" 200 2 7
172.18.0.3 - - [12/Mar/2019:13:59:15 +0800] "GET /nacos/v1/cs/health HTTP/1.1" 200 2 7
172.18.0.4 - - [12/Mar/2019:13:59:16 +0800] "GET /nacos/actuator/prometheus HTTP/1.1" 200 14783 21
172.18.0.3 - - [12/Mar/2019:13:59:20 +0800] "GET /nacos/v1/cs/health HTTP/1.1" 200 2 18
172.18.0.3 - - [12/Mar/2019:13:59:25 +0800] "GET /nacos/v1/cs/health HTTP/1.1" 200 2 2
172.18.0.3 - - [12/Mar/2019:13:59:30 +0800] "GET /nacos/v1/cs/health HTTP/1.1" 200 2 5
172.18.0.4 - - [12/Mar/2019:13:59:31 +0800] "GET /nacos/actuator/prometheus HTTP/1.1" 200 14782 12
172.18.0.3 - - [12/Mar/2019:13:59:35 +0800] "GET /nacos/v1/cs/health HTTP/1.1" 200 2 11
172.18.0.3 - - [12/Mar/2019:13:59:40 +0800] "GET /nacos/v1/cs/health HTTP/1.1" 200 2 4
172.18.0.3 - - [12/Mar/2019:13:59:45 +0800] "GET /nacos/v1/cs/health HTTP/1.1" 200 2 5
172.18.0.4 - - [12/Mar/2019:13:59:46 +0800] "GET /nacos/actuator/prometheus HTTP/1.1" 200 14782 21
172.18.0.3 - - [12/Mar/2019:13:59:50 +0800] "GET /nacos/v1/cs/health HTTP/1.1" 200 2 5
172.18.0.3 - - [12/Mar/2019:13:59:55 +0800] "GET /nacos/v1/cs/health HTTP/1.1" 200 2 4
172.18.0.3 - - [12/Mar/2019:14:00:00 +0800] "GET /nacos/v1/cs/health HTTP/1.1" 200 2 5
172.18.0.4 - - [12/Mar/2019:14:00:01 +0800] "GET /nacos/actuator/prometheus HTTP/1.1" 200 14785 14
172.18.0.3 - - [12/Mar/2019:14:00:05 +0800] "GET /nacos/v1/cs/health HTTP/1.1" 200 2 4
172.18.0.3 - - [12/Mar/2019:14:00:10 +0800] "GET /nacos/v1/cs/health HTTP/1.1" 200 2 17
172.18.0.3 - - [12/Mar/2019:14:00:15 +0800] "GET /nacos/v1/cs/health HTTP/1.1" 200 2 13
172.18.0.4 - - [12/Mar/2019:14:00:16 +0800] "GET /nacos/actuator/prometheus HTTP/1.1" 200 14783 21
172.18.0.1 - - [12/Mar/2019:14:00:18 +0800] "GET /nacos/v1/cs/configs?dataId=runcoding&group=DEFAULT_GROUP HTTP/1.1" 404 22 71
172.18.0.1 - - [12/Mar/2019:14:00:19 +0800] "POST /nacos/v1/cs/configs/listener HTTP/1.1" 200 - 41
172.18.0.3 - - [12/Mar/2019:14:00:20 +0800] "GET /nacos/v1/cs/health HTTP/1.1" 200 2 4
172.18.0.3 - - [12/Mar/2019:14:00:25 +0800] "GET /nacos/v1/cs/health HTTP/1.1" 200 2 8
172.18.0.3 - - [12/Mar/2019:14:00:30 +0800] "GET /nacos/v1/cs/health HTTP/1.1" 200 2 12
172.18.0.4 - - [12/Mar/2019:14:00:31 +0800] "GET /nacos/actuator/prometheus HTTP/1.1" 200 15582 27
172.18.0.3 - - [12/Mar/2019:14:00:35 +0800] "GET /nacos/v1/cs/health HTTP/1.1" 200 2 6
172.18.0.3 - - [12/Mar/2019:14:00:40 +0800] "GET /nacos/v1/cs/health HTTP/1.1" 200 2 3
172.18.0.3 - - [12/Mar/2019:14:00:45 +0800] "GET /nacos/v1/cs/health HTTP/1.1" 200 2 7
172.18.0.4 - - [12/Mar/2019:14:00:46 +0800] "GET /nacos/actuator/prometheus HTTP/1.1" 200 15580 16
172.18.0.1 - - [12/Mar/2019:14:00:48 +0800] "GET /nacos/v1/cs/configs?search=accurate&dataId=&group=&appName=&config_tags=&pageNo=1&pageSize=10&tenant=&namespaceId= HTTP/1.1" 200 - 15
172.18.0.1 - - [12/Mar/2019:14:00:48 +0800] "POST /nacos/v1/cs/configs/listener HTTP/1.1" 200 - 29508
172.18.0.1 - - [12/Mar/2019:14:00:49 +0800] "GET /nacos/v1/ns/catalog/serviceList?startPg=1&pgSize=10&keyword=&namespaceId= HTTP/1.1" 200 39 15
172.18.0.3 - - [12/Mar/2019:14:00:50 +0800] "GET /nacos/v1/cs/health HTTP/1.1" 200 2 6
172.18.0.1 - - [12/Mar/2019:14:00:51 +0800] "GET /nacos/v1/console/namespaces?namespaceId= HTTP/1.1" 200 130 31
172.18.0.1 - - [12/Mar/2019:14:00:52 +0800] "GET /nacos/v1/ns/catalog/serviceList?startPg=1&pgSize=10&keyword=&namespaceId= HTTP/1.1" 200 39 10
172.18.0.1 - - [12/Mar/2019:14:00:54 +0800] "GET /nacos/v1/console/namespaces?namespaceId= HTTP/1.1" 200 130 66
172.18.0.3 - - [12/Mar/2019:14:00:55 +0800] "GET /nacos/v1/cs/health HTTP/1.1" 200 2 7
172.18.0.1 - - [12/Mar/2019:14:00:55 +0800] "GET /nacos/v1/ns/catalog/serviceList?startPg=1&pgSize=10&keyword=&namespaceId= HTTP/1.1" 200 39 11
172.18.0.1 - - [12/Mar/2019:14:00:56 +0800] "GET /nacos/v1/console/namespaces?namespaceId= HTTP/1.1" 200 130 19
172.18.0.3 - - [12/Mar/2019:14:01:00 +0800] "GET /nacos/v1/cs/health HTTP/1.1" 200 2 7
172.18.0.4 - - [12/Mar/2019:14:01:01 +0800] "GET /nacos/actuator/prometheus HTTP/1.1" 200 15599 16
172.18.0.3 - - [12/Mar/2019:14:01:05 +0800] "GET /nacos/v1/cs/health HTTP/1.1" 200 2 6
172.18.0.3 - - [12/Mar/2019:14:01:10 +0800] "GET /nacos/v1/cs/health HTTP/1.1" 200 2 2
172.18.0.3 - - [12/Mar/2019:14:01:15 +0800] "GET /nacos/v1/cs/health HTTP/1.1" 200 2 9
172.18.0.4 - - [12/Mar/2019:14:01:16 +0800] "GET /nacos/actuator/prometheus HTTP/1.1" 200 15602 12
172.18.0.1 - - [12/Mar/2019:14:01:18 +0800] "POST /nacos/v1/cs/configs/listener HTTP/1.1" 200 - 29476
172.18.0.3 - - [12/Mar/2019:14:01:20 +0800] "GET /nacos/v1/cs/health HTTP/1.1" 200 2 5
172.18.0.3 - - [12/Mar/2019:14:01:25 +0800] "GET /nacos/v1/cs/health HTTP/1.1" 200 2 2
172.18.0.3 - - [12/Mar/2019:14:01:30 +0800] "GET /nacos/v1/cs/health HTTP/1.1" 200 2 5
172.18.0.4 - - [12/Mar/2019:14:01:31 +0800] "GET /nacos/actuator/prometheus HTTP/1.1" 200 15601 16
172.18.0.3 - - [12/Mar/2019:14:01:35 +0800] "GET /nacos/v1/cs/health HTTP/1.1" 200 2 3
172.18.0.3 - - [12/Mar/2019:14:01:40 +0800] "GET /nacos/v1/cs/health HTTP/1.1" 200 2 14
172.18.0.3 - - [12/Mar/2019:14:01:45 +0800] "GET /nacos/v1/cs/health HTTP/1.1" 200 2 15
172.18.0.4 - - [12/Mar/2019:14:01:46 +0800] "GET /nacos/actuator/prometheus HTTP/1.1" 200 15604 23
172.18.0.1 - - [12/Mar/2019:14:01:47 +0800] "POST /nacos/v1/cs/configs/listener HTTP/1.1" 200 - 29497
172.18.0.3 - - [12/Mar/2019:14:01:50 +0800] "GET /nacos/v1/cs/health HTTP/1.1" 200 2 4
172.18.0.3 - - [12/Mar/2019:14:01:55 +0800] "GET /nacos/v1/cs/health HTTP/1.1" 200 2 6
172.18.0.3 - - [12/Mar/2019:14:02:00 +0800] "GET /nacos/v1/cs/health HTTP/1.1" 200 2 9
172.18.0.4 - - [12/Mar/2019:14:02:01 +0800] "GET /nacos/actuator/prometheus HTTP/1.1" 200 15605 12
172.18.0.3 - - [12/Mar/2019:14:02:05 +0800] "GET /nacos/v1/cs/health HTTP/1.1" 200 2 2
172.18.0.3 - - [12/Mar/2019:14:02:10 +0800] "GET /nacos/v1/cs/health HTTP/1.1" 200 2 2
172.18.0.3 - - [12/Mar/2019:14:02:15 +0800] "GET /nacos/v1/cs/health HTTP/1.1" 200 2 2
172.18.0.4 - - [12/Mar/2019:14:02:16 +0800] "GET /nacos/actuator/prometheus HTTP/1.1" 200 15605 33
172.18.0.1 - - [12/Mar/2019:14:02:17 +0800] "POST /nacos/v1/cs/configs/listener HTTP/1.1" 200 - 29477
172.18.0.3 - - [12/Mar/2019:14:02:20 +0800] "GET /nacos/v1/cs/health HTTP/1.1" 200 2 6
172.18.0.3 - - [12/Mar/2019:14:02:25 +0800] "GET /nacos/v1/cs/health HTTP/1.1" 200 2 7
172.18.0.3 - - [12/Mar/2019:14:02:30 +0800] "GET /nacos/v1/cs/health HTTP/1.1" 200 2 6
172.18.0.4 - - [12/Mar/2019:14:02:31 +0800] "GET /nacos/actuator/prometheus HTTP/1.1" 200 15602 24
172.18.0.3 - - [12/Mar/2019:14:02:35 +0800] "GET /nacos/v1/cs/health HTTP/1.1" 200 2 3
172.18.0.3 - - [12/Mar/2019:14:02:40 +0800] "GET /nacos/v1/cs/health HTTP/1.1" 200 2 3
172.18.0.3 - - [12/Mar/2019:14:02:45 +0800] "GET /nacos/v1/cs/health HTTP/1.1" 200 2 4
172.18.0.4 - - [12/Mar/2019:14:02:46 +0800] "GET /nacos/actuator/prometheus HTTP/1.1" 200 15604 11
172.18.0.1 - - [12/Mar/2019:14:02:46 +0800] "POST /nacos/v1/cs/configs/listener HTTP/1.1" 200 - 29477
172.18.0.3 - - [12/Mar/2019:14:02:50 +0800] "GET /nacos/v1/cs/health HTTP/1.1" 200 2 2
172.18.0.3 - - [12/Mar/2019:14:02:55 +0800] "GET /nacos/v1/cs/health HTTP/1.1" 200 2 2
172.18.0.3 - - [12/Mar/2019:14:03:00 +0800] "GET /nacos/v1/cs/health HTTP/1.1" 200 2 3
172.18.0.4 - - [12/Mar/2019:14:03:01 +0800] "GET /nacos/actuator/prometheus HTTP/1.1" 200 15596 11
172.18.0.3 - - [12/Mar/2019:14:03:05 +0800] "GET /nacos/v1/cs/health HTTP/1.1" 200 2 6
172.18.0.3 - - [12/Mar/2019:14:03:10 +0800] "GET /nacos/v1/cs/health HTTP/1.1" 200 2 4
172.18.0.3 - - [12/Mar/2019:14:03:15 +0800] "GET /nacos/v1/cs/health HTTP/1.1" 200 2 8
172.18.0.1 - - [12/Mar/2019:14:03:16 +0800] "POST /nacos/v1/cs/configs/listener HTTP/1.1" 200 - 29476
172.18.0.4 - - [12/Mar/2019:14:03:16 +0800] "GET /nacos/actuator/prometheus HTTP/1.1" 200 15593 22
172.18.0.3 - - [12/Mar/2019:14:03:20 +0800] "GET /nacos/v1/cs/health HTTP/1.1" 200 2 1
172.18.0.3 - - [12/Mar/2019:14:03:25 +0800] "GET /nacos/v1/cs/health HTTP/1.1" 200 2 5
172.18.0.3 - - [12/Mar/2019:14:03:30 +0800] "GET /nacos/v1/cs/health HTTP/1.1" 200 2 7
172.18.0.4 - - [12/Mar/2019:14:03:31 +0800] "GET /nacos/actuator/prometheus HTTP/1.1" 200 15574 18
172.18.0.3 - - [12/Mar/2019:14:03:35 +0800] "GET /nacos/v1/cs/health HTTP/1.1" 200 2 2
172.18.0.3 - - [12/Mar/2019:14:03:40 +0800] "GET /nacos/v1/cs/health HTTP/1.1" 200 2 2
172.18.0.3 - - [12/Mar/2019:14:03:45 +0800] "GET /nacos/v1/cs/health HTTP/1.1" 200 2 2
172.18.0.1 - - [12/Mar/2019:14:03:45 +0800] "POST /nacos/v1/cs/configs/listener HTTP/1.1" 200 - 29478
172.18.0.4 - - [12/Mar/2019:14:03:46 +0800] "GET /nacos/actuator/prometheus HTTP/1.1" 200 15573 11
172.18.0.3 - - [12/Mar/2019:14:03:50 +0800] "GET /nacos/v1/cs/health HTTP/1.1" 200 2 2
172.18.0.3 - - [12/Mar/2019:14:03:55 +0800] "GET /nacos/v1/cs/health HTTP/1.1" 200 2 7
172.18.0.3 - - [12/Mar/2019:14:04:00 +0800] "GET /nacos/v1/cs/health HTTP/1.1" 200 2 3
172.18.0.4 - - [12/Mar/2019:14:04:01 +0800] "GET /nacos/actuator/prometheus HTTP/1.1" 200 15572 22
172.18.0.3 - - [12/Mar/2019:14:04:05 +0800] "GET /nacos/v1/cs/health HTTP/1.1" 200 2 7
172.18.0.3 - - [12/Mar/2019:14:04:10 +0800] "GET /nacos/v1/cs/health HTTP/1.1" 200 2 9
172.18.0.3 - - [12/Mar/2019:14:04:15 +0800] "GET /nacos/v1/cs/health HTTP/1.1" 200 2 3
172.18.0.1 - - [12/Mar/2019:14:04:15 +0800] "POST /nacos/v1/cs/configs/listener HTTP/1.1" 200 - 29475
172.18.0.4 - - [12/Mar/2019:14:04:16 +0800] "GET /nacos/actuator/prometheus HTTP/1.1" 200 15572 9
172.18.0.3 - - [12/Mar/2019:14:04:20 +0800] "GET /nacos/v1/cs/health HTTP/1.1" 200 2 26
172.18.0.3 - - [12/Mar/2019:14:04:25 +0800] "GET /nacos/v1/cs/health HTTP/1.1" 200 2 2
172.18.0.3 - - [12/Mar/2019:14:04:30 +0800] "GET /nacos/v1/cs/health HTTP/1.1" 200 2 2
172.18.0.4 - - [12/Mar/2019:14:04:31 +0800] "GET /nacos/actuator/prometheus HTTP/1.1" 200 15571 19
172.18.0.3 - - [12/Mar/2019:14:04:35 +0800] "GET /nacos/v1/cs/health HTTP/1.1" 200 2 8
172.18.0.3 - - [12/Mar/2019:14:04:39 +0800] "GET /nacos/v1/cs/health HTTP/1.1" 200 2 2
172.18.0.1 - - [12/Mar/2019:14:04:44 +0800] "POST /nacos/v1/cs/configs/listener HTTP/1.1" 200 - 29478
172.18.0.3 - - [12/Mar/2019:14:04:44 +0800] "GET /nacos/v1/cs/health HTTP/1.1" 200 2 7
172.18.0.4 - - [12/Mar/2019:14:04:46 +0800] "GET /nacos/actuator/prometheus HTTP/1.1" 200 15572 9
172.18.0.3 - - [12/Mar/2019:14:04:49 +0800] "GET /nacos/v1/cs/health HTTP/1.1" 200 2 5
172.18.0.1 - - [12/Mar/2019:14:04:53 +0800] "POST /nacos/v1/cs/configs?dataId=runcoding&group=DEFAULT_GROUP&content=useLocalCache=true HTTP/1.1" 200 14 226
172.18.0.3 - - [12/Mar/2019:14:04:53 +0800] "GET /nacos/v1/cs/communication/dataChange?dataId=runcoding&group=DEFAULT_GROUP HTTP/1.1" 200 14 22
172.18.0.1 - - [12/Mar/2019:14:04:53 +0800] "POST /nacos/v1/cs/configs/listener HTTP/1.1" 200 29 9120
172.18.0.1 - - [12/Mar/2019:14:04:53 +0800] "GET /nacos/v1/cs/configs?dataId=runcoding&group=DEFAULT_GROUP HTTP/1.1" 200 29 62
172.18.0.3 - - [12/Mar/2019:14:04:54 +0800] "GET /nacos/v1/cs/health HTTP/1.1" 200 2 3
172.18.0.3 - - [12/Mar/2019:14:04:59 +0800] "GET /nacos/v1/cs/health HTTP/1.1" 200 2 3
172.18.0.4 - - [12/Mar/2019:14:05:01 +0800] "GET /nacos/actuator/prometheus HTTP/1.1" 200 16713 48
172.18.0.3 - - [12/Mar/2019:14:05:05 +0800] "GET /nacos/v1/cs/health HTTP/1.1" 200 2 16
172.18.0.1 - - [12/Mar/2019:14:05:07 +0800] "GET /nacos/v1/cs/configs?search=accurate&dataId=&group=&appName=&config_tags=&pageNo=1&pageSize=10&tenant=&namespaceId= HTTP/1.1" 200 196 119
172.18.0.3 - - [12/Mar/2019:14:05:09 +0800] "GET /nacos/v1/cs/health HTTP/1.1" 200 2 6
172.18.0.1 - - [12/Mar/2019:14:05:13 +0800] "GET /nacos/v1/cs/configs?search=accurate&dataId=&group=&appName=&config_tags=&pageNo=1&pageSize=10&tenant=&namespaceId= HTTP/1.1" 200 196 19
172.18.0.3 - - [12/Mar/2019:14:05:14 +0800] "GET /nacos/v1/cs/health HTTP/1.1" 200 2 5
172.18.0.4 - - [12/Mar/2019:14:05:16 +0800] "GET /nacos/actuator/prometheus HTTP/1.1" 200 16715 13
172.18.0.1 - - [12/Mar/2019:14:05:18 +0800] "GET /nacos/v1/cs/configs?show=all&dataId=runcoding&group=DEFAULT_GROUP&tenant=&namespaceId= HTTP/1.1" 200 339 207
172.18.0.3 - - [12/Mar/2019:14:05:19 +0800] "GET /nacos/v1/cs/health HTTP/1.1" 200 2 9
172.18.0.1 - - [12/Mar/2019:14:05:23 +0800] "POST /nacos/v1/cs/configs/listener HTTP/1.1" 200 - 29475
172.18.0.3 - - [12/Mar/2019:14:05:24 +0800] "GET /nacos/v1/cs/health HTTP/1.1" 200 2 4
172.18.0.3 - - [12/Mar/2019:14:05:29 +0800] "GET /nacos/v1/cs/health HTTP/1.1" 200 2 4
172.18.0.1 - - [12/Mar/2019:14:05:30 +0800] "GET /nacos/v1/cs/configs?search=accurate&dataId=&group=&appName=&config_tags=&pageNo=1&pageSize=10&tenant=&namespaceId= HTTP/1.1" 200 196 18
172.18.0.4 - - [12/Mar/2019:14:05:31 +0800] "GET /nacos/actuator/prometheus HTTP/1.1" 200 16716 14
172.18.0.3 - - [12/Mar/2019:14:05:34 +0800] "GET /nacos/v1/cs/health HTTP/1.1" 200 2 5
172.18.0.3 - - [12/Mar/2019:14:05:39 +0800] "GET /nacos/v1/cs/health HTTP/1.1" 200 2 5
172.18.0.3 - - [12/Mar/2019:14:05:44 +0800] "GET /nacos/v1/cs/health HTTP/1.1" 200 2 5
172.18.0.4 - - [12/Mar/2019:14:05:46 +0800] "GET /nacos/actuator/prometheus HTTP/1.1" 200 16717 24
172.18.0.1 - - [12/Mar/2019:14:05:46 +0800] "GET /nacos/v1/cs/configs?search=accurate&dataId=&group=&appName=&config_tags=&pageNo=1&pageSize=10&tenant=&namespaceId= HTTP/1.1" 200 196 19
172.18.0.3 - - [12/Mar/2019:14:05:49 +0800] "GET /nacos/v1/cs/health HTTP/1.1" 200 2 6
172.18.0.1 - - [12/Mar/2019:14:05:52 +0800] "POST /nacos/v1/cs/configs/listener HTTP/1.1" 200 - 29478
172.18.0.1 - - [12/Mar/2019:14:05:54 +0800] "GET /nacos/v1/cs/configs?search=accurate&dataId=&group=&appName=&config_tags=&pageNo=1&pageSize=10&tenant=&namespaceId= HTTP/1.1" 200 196 19
172.18.0.3 - - [12/Mar/2019:14:05:54 +0800] "GET /nacos/v1/cs/health HTTP/1.1" 200 2 13
172.18.0.1 - - [12/Mar/2019:14:05:58 +0800] "DELETE /nacos/v1/cs/configs?dataId=runcoding&group=DEFAULT_GROUP&tenant= HTTP/1.1" 200 14 160
172.18.0.3 - - [12/Mar/2019:14:05:58 +0800] "GET /nacos/v1/cs/communication/dataChange?dataId=runcoding&group=DEFAULT_GROUP HTTP/1.1" 200 14 24
172.18.0.1 - - [12/Mar/2019:14:05:58 +0800] "POST /nacos/v1/cs/configs/listener HTTP/1.1" 200 29 5816
172.18.0.1 - - [12/Mar/2019:14:05:58 +0800] "GET /nacos/v1/cs/configs?dataId=runcoding&group=DEFAULT_GROUP HTTP/1.1" 404 22 31
172.18.0.1 - - [12/Mar/2019:14:05:58 +0800] "GET /nacos/v1/cs/configs?search=accurate&dataId=&group=&appName=&config_tags=&pageNo=1&pageSize=10&tenant=&namespaceId= HTTP/1.1" 200 - 44
172.18.0.3 - - [12/Mar/2019:14:05:59 +0800] "GET /nacos/v1/cs/health HTTP/1.1" 200 2 3
172.18.0.4 - - [12/Mar/2019:14:06:01 +0800] "GET /nacos/actuator/prometheus HTTP/1.1" 200 17109 21
172.18.0.3 - - [12/Mar/2019:14:06:04 +0800] "GET /nacos/v1/cs/health HTTP/1.1" 200 2 7
172.18.0.3 - - [12/Mar/2019:14:06:09 +0800] "GET /nacos/v1/cs/health HTTP/1.1" 200 2 7
172.18.0.3 - - [12/Mar/2019:14:06:10 +0800] "GET /nacos/v1/cs/communication/dataChange?dataId=runcoding&group=DEFAULT_GROUP HTTP/1.1" 200 14 5
172.18.0.1 - - [12/Mar/2019:14:06:10 +0800] "POST /nacos/v1/cs/configs?dataId=runcoding&group=DEFAULT_GROUP&content=useLocalCache=true HTTP/1.1" 200 14 60
172.18.0.1 - - [12/Mar/2019:14:06:10 +0800] "POST /nacos/v1/cs/configs/listener HTTP/1.1" 200 29 11445
172.18.0.1 - - [12/Mar/2019:14:06:10 +0800] "GET /nacos/v1/cs/configs?dataId=runcoding&group=DEFAULT_GROUP HTTP/1.1" 200 29 38
172.18.0.1 - - [12/Mar/2019:14:06:13 +0800] "GET /nacos/v1/cs/configs?search=accurate&dataId=&group=&appName=&config_tags=&pageNo=1&pageSize=10&tenant=&namespaceId= HTTP/1.1" 200 196 20
172.18.0.3 - - [12/Mar/2019:14:06:14 +0800] "GET /nacos/v1/cs/health HTTP/1.1" 200 2 3
172.18.0.4 - - [12/Mar/2019:14:06:16 +0800] "GET /nacos/actuator/prometheus HTTP/1.1" 200 17108 21
172.18.0.3 - - [12/Mar/2019:14:06:19 +0800] "GET /nacos/v1/cs/health HTTP/1.1" 200 2 4
172.18.0.3 - - [12/Mar/2019:14:06:24 +0800] "GET /nacos/v1/cs/health HTTP/1.1" 200 2 8
172.18.0.3 - - [12/Mar/2019:14:06:29 +0800] "GET /nacos/v1/cs/health HTTP/1.1" 200 2 2
172.18.0.4 - - [12/Mar/2019:14:06:31 +0800] "GET /nacos/actuator/prometheus HTTP/1.1" 200 17110 18
172.18.0.3 - - [12/Mar/2019:14:06:34 +0800] "GET /nacos/v1/cs/health HTTP/1.1" 200 2 3
172.18.0.1 - - [12/Mar/2019:14:06:39 +0800] "POST /nacos/v1/cs/configs/listener HTTP/1.1" 200 - 29475
172.18.0.3 - - [12/Mar/2019:14:06:39 +0800] "GET /nacos/v1/cs/health HTTP/1.1" 200 2 2
172.18.0.3 - - [12/Mar/2019:14:06:44 +0800] "GET /nacos/v1/cs/health HTTP/1.1" 200 2 3
172.18.0.4 - - [12/Mar/2019:14:06:46 +0800] "GET /nacos/actuator/prometheus HTTP/1.1" 200 17110 11
172.18.0.3 - - [12/Mar/2019:14:06:49 +0800] "GET /nacos/v1/cs/health HTTP/1.1" 200 2 3
172.18.0.1 - - [12/Mar/2019:14:06:54 +0800] "GET /nacos/v1/cs/history?search=accurate&dataId=runcoding&group=DEFAULT_GROUP&&pageNo=1&pageSize=10&tenant=&namespaceId= HTTP/1.1" 200 886 287
172.18.0.3 - - [12/Mar/2019:14:06:54 +0800] "GET /nacos/v1/cs/health HTTP/1.1" 200 2 12
172.18.0.1 - - [12/Mar/2019:14:06:59 +0800] "GET /nacos/v1/cs/configs?search=accurate&dataId=&group=&appName=&config_tags=&pageNo=1&pageSize=10&tenant=&namespaceId= HTTP/1.1" 200 196 78
172.18.0.3 - - [12/Mar/2019:14:06:59 +0800] "GET /nacos/v1/cs/health HTTP/1.1" 200 2 3
172.18.0.4 - - [12/Mar/2019:14:07:01 +0800] "GET /nacos/actuator/prometheus HTTP/1.1" 200 17488 22
172.18.0.3 - - [12/Mar/2019:14:07:02 +0800] "GET /nacos/v1/cs/communication/configWatchers?&dataId=runcoding&group=DEFAULT_GROUP HTTP/1.1" 200 88 222
172.18.0.1 - - [12/Mar/2019:14:07:03 +0800] "GET /nacos/v1/cs/configs/listener?dataId=runcoding&group=DEFAULT_GROUP&tenant=&namespaceId= HTTP/1.1" 200 61 1047
172.18.0.3 - - [12/Mar/2019:14:07:04 +0800] "GET /nacos/v1/cs/health HTTP/1.1" 200 2 6
172.18.0.3 - - [12/Mar/2019:14:07:07 +0800] "GET /nacos/v1/cs/communication/configWatchers?&dataId=runcoding&group=DEFAULT_GROUP HTTP/1.1" 200 88 217
172.18.0.1 - - [12/Mar/2019:14:07:07 +0800] "GET /nacos/v1/cs/configs/listener?dataId=runcoding&group=DEFAULT_GROUP&tenant=&namespaceId= HTTP/1.1" 200 108 242
172.18.0.3 - - [12/Mar/2019:14:07:08 +0800] "GET /nacos/v1/cs/communication/configWatchers?&dataId=runcoding&group=DEFAULT_GROUP HTTP/1.1" 200 88 212
172.18.0.1 - - [12/Mar/2019:14:07:08 +0800] "GET /nacos/v1/cs/configs/listener?dataId=runcoding&group=DEFAULT_GROUP&tenant=&namespaceId= HTTP/1.1" 200 108 227
172.18.0.1 - - [12/Mar/2019:14:07:09 +0800] "POST /nacos/v1/cs/configs/listener HTTP/1.1" 200 - 29509
172.18.0.3 - - [12/Mar/2019:14:07:09 +0800] "GET /nacos/v1/cs/health HTTP/1.1" 200 2 7
172.18.0.3 - - [12/Mar/2019:14:07:14 +0800] "GET /nacos/v1/cs/health HTTP/1.1" 200 2 4
172.18.0.4 - - [12/Mar/2019:14:07:16 +0800] "GET /nacos/actuator/prometheus HTTP/1.1" 200 18330 18
172.18.0.3 - - [12/Mar/2019:14:07:19 +0800] "GET /nacos/v1/cs/health HTTP/1.1" 200 2 5
172.18.0.1 - - [12/Mar/2019:14:07:20 +0800] "GET /nacos/v1/cs/configs?search=accurate&dataId=&group=&appName=&config_tags=&pageNo=1&pageSize=10&tenant=&namespaceId= HTTP/1.1" 200 196 19
172.18.0.1 - - [12/Mar/2019:14:07:24 +0800] "GET /nacos/v1/cs/history?search=accurate&dataId=runcoding&group=DEFAULT_GROUP&&pageNo=1&pageSize=10&tenant=&namespaceId= HTTP/1.1" 200 886 21
172.18.0.3 - - [12/Mar/2019:14:07:24 +0800] "GET /nacos/v1/cs/health HTTP/1.1" 200 2 1
172.18.0.1 - - [12/Mar/2019:14:07:26 +0800] "GET /nacos/v1/cs/history?search=accurate&dataId=runcoding&group=DEFAULT_GROUP&&pageNo=1&pageSize=10&tenant=&namespaceId= HTTP/1.1" 200 886 19
172.18.0.3 - - [12/Mar/2019:14:07:29 +0800] "GET /nacos/v1/cs/health HTTP/1.1" 200 2 4
172.18.0.4 - - [12/Mar/2019:14:07:31 +0800] "GET /nacos/actuator/prometheus HTTP/1.1" 200 18330 14
172.18.0.3 - - [12/Mar/2019:14:07:34 +0800] "GET /nacos/v1/cs/health HTTP/1.1" 200 2 4
172.18.0.1 - - [12/Mar/2019:14:07:38 +0800] "POST /nacos/v1/cs/configs/listener HTTP/1.1" 200 - 29472
172.18.0.3 - - [12/Mar/2019:14:07:39 +0800] "GET /nacos/v1/cs/health HTTP/1.1" 200 2 2
172.18.0.1 - - [12/Mar/2019:14:07:42 +0800] "GET /nacos/v1/ns/catalog/serviceList?startPg=1&pgSize=10&keyword=&namespaceId= HTTP/1.1" 200 39 7
172.18.0.3 - - [12/Mar/2019:14:07:44 +0800] "GET /nacos/v1/cs/health HTTP/1.1" 200 2 3
172.18.0.4 - - [12/Mar/2019:14:07:46 +0800] "GET /nacos/actuator/prometheus HTTP/1.1" 200 18334 9
172.18.0.1 - - [12/Mar/2019:14:07:47 +0800] "GET /nacos/v1/ns/catalog/serviceList?startPg=1&pgSize=10&keyword=&namespaceId= HTTP/1.1" 200 39 7
172.18.0.3 - - [12/Mar/2019:14:07:49 +0800] "GET /nacos/v1/cs/health HTTP/1.1" 200 2 3
172.18.0.1 - - [12/Mar/2019:14:07:52 +0800] "GET /nacos/v1/ns/catalog/serviceList?startPg=1&pgSize=10&keyword=Public&namespaceId= HTTP/1.1" 200 39 4
172.18.0.1 - - [12/Mar/2019:14:07:53 +0800] "GET /nacos/v1/ns/catalog/serviceList?startPg=1&pgSize=10&keyword=Public&namespaceId= HTTP/1.1" 200 39 5
172.18.0.3 - - [12/Mar/2019:14:07:54 +0800] "GET /nacos/v1/cs/health HTTP/1.1" 200 2 5
172.18.0.1 - - [12/Mar/2019:14:07:57 +0800] "GET /nacos/v1/ns/catalog/serviceList?startPg=1&pgSize=10&keyword=runcoding&namespaceId= HTTP/1.1" 200 39 11
172.18.0.1 - - [12/Mar/2019:14:07:58 +0800] "GET /nacos/v1/ns/catalog/serviceList?startPg=1&pgSize=10&keyword=runcoding&namespaceId= HTTP/1.1" 200 39 9
172.18.0.1 - - [12/Mar/2019:14:07:58 +0800] "GET /nacos/v1/ns/catalog/serviceList?startPg=1&pgSize=10&keyword=runcoding&namespaceId= HTTP/1.1" 200 39 3
172.18.0.1 - - [12/Mar/2019:14:07:59 +0800] "GET /nacos/v1/ns/catalog/serviceList?startPg=1&pgSize=10&keyword=runcoding&namespaceId= HTTP/1.1" 200 39 4
172.18.0.1 - - [12/Mar/2019:14:07:59 +0800] "GET /nacos/v1/ns/catalog/serviceList?startPg=1&pgSize=10&keyword=runcoding&namespaceId= HTTP/1.1" 200 39 3
172.18.0.1 - - [12/Mar/2019:14:07:59 +0800] "GET /nacos/v1/ns/catalog/serviceList?startPg=1&pgSize=10&keyword=runcoding&namespaceId= HTTP/1.1" 200 39 7
172.18.0.3 - - [12/Mar/2019:14:07:59 +0800] "GET /nacos/v1/cs/health HTTP/1.1" 200 2 5
172.18.0.1 - - [12/Mar/2019:14:07:59 +0800] "GET /nacos/v1/ns/catalog/serviceList?startPg=1&pgSize=10&keyword=runcoding&namespaceId= HTTP/1.1" 200 39 23
172.18.0.4 - - [12/Mar/2019:14:08:01 +0800] "GET /nacos/actuator/prometheus HTTP/1.1" 200 18333 9
172.18.0.1 - - [12/Mar/2019:14:08:01 +0800] "GET /nacos/v1/console/namespaces?namespaceId= HTTP/1.1" 200 130 16
172.18.0.3 - - [12/Mar/2019:14:08:04 +0800] "GET /nacos/v1/cs/health HTTP/1.1" 200 2 2
172.18.0.1 - - [12/Mar/2019:14:08:08 +0800] "POST /nacos/v1/cs/configs/listener HTTP/1.1" 200 - 29475
172.18.0.3 - - [12/Mar/2019:14:08:09 +0800] "GET /nacos/v1/cs/health HTTP/1.1" 200 2 2
172.18.0.1 - - [12/Mar/2019:14:08:13 +0800] "GET /nacos/v1/console/namespaces?show=all&namespaceId= HTTP/1.1" 200 128 32
172.18.0.3 - - [12/Mar/2019:14:08:14 +0800] "GET /nacos/v1/cs/health HTTP/1.1" 200 2 3
172.18.0.4 - - [12/Mar/2019:14:08:16 +0800] "GET /nacos/actuator/prometheus HTTP/1.1" 200 18341 7
172.18.0.3 - - [12/Mar/2019:14:08:19 +0800] "GET /nacos/v1/cs/health HTTP/1.1" 200 2 5
172.18.0.3 - - [12/Mar/2019:14:08:24 +0800] "GET /nacos/v1/cs/health HTTP/1.1" 200 2 2
172.18.0.3 - - [12/Mar/2019:14:08:29 +0800] "GET /nacos/v1/cs/health HTTP/1.1" 200 2 1
172.18.0.4 - - [12/Mar/2019:14:08:31 +0800] "GET /nacos/actuator/prometheus HTTP/1.1" 200 18333 17
172.18.0.3 - - [12/Mar/2019:14:08:34 +0800] "GET /nacos/v1/cs/health HTTP/1.1" 200 2 2
172.18.0.1 - - [12/Mar/2019:14:08:37 +0800] "POST /nacos/v1/cs/configs/listener HTTP/1.1" 200 - 29476
172.18.0.3 - - [12/Mar/2019:14:08:39 +0800] "GET /nacos/v1/cs/health HTTP/1.1" 200 2 2
172.18.0.3 - - [12/Mar/2019:14:08:44 +0800] "GET /nacos/v1/cs/health HTTP/1.1" 200 2 2
172.18.0.4 - - [12/Mar/2019:14:08:46 +0800] "GET /nacos/actuator/prometheus HTTP/1.1" 200 18332 11
172.18.0.3 - - [12/Mar/2019:14:08:49 +0800] "GET /nacos/v1/cs/health HTTP/1.1" 200 2 3
172.18.0.3 - - [12/Mar/2019:14:08:54 +0800] "GET /nacos/v1/cs/health HTTP/1.1" 200 2 1
172.18.0.3 - - [12/Mar/2019:14:08:59 +0800] "GET /nacos/v1/cs/health HTTP/1.1" 200 2 4
172.18.0.4 - - [12/Mar/2019:14:09:01 +0800] "GET /nacos/actuator/prometheus HTTP/1.1" 200 18311 9
172.18.0.3 - - [12/Mar/2019:14:09:04 +0800] "GET /nacos/v1/cs/health HTTP/1.1" 200 2 3
172.18.0.1 - - [12/Mar/2019:14:09:07 +0800] "POST /nacos/v1/cs/configs/listener HTTP/1.1" 200 - 29477
172.18.0.3 - - [12/Mar/2019:14:09:09 +0800] "GET /nacos/v1/cs/health HTTP/1.1" 200 2 2
172.18.0.3 - - [12/Mar/2019:14:09:14 +0800] "GET /nacos/v1/cs/health HTTP/1.1" 200 2 5
172.18.0.4 - - [12/Mar/2019:14:09:15 +0800] "GET /nacos/actuator/prometheus HTTP/1.1" 200 18311 15
172.18.0.3 - - [12/Mar/2019:14:09:19 +0800] "GET /nacos/v1/cs/health HTTP/1.1" 200 2 2
172.18.0.3 - - [12/Mar/2019:14:09:24 +0800] "GET /nacos/v1/cs/health HTTP/1.1" 200 2 3
172.18.0.3 - - [12/Mar/2019:14:09:29 +0800] "GET /nacos/v1/cs/health HTTP/1.1" 200 2 4
172.18.0.4 - - [12/Mar/2019:14:09:30 +0800] "GET /nacos/actuator/prometheus HTTP/1.1" 200 18309 12
172.18.0.3 - - [12/Mar/2019:14:09:34 +0800] "GET /nacos/v1/cs/health HTTP/1.1" 200 2 6
172.18.0.1 - - [12/Mar/2019:14:09:36 +0800] "POST /nacos/v1/cs/configs/listener HTTP/1.1" 200 - 29474
