172.18.0.3 - - [12/Mar/2019:14:39:48 +0800] "GET /nacos/v1/cs/health HTTP/1.1" 200 2 2
172.18.0.3 - - [12/Mar/2019:14:39:53 +0800] "GET /nacos/v1/cs/health HTTP/1.1" 200 2 2
172.18.0.3 - - [12/Mar/2019:14:39:58 +0800] "GET /nacos/v1/cs/health HTTP/1.1" 200 2 2
172.18.0.4 - - [12/Mar/2019:14:39:58 +0800] "GET /nacos/actuator/prometheus HTTP/1.1" 200 19089 7
172.18.0.3 - - [12/Mar/2019:14:40:03 +0800] "GET /nacos/v1/cs/health HTTP/1.1" 200 2 2
172.18.0.3 - - [12/Mar/2019:14:40:08 +0800] "GET /nacos/v1/cs/health HTTP/1.1" 200 2 1
172.18.0.3 - - [12/Mar/2019:14:40:13 +0800] "GET /nacos/v1/cs/health HTTP/1.1" 200 2 1
172.18.0.4 - - [12/Mar/2019:14:40:13 +0800] "GET /nacos/actuator/prometheus HTTP/1.1" 200 19085 117
172.18.0.3 - - [12/Mar/2019:14:40:18 +0800] "GET /nacos/v1/cs/health HTTP/1.1" 200 2 3
172.18.0.3 - - [12/Mar/2019:14:40:23 +0800] "GET /nacos/v1/cs/health HTTP/1.1" 200 2 9
172.18.0.3 - - [12/Mar/2019:14:40:28 +0800] "GET /nacos/v1/cs/health HTTP/1.1" 200 2 2
172.18.0.4 - - [12/Mar/2019:14:40:28 +0800] "GET /nacos/actuator/prometheus HTTP/1.1" 200 19087 11
172.18.0.3 - - [12/Mar/2019:14:40:33 +0800] "GET /nacos/v1/cs/health HTTP/1.1" 200 2 1
172.18.0.3 - - [12/Mar/2019:14:40:38 +0800] "GET /nacos/v1/cs/health HTTP/1.1" 200 2 1
172.18.0.3 - - [12/Mar/2019:14:40:43 +0800] "GET /nacos/v1/cs/health HTTP/1.1" 200 2 5
172.18.0.4 - - [12/Mar/2019:14:40:43 +0800] "GET /nacos/actuator/prometheus HTTP/1.1" 200 19088 8
172.18.0.3 - - [12/Mar/2019:14:40:48 +0800] "GET /nacos/v1/cs/health HTTP/1.1" 200 2 2
172.18.0.3 - - [12/Mar/2019:14:40:53 +0800] "GET /nacos/v1/cs/health HTTP/1.1" 200 2 1
172.18.0.3 - - [12/Mar/2019:14:40:58 +0800] "GET /nacos/v1/cs/health HTTP/1.1" 200 2 1
172.18.0.4 - - [12/Mar/2019:14:40:58 +0800] "GET /nacos/actuator/prometheus HTTP/1.1" 200 19087 8
172.18.0.3 - - [12/Mar/2019:14:41:03 +0800] "GET /nacos/v1/cs/health HTTP/1.1" 200 2 1
172.18.0.3 - - [12/Mar/2019:14:41:08 +0800] "GET /nacos/v1/cs/health HTTP/1.1" 200 2 2
172.18.0.3 - - [12/Mar/2019:14:41:13 +0800] "GET /nacos/v1/cs/health HTTP/1.1" 200 2 5
172.18.0.4 - - [12/Mar/2019:14:41:13 +0800] "GET /nacos/actuator/prometheus HTTP/1.1" 200 19088 7
172.18.0.3 - - [12/Mar/2019:14:41:18 +0800] "GET /nacos/v1/cs/health HTTP/1.1" 200 2 2
172.18.0.3 - - [12/Mar/2019:14:41:23 +0800] "GET /nacos/v1/cs/health HTTP/1.1" 200 2 3
172.18.0.3 - - [12/Mar/2019:14:41:28 +0800] "GET /nacos/v1/cs/health HTTP/1.1" 200 2 3
172.18.0.4 - - [12/Mar/2019:14:41:28 +0800] "GET /nacos/actuator/prometheus HTTP/1.1" 200 19088 7
172.18.0.3 - - [12/Mar/2019:14:41:33 +0800] "GET /nacos/v1/cs/health HTTP/1.1" 200 2 3
172.18.0.3 - - [12/Mar/2019:14:41:38 +0800] "GET /nacos/v1/cs/health HTTP/1.1" 200 2 69
172.18.0.3 - - [12/Mar/2019:14:41:43 +0800] "GET /nacos/v1/cs/health HTTP/1.1" 200 2 22
172.18.0.4 - - [12/Mar/2019:14:41:43 +0800] "GET /nacos/actuator/prometheus HTTP/1.1" 200 19090 32
172.18.0.3 - - [12/Mar/2019:14:41:48 +0800] "GET /nacos/v1/cs/health HTTP/1.1" 200 2 2
172.18.0.3 - - [12/Mar/2019:14:41:53 +0800] "GET /nacos/v1/cs/health HTTP/1.1" 200 2 9
172.18.0.3 - - [12/Mar/2019:14:41:58 +0800] "GET /nacos/v1/cs/health HTTP/1.1" 200 2 4
172.18.0.4 - - [12/Mar/2019:14:41:58 +0800] "GET /nacos/actuator/prometheus HTTP/1.1" 200 19092 9
172.18.0.3 - - [12/Mar/2019:14:42:03 +0800] "GET /nacos/v1/cs/health HTTP/1.1" 200 2 2
172.18.0.3 - - [12/Mar/2019:14:42:08 +0800] "GET /nacos/v1/cs/health HTTP/1.1" 200 2 3
172.18.0.3 - - [12/Mar/2019:14:42:13 +0800] "GET /nacos/v1/cs/health HTTP/1.1" 200 2 10
172.18.0.4 - - [12/Mar/2019:14:42:13 +0800] "GET /nacos/actuator/prometheus HTTP/1.1" 200 19094 19
172.18.0.3 - - [12/Mar/2019:14:42:18 +0800] "GET /nacos/v1/cs/health HTTP/1.1" 200 2 2
172.18.0.3 - - [12/Mar/2019:14:42:23 +0800] "GET /nacos/v1/cs/health HTTP/1.1" 200 2 6
172.18.0.3 - - [12/Mar/2019:14:42:28 +0800] "GET /nacos/v1/cs/health HTTP/1.1" 200 2 4
172.18.0.4 - - [12/Mar/2019:14:42:28 +0800] "GET /nacos/actuator/prometheus HTTP/1.1" 200 19094 6
172.18.0.3 - - [12/Mar/2019:14:42:33 +0800] "GET /nacos/v1/cs/health HTTP/1.1" 200 2 7
172.18.0.3 - - [12/Mar/2019:14:42:38 +0800] "GET /nacos/v1/cs/health HTTP/1.1" 200 2 2
172.18.0.3 - - [12/Mar/2019:14:42:43 +0800] "GET /nacos/v1/cs/health HTTP/1.1" 200 2 2
172.18.0.4 - - [12/Mar/2019:14:42:43 +0800] "GET /nacos/actuator/prometheus HTTP/1.1" 200 19093 13
172.18.0.3 - - [12/Mar/2019:14:42:48 +0800] "GET /nacos/v1/cs/health HTTP/1.1" 200 2 7
172.18.0.3 - - [12/Mar/2019:14:42:53 +0800] "GET /nacos/v1/cs/health HTTP/1.1" 200 2 6
172.18.0.3 - - [12/Mar/2019:14:42:58 +0800] "GET /nacos/v1/cs/health HTTP/1.1" 200 2 10
172.18.0.4 - - [12/Mar/2019:14:42:58 +0800] "GET /nacos/actuator/prometheus HTTP/1.1" 200 19094 16
172.18.0.3 - - [12/Mar/2019:14:43:03 +0800] "GET /nacos/v1/cs/health HTTP/1.1" 200 2 2
172.18.0.3 - - [12/Mar/2019:14:43:08 +0800] "GET /nacos/v1/cs/health HTTP/1.1" 200 2 3
172.18.0.3 - - [12/Mar/2019:14:43:13 +0800] "GET /nacos/v1/cs/health HTTP/1.1" 200 2 5
172.18.0.4 - - [12/Mar/2019:14:43:13 +0800] "GET /nacos/actuator/prometheus HTTP/1.1" 200 19094 14
172.18.0.3 - - [12/Mar/2019:14:43:18 +0800] "GET /nacos/v1/cs/health HTTP/1.1" 200 2 4
172.18.0.3 - - [12/Mar/2019:14:43:23 +0800] "GET /nacos/v1/cs/health HTTP/1.1" 200 2 9
172.18.0.3 - - [12/Mar/2019:14:43:28 +0800] "GET /nacos/v1/cs/health HTTP/1.1" 200 2 8
172.18.0.4 - - [12/Mar/2019:14:43:28 +0800] "GET /nacos/actuator/prometheus HTTP/1.1" 200 19091 37
172.18.0.3 - - [12/Mar/2019:14:43:33 +0800] "GET /nacos/v1/cs/health HTTP/1.1" 200 2 14
172.18.0.3 - - [12/Mar/2019:14:43:38 +0800] "GET /nacos/v1/cs/health HTTP/1.1" 200 2 3
172.18.0.1 - - [12/Mar/2019:14:43:41 +0800] "GET /nacos/v1/cs/configs?dataId=runcoding.properties&group=DEFAULT_GROUP HTTP/1.1" 404 22 10
172.18.0.4 - - [12/Mar/2019:14:43:43 +0800] "GET /nacos/actuator/prometheus HTTP/1.1" 200 19098 23
172.18.0.3 - - [12/Mar/2019:14:43:43 +0800] "GET /nacos/v1/cs/health HTTP/1.1" 200 2 4
172.18.0.1 - - [12/Mar/2019:14:43:45 +0800] "POST /nacos/v1/cs/configs/listener HTTP/1.1" 200 - 12
172.18.0.3 - - [12/Mar/2019:14:43:48 +0800] "GET /nacos/v1/cs/health HTTP/1.1" 200 2 3
172.18.0.3 - - [12/Mar/2019:14:43:53 +0800] "GET /nacos/v1/cs/health HTTP/1.1" 200 2 2
172.18.0.4 - - [12/Mar/2019:14:43:58 +0800] "GET /nacos/actuator/prometheus HTTP/1.1" 200 19106 27
172.18.0.3 - - [12/Mar/2019:14:43:58 +0800] "GET /nacos/v1/cs/health HTTP/1.1" 200 2 3
172.18.0.3 - - [12/Mar/2019:14:44:03 +0800] "GET /nacos/v1/cs/health HTTP/1.1" 200 2 9
172.18.0.1 - - [12/Mar/2019:14:44:04 +0800] "GET /nacos/v1/cs/configs?dataId=runcoding.properties&group=DEFAULT_GROUP HTTP/1.1" 404 22 11
172.18.0.1 - - [12/Mar/2019:14:44:07 +0800] "POST /nacos/v1/cs/configs/listener HTTP/1.1" 200 - 6
172.18.0.3 - - [12/Mar/2019:14:44:08 +0800] "GET /nacos/v1/cs/health HTTP/1.1" 200 2 8
172.18.0.4 - - [12/Mar/2019:14:44:13 +0800] "GET /nacos/actuator/prometheus HTTP/1.1" 200 19104 17
172.18.0.3 - - [12/Mar/2019:14:44:13 +0800] "GET /nacos/v1/cs/health HTTP/1.1" 200 2 2
172.18.0.1 - - [12/Mar/2019:14:44:15 +0800] "POST /nacos/v1/cs/configs/listener HTTP/1.1" 200 - 29481
172.18.0.3 - - [12/Mar/2019:14:44:18 +0800] "GET /nacos/v1/cs/health HTTP/1.1" 200 2 1
172.18.0.3 - - [12/Mar/2019:14:44:23 +0800] "GET /nacos/v1/cs/health HTTP/1.1" 200 2 2
172.18.0.4 - - [12/Mar/2019:14:44:28 +0800] "GET /nacos/actuator/prometheus HTTP/1.1" 200 19104 19
172.18.0.3 - - [12/Mar/2019:14:44:28 +0800] "GET /nacos/v1/cs/health HTTP/1.1" 200 2 6
172.18.0.3 - - [12/Mar/2019:14:44:33 +0800] "GET /nacos/v1/cs/health HTTP/1.1" 200 2 2
172.18.0.1 - - [12/Mar/2019:14:44:37 +0800] "POST /nacos/v1/cs/configs/listener HTTP/1.1" 200 - 29508
172.18.0.3 - - [12/Mar/2019:14:44:38 +0800] "GET /nacos/v1/cs/health HTTP/1.1" 200 2 3
172.18.0.4 - - [12/Mar/2019:14:44:43 +0800] "GET /nacos/actuator/prometheus HTTP/1.1" 200 19103 13
172.18.0.3 - - [12/Mar/2019:14:44:43 +0800] "GET /nacos/v1/cs/health HTTP/1.1" 200 2 9
172.18.0.3 - - [12/Mar/2019:14:44:48 +0800] "GET /nacos/v1/cs/health HTTP/1.1" 200 2 2
172.18.0.3 - - [12/Mar/2019:14:44:51 +0800] "GET /nacos/v1/cs/communication/dataChange?dataId=example.properties&group=DEFAULT_GROUP HTTP/1.1" 200 14 3
172.18.0.1 - - [12/Mar/2019:14:44:51 +0800] "POST /nacos/v1/cs/configs?dataId=example.properties&group=DEFAULT_GROUP&content=useLocalCache=true HTTP/1.1" 200 14 28
172.18.0.3 - - [12/Mar/2019:14:44:53 +0800] "GET /nacos/v1/cs/health HTTP/1.1" 200 2 2
172.18.0.4 - - [12/Mar/2019:14:44:58 +0800] "GET /nacos/actuator/prometheus HTTP/1.1" 200 19118 7
172.18.0.3 - - [12/Mar/2019:14:44:58 +0800] "GET /nacos/v1/cs/health HTTP/1.1" 200 2 3
172.18.0.3 - - [12/Mar/2019:14:45:03 +0800] "GET /nacos/v1/cs/health HTTP/1.1" 200 2 2
172.18.0.1 - - [12/Mar/2019:14:45:06 +0800] "POST /nacos/v1/cs/configs/listener HTTP/1.1" 200 - 29475
172.18.0.3 - - [12/Mar/2019:14:45:08 +0800] "GET /nacos/v1/cs/health HTTP/1.1" 200 2 2
172.18.0.4 - - [12/Mar/2019:14:45:13 +0800] "GET /nacos/actuator/prometheus HTTP/1.1" 200 19117 12
172.18.0.3 - - [12/Mar/2019:14:45:13 +0800] "GET /nacos/v1/cs/health HTTP/1.1" 200 2 8
172.18.0.3 - - [12/Mar/2019:14:45:18 +0800] "GET /nacos/v1/cs/health HTTP/1.1" 200 2 2
172.18.0.3 - - [12/Mar/2019:14:45:23 +0800] "GET /nacos/v1/cs/health HTTP/1.1" 200 2 2
172.18.0.4 - - [12/Mar/2019:14:45:28 +0800] "GET /nacos/actuator/prometheus HTTP/1.1" 200 19117 11
172.18.0.3 - - [12/Mar/2019:14:45:28 +0800] "GET /nacos/v1/cs/health HTTP/1.1" 200 2 1
172.18.0.3 - - [12/Mar/2019:14:45:33 +0800] "GET /nacos/v1/cs/health HTTP/1.1" 200 2 3
172.18.0.1 - - [12/Mar/2019:14:45:36 +0800] "POST /nacos/v1/cs/configs/listener HTTP/1.1" 200 - 29476
172.18.0.3 - - [12/Mar/2019:14:45:38 +0800] "GET /nacos/v1/cs/health HTTP/1.1" 200 2 2
172.18.0.4 - - [12/Mar/2019:14:45:43 +0800] "GET /nacos/actuator/prometheus HTTP/1.1" 200 19118 6
172.18.0.3 - - [12/Mar/2019:14:45:43 +0800] "GET /nacos/v1/cs/health HTTP/1.1" 200 2 2
172.18.0.3 - - [12/Mar/2019:14:45:48 +0800] "GET /nacos/v1/cs/health HTTP/1.1" 200 2 2
172.18.0.3 - - [12/Mar/2019:14:45:53 +0800] "GET /nacos/v1/cs/health HTTP/1.1" 200 2 1
172.18.0.4 - - [12/Mar/2019:14:45:58 +0800] "GET /nacos/actuator/prometheus HTTP/1.1" 200 19118 9
172.18.0.3 - - [12/Mar/2019:14:45:58 +0800] "GET /nacos/v1/cs/health HTTP/1.1" 200 2 1
172.18.0.3 - - [12/Mar/2019:14:46:03 +0800] "GET /nacos/v1/cs/health HTTP/1.1" 200 2 2
172.18.0.1 - - [12/Mar/2019:14:46:05 +0800] "POST /nacos/v1/cs/configs/listener HTTP/1.1" 200 - 29475
172.18.0.3 - - [12/Mar/2019:14:46:08 +0800] "GET /nacos/v1/cs/health HTTP/1.1" 200 2 2
172.18.0.4 - - [12/Mar/2019:14:46:13 +0800] "GET /nacos/actuator/prometheus HTTP/1.1" 200 19117 9
172.18.0.3 - - [12/Mar/2019:14:46:13 +0800] "GET /nacos/v1/cs/health HTTP/1.1" 200 2 3
172.18.0.3 - - [12/Mar/2019:14:46:14 +0800] "GET /nacos/v1/cs/communication/dataChange?dataId=runcoding-dev.properties&group=DEFAULT_GROUP HTTP/1.1" 200 14 3
172.18.0.1 - - [12/Mar/2019:14:46:14 +0800] "POST /nacos/v1/cs/configs?dataId=runcoding-dev.properties&group=DEFAULT_GROUP&content=useLocalCache=true HTTP/1.1" 200 14 15
172.18.0.3 - - [12/Mar/2019:14:46:18 +0800] "GET /nacos/v1/cs/health HTTP/1.1" 200 2 6
172.18.0.3 - - [12/Mar/2019:14:46:23 +0800] "GET /nacos/v1/cs/health HTTP/1.1" 200 2 1
172.18.0.1 - - [12/Mar/2019:14:46:26 +0800] "GET /nacos/v1/cs/configs?search=accurate&dataId=&group=&appName=&config_tags=&pageNo=1&pageSize=10&tenant=&namespaceId= HTTP/1.1" 200 598 36
172.18.0.4 - - [12/Mar/2019:14:46:28 +0800] "GET /nacos/actuator/prometheus HTTP/1.1" 200 19113 11
172.18.0.3 - - [12/Mar/2019:14:46:28 +0800] "GET /nacos/v1/cs/health HTTP/1.1" 200 2 3
172.18.0.3 - - [12/Mar/2019:14:46:33 +0800] "GET /nacos/v1/cs/health HTTP/1.1" 200 2 2
172.18.0.1 - - [12/Mar/2019:14:46:35 +0800] "POST /nacos/v1/cs/configs/listener HTTP/1.1" 200 - 29475
172.18.0.3 - - [12/Mar/2019:14:46:38 +0800] "GET /nacos/v1/cs/health HTTP/1.1" 200 2 2
172.18.0.4 - - [12/Mar/2019:14:46:43 +0800] "GET /nacos/actuator/prometheus HTTP/1.1" 200 19115 9
172.18.0.3 - - [12/Mar/2019:14:46:43 +0800] "GET /nacos/v1/cs/health HTTP/1.1" 200 2 2
172.18.0.3 - - [12/Mar/2019:14:46:48 +0800] "GET /nacos/v1/cs/health HTTP/1.1" 200 2 5
172.18.0.3 - - [12/Mar/2019:14:46:53 +0800] "GET /nacos/v1/cs/health HTTP/1.1" 200 2 2
172.18.0.4 - - [12/Mar/2019:14:46:58 +0800] "GET /nacos/actuator/prometheus HTTP/1.1" 200 19113 16
172.18.0.3 - - [12/Mar/2019:14:46:58 +0800] "GET /nacos/v1/cs/health HTTP/1.1" 200 2 2
172.18.0.3 - - [12/Mar/2019:14:46:59 +0800] "GET /nacos/v1/cs/communication/dataChange?dataId=runcoding-nacos-dev.yml&group=DEFAULT_GROUP HTTP/1.1" 200 14 5
172.18.0.1 - - [12/Mar/2019:14:46:59 +0800] "DELETE /nacos/v1/cs/configs?dataId=runcoding-nacos-dev.yml&group=DEFAULT_GROUP&tenant= HTTP/1.1" 200 14 54
172.18.0.1 - - [12/Mar/2019:14:46:59 +0800] "GET /nacos/v1/cs/configs?search=accurate&dataId=&group=&appName=&config_tags=&pageNo=1&pageSize=10&tenant=&namespaceId= HTTP/1.1" 200 463 18
172.18.0.3 - - [12/Mar/2019:14:47:03 +0800] "GET /nacos/v1/cs/health HTTP/1.1" 200 2 2
172.18.0.3 - - [12/Mar/2019:14:47:03 +0800] "GET /nacos/v1/cs/communication/dataChange?dataId=example.properties&group=DEFAULT_GROUP HTTP/1.1" 200 14 6
172.18.0.1 - - [12/Mar/2019:14:47:03 +0800] "DELETE /nacos/v1/cs/configs?dataId=example.properties&group=DEFAULT_GROUP&tenant= HTTP/1.1" 200 14 35
172.18.0.1 - - [12/Mar/2019:14:47:03 +0800] "GET /nacos/v1/cs/configs?search=accurate&dataId=&group=&appName=&config_tags=&pageNo=1&pageSize=10&tenant=&namespaceId= HTTP/1.1" 200 333 20
172.18.0.1 - - [12/Mar/2019:14:47:04 +0800] "POST /nacos/v1/cs/configs/listener HTTP/1.1" 200 - 29474
172.18.0.1 - - [12/Mar/2019:14:47:06 +0800] "DELETE /nacos/v1/cs/configs?dataId=runcoding&group=DEFAULT_GROUP&tenant= HTTP/1.1" 200 14 44
172.18.0.3 - - [12/Mar/2019:14:47:06 +0800] "GET /nacos/v1/cs/communication/dataChange?dataId=runcoding&group=DEFAULT_GROUP HTTP/1.1" 200 14 12
172.18.0.1 - - [12/Mar/2019:14:47:06 +0800] "GET /nacos/v1/cs/configs?search=accurate&dataId=&group=&appName=&config_tags=&pageNo=1&pageSize=10&tenant=&namespaceId= HTTP/1.1" 200 211 25
172.18.0.3 - - [12/Mar/2019:14:47:08 +0800] "GET /nacos/v1/cs/health HTTP/1.1" 200 2 3
172.18.0.1 - - [12/Mar/2019:14:47:09 +0800] "DELETE /nacos/v1/cs/configs?dataId=runcoding-dev.properties&group=DEFAULT_GROUP&tenant= HTTP/1.1" 200 14 26
172.18.0.3 - - [12/Mar/2019:14:47:09 +0800] "GET /nacos/v1/cs/communication/dataChange?dataId=runcoding-dev.properties&group=DEFAULT_GROUP HTTP/1.1" 200 14 4
172.18.0.1 - - [12/Mar/2019:14:47:09 +0800] "GET /nacos/v1/cs/configs?search=accurate&dataId=&group=&appName=&config_tags=&pageNo=1&pageSize=10&tenant=&namespaceId= HTTP/1.1" 200 - 8
172.18.0.4 - - [12/Mar/2019:14:47:13 +0800] "GET /nacos/actuator/prometheus HTTP/1.1" 200 19120 12
172.18.0.3 - - [12/Mar/2019:14:47:13 +0800] "GET /nacos/v1/cs/health HTTP/1.1" 200 2 2
172.18.0.3 - - [12/Mar/2019:14:47:18 +0800] "GET /nacos/v1/cs/health HTTP/1.1" 200 2 3
172.18.0.3 - - [12/Mar/2019:14:47:23 +0800] "GET /nacos/v1/cs/health HTTP/1.1" 200 2 2
172.18.0.4 - - [12/Mar/2019:14:47:28 +0800] "GET /nacos/actuator/prometheus HTTP/1.1" 200 19121 8
172.18.0.3 - - [12/Mar/2019:14:47:28 +0800] "GET /nacos/v1/cs/health HTTP/1.1" 200 2 6
172.18.0.3 - - [12/Mar/2019:14:47:33 +0800] "GET /nacos/v1/cs/health HTTP/1.1" 200 2 6
172.18.0.1 - - [12/Mar/2019:14:47:34 +0800] "POST /nacos/v1/cs/configs/listener HTTP/1.1" 200 - 29474
172.18.0.3 - - [12/Mar/2019:14:47:38 +0800] "GET /nacos/v1/cs/health HTTP/1.1" 200 2 3
172.18.0.4 - - [12/Mar/2019:14:47:43 +0800] "GET /nacos/actuator/prometheus HTTP/1.1" 200 19121 10
172.18.0.3 - - [12/Mar/2019:14:47:43 +0800] "GET /nacos/v1/cs/health HTTP/1.1" 200 2 2
172.18.0.3 - - [12/Mar/2019:14:47:48 +0800] "GET /nacos/v1/cs/health HTTP/1.1" 200 2 1
172.18.0.3 - - [12/Mar/2019:14:47:53 +0800] "GET /nacos/v1/cs/health HTTP/1.1" 200 2 2
172.18.0.4 - - [12/Mar/2019:14:47:58 +0800] "GET /nacos/actuator/prometheus HTTP/1.1" 200 19121 9
172.18.0.3 - - [12/Mar/2019:14:47:58 +0800] "GET /nacos/v1/cs/health HTTP/1.1" 200 2 2
172.18.0.3 - - [12/Mar/2019:14:48:03 +0800] "GET /nacos/v1/cs/health HTTP/1.1" 200 2 2
172.18.0.1 - - [12/Mar/2019:14:48:03 +0800] "POST /nacos/v1/cs/configs/listener HTTP/1.1" 200 - 29474
172.18.0.3 - - [12/Mar/2019:14:48:08 +0800] "GET /nacos/v1/cs/health HTTP/1.1" 200 2 6
172.18.0.4 - - [12/Mar/2019:14:48:13 +0800] "GET /nacos/actuator/prometheus HTTP/1.1" 200 19122 12
172.18.0.3 - - [12/Mar/2019:14:48:13 +0800] "GET /nacos/v1/cs/health HTTP/1.1" 200 2 2
172.18.0.3 - - [12/Mar/2019:14:48:18 +0800] "GET /nacos/v1/cs/health HTTP/1.1" 200 2 2
172.18.0.3 - - [12/Mar/2019:14:48:23 +0800] "GET /nacos/v1/cs/health HTTP/1.1" 200 2 2
172.18.0.4 - - [12/Mar/2019:14:48:28 +0800] "GET /nacos/actuator/prometheus HTTP/1.1" 200 19122 17
172.18.0.3 - - [12/Mar/2019:14:48:28 +0800] "GET /nacos/v1/cs/health HTTP/1.1" 200 2 3
172.18.0.1 - - [12/Mar/2019:14:48:33 +0800] "POST /nacos/v1/cs/configs/listener HTTP/1.1" 200 - 29483
172.18.0.3 - - [12/Mar/2019:14:48:33 +0800] "GET /nacos/v1/cs/health HTTP/1.1" 200 2 4
172.18.0.3 - - [12/Mar/2019:14:48:38 +0800] "GET /nacos/v1/cs/health HTTP/1.1" 200 2 2
172.18.0.1 - - [12/Mar/2019:14:48:41 +0800] "GET /nacos/v1/cs/configs?dataId=example.properties&group=DEFAULT_GROUP HTTP/1.1" 404 22 10
172.18.0.4 - - [12/Mar/2019:14:48:43 +0800] "GET /nacos/actuator/prometheus HTTP/1.1" 200 19129 14
172.18.0.3 - - [12/Mar/2019:14:48:43 +0800] "GET /nacos/v1/cs/health HTTP/1.1" 200 2 5
172.18.0.3 - - [12/Mar/2019:14:48:48 +0800] "GET /nacos/v1/cs/health HTTP/1.1" 200 2 2
172.18.0.3 - - [12/Mar/2019:14:48:53 +0800] "GET /nacos/v1/cs/health HTTP/1.1" 200 2 3
172.18.0.4 - - [12/Mar/2019:14:48:58 +0800] "GET /nacos/actuator/prometheus HTTP/1.1" 200 19123 9
172.18.0.3 - - [12/Mar/2019:14:48:58 +0800] "GET /nacos/v1/cs/health HTTP/1.1" 200 2 2
172.18.0.1 - - [12/Mar/2019:14:49:02 +0800] "POST /nacos/v1/cs/configs/listener HTTP/1.1" 200 - 29484
172.18.0.3 - - [12/Mar/2019:14:49:03 +0800] "GET /nacos/v1/cs/health HTTP/1.1" 200 2 2
172.18.0.3 - - [12/Mar/2019:14:49:08 +0800] "GET /nacos/v1/cs/health HTTP/1.1" 200 2 5
172.18.0.4 - - [12/Mar/2019:14:49:13 +0800] "GET /nacos/actuator/prometheus HTTP/1.1" 200 19121 10
172.18.0.3 - - [12/Mar/2019:14:49:13 +0800] "GET /nacos/v1/cs/health HTTP/1.1" 200 2 2
172.18.0.3 - - [12/Mar/2019:14:49:18 +0800] "GET /nacos/v1/cs/health HTTP/1.1" 200 2 2
172.18.0.3 - - [12/Mar/2019:14:49:23 +0800] "GET /nacos/v1/cs/health HTTP/1.1" 200 2 2
172.18.0.4 - - [12/Mar/2019:14:49:28 +0800] "GET /nacos/actuator/prometheus HTTP/1.1" 200 19124 14
172.18.0.3 - - [12/Mar/2019:14:49:28 +0800] "GET /nacos/v1/cs/health HTTP/1.1" 200 2 1
172.18.0.3 - - [12/Mar/2019:14:49:33 +0800] "GET /nacos/v1/cs/health HTTP/1.1" 200 2 1
172.18.0.3 - - [12/Mar/2019:14:49:38 +0800] "GET /nacos/v1/cs/health HTTP/1.1" 200 2 2
172.18.0.4 - - [12/Mar/2019:14:49:43 +0800] "GET /nacos/actuator/prometheus HTTP/1.1" 200 19122 8
172.18.0.3 - - [12/Mar/2019:14:49:43 +0800] "GET /nacos/v1/cs/health HTTP/1.1" 200 2 2
172.18.0.3 - - [12/Mar/2019:14:49:48 +0800] "GET /nacos/v1/cs/health HTTP/1.1" 200 2 4
172.18.0.3 - - [12/Mar/2019:14:49:53 +0800] "GET /nacos/v1/cs/health HTTP/1.1" 200 2 8
172.18.0.4 - - [12/Mar/2019:14:49:58 +0800] "GET /nacos/actuator/prometheus HTTP/1.1" 200 19108 12
172.18.0.3 - - [12/Mar/2019:14:49:58 +0800] "GET /nacos/v1/cs/health HTTP/1.1" 200 2 3
172.18.0.1 - - [12/Mar/2019:14:49:58 +0800] "GET /nacos/v1/cs/configs?dataId=example.properties&group=DEFAULT_GROUP HTTP/1.1" 404 22 11
172.18.0.1 - - [12/Mar/2019:14:50:01 +0800] "POST /nacos/v1/cs/configs/listener HTTP/1.1" 200 - 8
172.18.0.3 - - [12/Mar/2019:14:50:03 +0800] "GET /nacos/v1/cs/health HTTP/1.1" 200 2 3
172.18.0.3 - - [12/Mar/2019:14:50:08 +0800] "GET /nacos/v1/cs/health HTTP/1.1" 200 2 5
172.18.0.4 - - [12/Mar/2019:14:50:13 +0800] "GET /nacos/actuator/prometheus HTTP/1.1" 200 19106 10
172.18.0.3 - - [12/Mar/2019:14:50:13 +0800] "GET /nacos/v1/cs/health HTTP/1.1" 200 2 2
172.18.0.3 - - [12/Mar/2019:14:50:18 +0800] "GET /nacos/v1/cs/health HTTP/1.1" 200 2 3
172.18.0.3 - - [12/Mar/2019:14:50:23 +0800] "GET /nacos/v1/cs/health HTTP/1.1" 200 2 2
172.18.0.4 - - [12/Mar/2019:14:50:28 +0800] "GET /nacos/actuator/prometheus HTTP/1.1" 200 19106 8
172.18.0.3 - - [12/Mar/2019:14:50:28 +0800] "GET /nacos/v1/cs/health HTTP/1.1" 200 2 3
172.18.0.1 - - [12/Mar/2019:14:50:31 +0800] "POST /nacos/v1/cs/configs/listener HTTP/1.1" 200 - 29474
172.18.0.1 - - [12/Mar/2019:14:50:32 +0800] "GET /nacos/v1/cs/configs?search=accurate&dataId=&group=&appName=&config_tags=&pageNo=1&pageSize=10&tenant=&namespaceId= HTTP/1.1" 200 - 18
172.18.0.1 - - [12/Mar/2019:14:50:33 +0800] "GET /nacos/v1/cs/configs?search=accurate&dataId=&group=&appName=&config_tags=&pageNo=1&pageSize=10&tenant=&namespaceId= HTTP/1.1" 200 - 17
172.18.0.3 - - [12/Mar/2019:14:50:33 +0800] "GET /nacos/v1/cs/health HTTP/1.1" 200 2 2
172.18.0.1 - - [12/Mar/2019:14:50:34 +0800] "GET /nacos/v1/cs/configs?search=accurate&dataId=&group=&appName=&config_tags=&pageNo=1&pageSize=10&tenant=&namespaceId= HTTP/1.1" 200 - 10
172.18.0.1 - - [12/Mar/2019:14:50:35 +0800] "GET /nacos/v1/cs/configs?search=accurate&dataId=&group=&appName=&config_tags=&pageNo=1&pageSize=10&tenant=&namespaceId= HTTP/1.1" 200 - 5
172.18.0.1 - - [12/Mar/2019:14:50:35 +0800] "GET /nacos/v1/cs/configs?search=accurate&dataId=&group=&appName=&config_tags=&pageNo=1&pageSize=10&tenant=&namespaceId= HTTP/1.1" 200 - 5
172.18.0.3 - - [12/Mar/2019:14:50:38 +0800] "GET /nacos/v1/cs/health HTTP/1.1" 200 2 2
172.18.0.4 - - [12/Mar/2019:14:50:43 +0800] "GET /nacos/actuator/prometheus HTTP/1.1" 200 19111 9
172.18.0.3 - - [12/Mar/2019:14:50:43 +0800] "GET /nacos/v1/cs/health HTTP/1.1" 200 2 2
172.18.0.3 - - [12/Mar/2019:14:50:48 +0800] "GET /nacos/v1/cs/health HTTP/1.1" 200 2 2
172.18.0.3 - - [12/Mar/2019:14:50:53 +0800] "GET /nacos/v1/cs/health HTTP/1.1" 200 2 3
172.18.0.1 - - [12/Mar/2019:14:50:56 +0800] "POST /nacos/v1/cs/configs?dataId=example.properties&group=DEFAULT_GROUP&content=useLocalCache=true HTTP/1.1" 200 14 17
172.18.0.3 - - [12/Mar/2019:14:50:56 +0800] "GET /nacos/v1/cs/communication/dataChange?dataId=example.properties&group=DEFAULT_GROUP HTTP/1.1" 200 14 9
172.18.0.1 - - [12/Mar/2019:14:50:56 +0800] "POST /nacos/v1/cs/configs/listener HTTP/1.1" 200 38 24794
172.18.0.1 - - [12/Mar/2019:14:50:56 +0800] "GET /nacos/v1/cs/configs?dataId=example.properties&group=DEFAULT_GROUP HTTP/1.1" 200 29 12
172.18.0.1 - - [12/Mar/2019:14:50:56 +0800] "GET /nacos/v1/cs/configs?dataId=example.properties&group=DEFAULT_GROUP HTTP/1.1" 200 29 16
172.18.0.4 - - [12/Mar/2019:14:50:58 +0800] "GET /nacos/actuator/prometheus HTTP/1.1" 200 19127 8
172.18.0.3 - - [12/Mar/2019:14:50:58 +0800] "GET /nacos/v1/cs/health HTTP/1.1" 200 2 2
172.18.0.1 - - [12/Mar/2019:14:51:01 +0800] "GET /nacos/v1/cs/configs?search=accurate&dataId=&group=&appName=&config_tags=&pageNo=1&pageSize=10&tenant=&namespaceId= HTTP/1.1" 200 205 8
172.18.0.1 - - [12/Mar/2019:14:51:02 +0800] "GET /nacos/v1/cs/configs?search=accurate&dataId=&group=&appName=&config_tags=&pageNo=1&pageSize=10&tenant=&namespaceId= HTTP/1.1" 200 205 43
172.18.0.3 - - [12/Mar/2019:14:51:03 +0800] "GET /nacos/v1/cs/health HTTP/1.1" 200 2 5
172.18.0.1 - - [12/Mar/2019:14:51:03 +0800] "GET /nacos/v1/cs/configs?search=accurate&dataId=&group=&appName=&config_tags=&pageNo=1&pageSize=10&tenant=&namespaceId= HTTP/1.1" 200 205 10
172.18.0.1 - - [12/Mar/2019:14:51:03 +0800] "GET /nacos/v1/cs/configs?search=accurate&dataId=&group=&appName=&config_tags=&pageNo=1&pageSize=10&tenant=&namespaceId= HTTP/1.1" 200 205 18
172.18.0.1 - - [12/Mar/2019:14:51:05 +0800] "GET /nacos/v1/cs/configs?search=accurate&dataId=&group=&appName=&config_tags=&pageNo=1&pageSize=10&tenant=&namespaceId= HTTP/1.1" 200 205 24
172.18.0.3 - - [12/Mar/2019:14:51:08 +0800] "GET /nacos/v1/cs/health HTTP/1.1" 200 2 7
172.18.0.1 - - [12/Mar/2019:14:51:11 +0800] "GET /nacos/v1/cs/configs?search=accurate&dataId=&group=&appName=&config_tags=&pageNo=1&pageSize=10&tenant=&namespaceId= HTTP/1.1" 200 205 30
172.18.0.1 - - [12/Mar/2019:14:51:11 +0800] "GET /nacos/v1/cs/configs?search=accurate&dataId=&group=&appName=&config_tags=&pageNo=1&pageSize=10&tenant=&namespaceId= HTTP/1.1" 200 205 7
172.18.0.1 - - [12/Mar/2019:14:51:12 +0800] "GET /nacos/v1/cs/configs?search=accurate&dataId=&group=&appName=&config_tags=&pageNo=1&pageSize=10&tenant=&namespaceId= HTTP/1.1" 200 205 9
172.18.0.4 - - [12/Mar/2019:14:51:13 +0800] "GET /nacos/actuator/prometheus HTTP/1.1" 200 19125 11
172.18.0.1 - - [12/Mar/2019:14:51:13 +0800] "GET /nacos/v1/cs/configs?search=accurate&dataId=&group=&appName=&config_tags=&pageNo=1&pageSize=10&tenant=&namespaceId= HTTP/1.1" 200 205 7
172.18.0.3 - - [12/Mar/2019:14:51:13 +0800] "GET /nacos/v1/cs/health HTTP/1.1" 200 2 2
172.18.0.3 - - [12/Mar/2019:14:51:18 +0800] "GET /nacos/v1/cs/health HTTP/1.1" 200 2 4
172.18.0.3 - - [12/Mar/2019:14:51:23 +0800] "GET /nacos/v1/cs/health HTTP/1.1" 200 2 2
172.18.0.1 - - [12/Mar/2019:14:51:25 +0800] "POST /nacos/v1/cs/configs/listener HTTP/1.1" 200 - 29477
172.18.0.4 - - [12/Mar/2019:14:51:28 +0800] "GET /nacos/actuator/prometheus HTTP/1.1" 200 19127 9
172.18.0.3 - - [12/Mar/2019:14:51:28 +0800] "GET /nacos/v1/cs/health HTTP/1.1" 200 2 3
172.18.0.3 - - [12/Mar/2019:14:51:33 +0800] "GET /nacos/v1/cs/health HTTP/1.1" 200 2 3
172.18.0.3 - - [12/Mar/2019:14:51:38 +0800] "GET /nacos/v1/cs/health HTTP/1.1" 200 2 1
172.18.0.4 - - [12/Mar/2019:14:51:43 +0800] "GET /nacos/actuator/prometheus HTTP/1.1" 200 19129 11
172.18.0.3 - - [12/Mar/2019:14:51:43 +0800] "GET /nacos/v1/cs/health HTTP/1.1" 200 2 3
172.18.0.3 - - [12/Mar/2019:14:51:48 +0800] "GET /nacos/v1/cs/health HTTP/1.1" 200 2 3
172.18.0.3 - - [12/Mar/2019:14:51:53 +0800] "GET /nacos/v1/cs/health HTTP/1.1" 200 2 2
172.18.0.1 - - [12/Mar/2019:14:51:55 +0800] "POST /nacos/v1/cs/configs/listener HTTP/1.1" 200 - 29477
172.18.0.4 - - [12/Mar/2019:14:51:58 +0800] "GET /nacos/actuator/prometheus HTTP/1.1" 200 19127 10
172.18.0.3 - - [12/Mar/2019:14:51:58 +0800] "GET /nacos/v1/cs/health HTTP/1.1" 200 2 1
172.18.0.3 - - [12/Mar/2019:14:52:03 +0800] "GET /nacos/v1/cs/health HTTP/1.1" 200 2 2
172.18.0.3 - - [12/Mar/2019:14:52:08 +0800] "GET /nacos/v1/cs/health HTTP/1.1" 200 2 3
172.18.0.4 - - [12/Mar/2019:14:52:12 +0800] "GET /nacos/actuator/prometheus HTTP/1.1" 200 19128 10
172.18.0.3 - - [12/Mar/2019:14:52:13 +0800] "GET /nacos/v1/cs/health HTTP/1.1" 200 2 2
172.18.0.3 - - [12/Mar/2019:14:52:18 +0800] "GET /nacos/v1/cs/health HTTP/1.1" 200 2 2
172.18.0.3 - - [12/Mar/2019:14:52:23 +0800] "GET /nacos/v1/cs/health HTTP/1.1" 200 2 7
172.18.0.1 - - [12/Mar/2019:14:52:24 +0800] "POST /nacos/v1/cs/configs/listener HTTP/1.1" 200 - 29482
172.18.0.1 - - [12/Mar/2019:14:52:27 +0800] "DELETE /nacos/v1/cs/configs?dataId=example.properties&group=DEFAULT_GROUP&tenant= HTTP/1.1" 200 14 47
172.18.0.3 - - [12/Mar/2019:14:52:27 +0800] "GET /nacos/v1/cs/communication/dataChange?dataId=example.properties&group=DEFAULT_GROUP HTTP/1.1" 200 14 4
172.18.0.1 - - [12/Mar/2019:14:52:27 +0800] "GET /nacos/v1/cs/configs?search=accurate&dataId=&group=&appName=&config_tags=&pageNo=1&pageSize=10&tenant=&namespaceId= HTTP/1.1" 200 - 10
172.18.0.4 - - [12/Mar/2019:14:52:27 +0800] "GET /nacos/actuator/prometheus HTTP/1.1" 200 19122 18
172.18.0.3 - - [12/Mar/2019:14:52:28 +0800] "GET /nacos/v1/cs/health HTTP/1.1" 200 2 9
172.18.0.3 - - [12/Mar/2019:14:52:33 +0800] "GET /nacos/v1/cs/health HTTP/1.1" 200 2 4
172.18.0.3 - - [12/Mar/2019:14:52:38 +0800] "GET /nacos/v1/cs/health HTTP/1.1" 200 2 2
172.18.0.4 - - [12/Mar/2019:14:52:42 +0800] "GET /nacos/actuator/prometheus HTTP/1.1" 200 19120 9
172.18.0.3 - - [12/Mar/2019:14:52:43 +0800] "GET /nacos/v1/cs/health HTTP/1.1" 200 2 2
172.18.0.3 - - [12/Mar/2019:14:52:48 +0800] "GET /nacos/v1/cs/health HTTP/1.1" 200 2 3
172.18.0.3 - - [12/Mar/2019:14:52:53 +0800] "GET /nacos/v1/cs/health HTTP/1.1" 200 2 3
172.18.0.4 - - [12/Mar/2019:14:52:57 +0800] "GET /nacos/actuator/prometheus HTTP/1.1" 200 19122 7
172.18.0.3 - - [12/Mar/2019:14:52:58 +0800] "GET /nacos/v1/cs/health HTTP/1.1" 200 2 3
172.18.0.3 - - [12/Mar/2019:14:53:03 +0800] "GET /nacos/v1/cs/health HTTP/1.1" 200 2 3
172.18.0.3 - - [12/Mar/2019:14:53:08 +0800] "GET /nacos/v1/cs/health HTTP/1.1" 200 2 3
172.18.0.4 - - [12/Mar/2019:14:53:12 +0800] "GET /nacos/actuator/prometheus HTTP/1.1" 200 19122 9
172.18.0.3 - - [12/Mar/2019:14:53:13 +0800] "GET /nacos/v1/cs/health HTTP/1.1" 200 2 5
172.18.0.3 - - [12/Mar/2019:14:53:18 +0800] "GET /nacos/v1/cs/health HTTP/1.1" 200 2 5
172.18.0.3 - - [12/Mar/2019:14:53:23 +0800] "GET /nacos/v1/cs/health HTTP/1.1" 200 2 2
172.18.0.4 - - [12/Mar/2019:14:53:27 +0800] "GET /nacos/actuator/prometheus HTTP/1.1" 200 19119 9
172.18.0.3 - - [12/Mar/2019:14:53:28 +0800] "GET /nacos/v1/cs/health HTTP/1.1" 200 2 3
172.18.0.3 - - [12/Mar/2019:14:53:33 +0800] "GET /nacos/v1/cs/health HTTP/1.1" 200 2 2
172.18.0.3 - - [12/Mar/2019:14:53:38 +0800] "GET /nacos/v1/cs/health HTTP/1.1" 200 2 3
172.18.0.4 - - [12/Mar/2019:14:53:42 +0800] "GET /nacos/actuator/prometheus HTTP/1.1" 200 19121 8
172.18.0.3 - - [12/Mar/2019:14:53:43 +0800] "GET /nacos/v1/cs/health HTTP/1.1" 200 2 6
172.18.0.3 - - [12/Mar/2019:14:53:48 +0800] "GET /nacos/v1/cs/health HTTP/1.1" 200 2 3
172.18.0.3 - - [12/Mar/2019:14:53:53 +0800] "GET /nacos/v1/cs/health HTTP/1.1" 200 2 2
172.18.0.4 - - [12/Mar/2019:14:53:57 +0800] "GET /nacos/actuator/prometheus HTTP/1.1" 200 19116 12
172.18.0.3 - - [12/Mar/2019:14:53:58 +0800] "GET /nacos/v1/cs/health HTTP/1.1" 200 2 7
172.18.0.3 - - [12/Mar/2019:14:54:03 +0800] "GET /nacos/v1/cs/health HTTP/1.1" 200 2 2
172.18.0.3 - - [12/Mar/2019:14:54:08 +0800] "GET /nacos/v1/cs/health HTTP/1.1" 200 2 3
172.18.0.4 - - [12/Mar/2019:14:54:12 +0800] "GET /nacos/actuator/prometheus HTTP/1.1" 200 19113 10
172.18.0.3 - - [12/Mar/2019:14:54:13 +0800] "GET /nacos/v1/cs/health HTTP/1.1" 200 2 2
172.18.0.3 - - [12/Mar/2019:14:54:18 +0800] "GET /nacos/v1/cs/health HTTP/1.1" 200 2 2
172.18.0.3 - - [12/Mar/2019:14:54:23 +0800] "GET /nacos/v1/cs/health HTTP/1.1" 200 2 6
172.18.0.4 - - [12/Mar/2019:14:54:27 +0800] "GET /nacos/actuator/prometheus HTTP/1.1" 200 19114 8
172.18.0.3 - - [12/Mar/2019:14:54:28 +0800] "GET /nacos/v1/cs/health HTTP/1.1" 200 2 2
172.18.0.3 - - [12/Mar/2019:14:54:33 +0800] "GET /nacos/v1/cs/health HTTP/1.1" 200 2 3
172.18.0.3 - - [12/Mar/2019:14:54:38 +0800] "GET /nacos/v1/cs/health HTTP/1.1" 200 2 2
172.18.0.4 - - [12/Mar/2019:14:54:42 +0800] "GET /nacos/actuator/prometheus HTTP/1.1" 200 19116 10
172.18.0.3 - - [12/Mar/2019:14:54:43 +0800] "GET /nacos/v1/cs/health HTTP/1.1" 200 2 4
172.18.0.3 - - [12/Mar/2019:14:54:48 +0800] "GET /nacos/v1/cs/health HTTP/1.1" 200 2 1
172.18.0.3 - - [12/Mar/2019:14:54:53 +0800] "GET /nacos/v1/cs/health HTTP/1.1" 200 2 2
172.18.0.4 - - [12/Mar/2019:14:54:57 +0800] "GET /nacos/actuator/prometheus HTTP/1.1" 200 19099 22
172.18.0.3 - - [12/Mar/2019:14:54:58 +0800] "GET /nacos/v1/cs/health HTTP/1.1" 200 2 1
172.18.0.3 - - [12/Mar/2019:14:55:03 +0800] "GET /nacos/v1/cs/health HTTP/1.1" 200 2 2
172.18.0.3 - - [12/Mar/2019:14:55:08 +0800] "GET /nacos/v1/cs/health HTTP/1.1" 200 2 2
172.18.0.4 - - [12/Mar/2019:14:55:12 +0800] "GET /nacos/actuator/prometheus HTTP/1.1" 200 19095 32
172.18.0.3 - - [12/Mar/2019:14:55:13 +0800] "GET /nacos/v1/cs/health HTTP/1.1" 200 2 2
172.18.0.3 - - [12/Mar/2019:14:55:18 +0800] "GET /nacos/v1/cs/health HTTP/1.1" 200 2 4
172.18.0.3 - - [12/Mar/2019:14:55:23 +0800] "GET /nacos/v1/cs/health HTTP/1.1" 200 2 3
172.18.0.4 - - [12/Mar/2019:14:55:27 +0800] "GET /nacos/actuator/prometheus HTTP/1.1" 200 19097 9
172.18.0.3 - - [12/Mar/2019:14:55:28 +0800] "GET /nacos/v1/cs/health HTTP/1.1" 200 2 2
172.18.0.3 - - [12/Mar/2019:14:55:33 +0800] "GET /nacos/v1/cs/health HTTP/1.1" 200 2 3
172.18.0.3 - - [12/Mar/2019:14:55:38 +0800] "GET /nacos/v1/cs/health HTTP/1.1" 200 2 2
172.18.0.4 - - [12/Mar/2019:14:55:42 +0800] "GET /nacos/actuator/prometheus HTTP/1.1" 200 19098 9
172.18.0.3 - - [12/Mar/2019:14:55:43 +0800] "GET /nacos/v1/cs/health HTTP/1.1" 200 2 3
172.18.0.1 - - [12/Mar/2019:14:55:47 +0800] "GET /nacos/v1/cs/configs?dataId=runcoding.yaml&group=DEFAULT_GROUP HTTP/1.1" 404 22 10
172.18.0.3 - - [12/Mar/2019:14:55:48 +0800] "GET /nacos/v1/cs/health HTTP/1.1" 200 2 4
172.18.0.1 - - [12/Mar/2019:14:55:50 +0800] "POST /nacos/v1/cs/configs/listener HTTP/1.1" 200 - 9
172.18.0.3 - - [12/Mar/2019:14:55:53 +0800] "GET /nacos/v1/cs/health HTTP/1.1" 200 2 3
172.18.0.4 - - [12/Mar/2019:14:55:57 +0800] "GET /nacos/actuator/prometheus HTTP/1.1" 200 19108 12
172.18.0.3 - - [12/Mar/2019:14:55:58 +0800] "GET /nacos/v1/cs/health HTTP/1.1" 200 2 5
172.18.0.3 - - [12/Mar/2019:14:56:03 +0800] "GET /nacos/v1/cs/health HTTP/1.1" 200 2 16
172.18.0.3 - - [12/Mar/2019:14:56:08 +0800] "GET /nacos/v1/cs/health HTTP/1.1" 200 2 3
172.18.0.4 - - [12/Mar/2019:14:56:12 +0800] "GET /nacos/actuator/prometheus HTTP/1.1" 200 19110 13
172.18.0.3 - - [12/Mar/2019:14:56:13 +0800] "GET /nacos/v1/cs/health HTTP/1.1" 200 2 6
172.18.0.3 - - [12/Mar/2019:14:56:18 +0800] "GET /nacos/v1/cs/health HTTP/1.1" 200 2 2
172.18.0.1 - - [12/Mar/2019:14:56:20 +0800] "POST /nacos/v1/cs/configs/listener HTTP/1.1" 200 - 29480
172.18.0.3 - - [12/Mar/2019:14:56:23 +0800] "GET /nacos/v1/cs/health HTTP/1.1" 200 2 5
172.18.0.4 - - [12/Mar/2019:14:56:27 +0800] "GET /nacos/actuator/prometheus HTTP/1.1" 200 19112 22
172.18.0.3 - - [12/Mar/2019:14:56:28 +0800] "GET /nacos/v1/cs/health HTTP/1.1" 200 2 1
172.18.0.3 - - [12/Mar/2019:14:56:33 +0800] "GET /nacos/v1/cs/health HTTP/1.1" 200 2 2
172.18.0.3 - - [12/Mar/2019:14:56:38 +0800] "GET /nacos/v1/cs/health HTTP/1.1" 200 2 3
172.18.0.4 - - [12/Mar/2019:14:56:42 +0800] "GET /nacos/actuator/prometheus HTTP/1.1" 200 19112 8
172.18.0.3 - - [12/Mar/2019:14:56:43 +0800] "GET /nacos/v1/cs/health HTTP/1.1" 200 2 2
172.18.0.1 - - [12/Mar/2019:14:56:45 +0800] "POST /nacos/v1/cs/configs?dataId=runcoding.yaml&group=DEFAULT_GROUP&content=useLocalCache=true HTTP/1.1" 200 14 16
172.18.0.3 - - [12/Mar/2019:14:56:45 +0800] "GET /nacos/v1/cs/communication/dataChange?dataId=runcoding.yaml&group=DEFAULT_GROUP HTTP/1.1" 200 14 12
172.18.0.1 - - [12/Mar/2019:14:56:45 +0800] "POST /nacos/v1/cs/configs/listener HTTP/1.1" 200 34 25620
172.18.0.1 - - [12/Mar/2019:14:56:45 +0800] "GET /nacos/v1/cs/configs?dataId=runcoding.yaml&group=DEFAULT_GROUP HTTP/1.1" 200 29 15
172.18.0.1 - - [12/Mar/2019:14:56:46 +0800] "GET /nacos/v1/cs/configs?dataId=runcoding.yaml&group=DEFAULT_GROUP HTTP/1.1" 200 29 12
172.18.0.3 - - [12/Mar/2019:14:56:48 +0800] "GET /nacos/v1/cs/health HTTP/1.1" 200 2 1
172.18.0.3 - - [12/Mar/2019:14:56:53 +0800] "GET /nacos/v1/cs/health HTTP/1.1" 200 2 2
172.18.0.4 - - [12/Mar/2019:14:56:57 +0800] "GET /nacos/actuator/prometheus HTTP/1.1" 200 19131 11
172.18.0.3 - - [12/Mar/2019:14:56:58 +0800] "GET /nacos/v1/cs/health HTTP/1.1" 200 2 2
172.18.0.3 - - [12/Mar/2019:14:57:02 +0800] "GET /nacos/v1/cs/communication/dataChange?dataId=runcoding.yaml&group=DEFAULT_GROUP HTTP/1.1" 200 14 4
172.18.0.1 - - [12/Mar/2019:14:57:02 +0800] "POST /nacos/v1/cs/configs?dataId=runcoding.yaml&group=DEFAULT_GROUP&content=useLocalCache=true HTTP/1.1" 200 14 39
172.18.0.3 - - [12/Mar/2019:14:57:03 +0800] "GET /nacos/v1/cs/health HTTP/1.1" 200 2 1
172.18.0.3 - - [12/Mar/2019:14:57:08 +0800] "GET /nacos/v1/cs/health HTTP/1.1" 200 2 6
172.18.0.4 - - [12/Mar/2019:14:57:12 +0800] "GET /nacos/actuator/prometheus HTTP/1.1" 200 19134 8
172.18.0.3 - - [12/Mar/2019:14:57:13 +0800] "GET /nacos/v1/cs/health HTTP/1.1" 200 2 2
172.18.0.1 - - [12/Mar/2019:14:57:15 +0800] "POST /nacos/v1/cs/configs/listener HTTP/1.1" 200 - 29476
172.18.0.3 - - [12/Mar/2019:14:57:18 +0800] "GET /nacos/v1/cs/health HTTP/1.1" 200 2 2
172.18.0.3 - - [12/Mar/2019:14:57:23 +0800] "GET /nacos/v1/cs/health HTTP/1.1" 200 2 2
172.18.0.4 - - [12/Mar/2019:14:57:27 +0800] "GET /nacos/actuator/prometheus HTTP/1.1" 200 19134 11
172.18.0.3 - - [12/Mar/2019:14:57:28 +0800] "GET /nacos/v1/cs/health HTTP/1.1" 200 2 2
172.18.0.3 - - [12/Mar/2019:14:57:33 +0800] "GET /nacos/v1/cs/health HTTP/1.1" 200 2 6
172.18.0.3 - - [12/Mar/2019:14:57:38 +0800] "GET /nacos/v1/cs/health HTTP/1.1" 200 2 2
172.18.0.4 - - [12/Mar/2019:14:57:42 +0800] "GET /nacos/actuator/prometheus HTTP/1.1" 200 19134 13
172.18.0.3 - - [12/Mar/2019:14:57:43 +0800] "GET /nacos/v1/cs/health HTTP/1.1" 200 2 9
172.18.0.1 - - [12/Mar/2019:14:57:45 +0800] "POST /nacos/v1/cs/configs/listener HTTP/1.1" 200 - 29473
172.18.0.3 - - [12/Mar/2019:14:57:45 +0800] "GET /nacos/v1/cs/communication/dataChange?dataId=runcoding.yaml&group=DEFAULT_GROUP HTTP/1.1" 200 14 2
172.18.0.1 - - [12/Mar/2019:14:57:45 +0800] "POST /nacos/v1/cs/configs?dataId=runcoding.yaml&group=DEFAULT_GROUP&content=useLocalCache=false HTTP/1.1" 200 14 39
172.18.0.1 - - [12/Mar/2019:14:57:45 +0800] "POST /nacos/v1/cs/configs/listener HTTP/1.1" 200 34 711
172.18.0.1 - - [12/Mar/2019:14:57:45 +0800] "GET /nacos/v1/cs/configs?dataId=runcoding.yaml&group=DEFAULT_GROUP HTTP/1.1" 200 30 16
172.18.0.1 - - [12/Mar/2019:14:57:45 +0800] "GET /nacos/v1/cs/configs?dataId=runcoding.yaml&group=DEFAULT_GROUP HTTP/1.1" 200 30 10
172.18.0.3 - - [12/Mar/2019:14:57:48 +0800] "GET /nacos/v1/cs/health HTTP/1.1" 200 2 1
172.18.0.3 - - [12/Mar/2019:14:57:53 +0800] "GET /nacos/v1/cs/health HTTP/1.1" 200 2 2
172.18.0.4 - - [12/Mar/2019:14:57:57 +0800] "GET /nacos/actuator/prometheus HTTP/1.1" 200 19122 38
172.18.0.3 - - [12/Mar/2019:14:57:58 +0800] "GET /nacos/v1/cs/health HTTP/1.1" 200 2 5
172.18.0.3 - - [12/Mar/2019:14:58:03 +0800] "GET /nacos/v1/cs/health HTTP/1.1" 200 2 3
172.18.0.3 - - [12/Mar/2019:14:58:04 +0800] "GET /nacos/v1/cs/communication/dataChange?dataId=runcoding.yaml&group=DEFAULT_GROUP HTTP/1.1" 200 14 2
172.18.0.1 - - [12/Mar/2019:14:58:04 +0800] "POST /nacos/v1/cs/configs?dataId=runcoding.yaml&group=DEFAULT_GROUP&content=useLocalCache=true HTTP/1.1" 200 14 38
172.18.0.1 - - [12/Mar/2019:14:58:04 +0800] "POST /nacos/v1/cs/configs/listener HTTP/1.1" 200 34 18237
172.18.0.1 - - [12/Mar/2019:14:58:04 +0800] "GET /nacos/v1/cs/configs?dataId=runcoding.yaml&group=DEFAULT_GROUP HTTP/1.1" 200 29 16
172.18.0.1 - - [12/Mar/2019:14:58:04 +0800] "GET /nacos/v1/cs/configs?dataId=runcoding.yaml&group=DEFAULT_GROUP HTTP/1.1" 200 29 13
172.18.0.3 - - [12/Mar/2019:14:58:08 +0800] "GET /nacos/v1/cs/health HTTP/1.1" 200 2 1
172.18.0.4 - - [12/Mar/2019:14:58:12 +0800] "GET /nacos/actuator/prometheus HTTP/1.1" 200 19134 11
172.18.0.3 - - [12/Mar/2019:14:58:13 +0800] "GET /nacos/v1/cs/health HTTP/1.1" 200 2 2
172.18.0.3 - - [12/Mar/2019:14:58:18 +0800] "GET /nacos/v1/cs/health HTTP/1.1" 200 2 2
172.18.0.3 - - [12/Mar/2019:14:58:23 +0800] "GET /nacos/v1/cs/health HTTP/1.1" 200 2 2
172.18.0.4 - - [12/Mar/2019:14:58:27 +0800] "GET /nacos/actuator/prometheus HTTP/1.1" 200 19120 8
172.18.0.3 - - [12/Mar/2019:14:58:28 +0800] "GET /nacos/v1/cs/health HTTP/1.1" 200 2 2
172.18.0.3 - - [12/Mar/2019:14:58:33 +0800] "GET /nacos/v1/cs/health HTTP/1.1" 200 2 2
172.18.0.1 - - [12/Mar/2019:14:58:34 +0800] "POST /nacos/v1/cs/configs/listener HTTP/1.1" 200 - 29474
172.18.0.3 - - [12/Mar/2019:14:58:37 +0800] "GET /nacos/v1/cs/health HTTP/1.1" 200 2 6
172.18.0.4 - - [12/Mar/2019:14:58:42 +0800] "GET /nacos/actuator/prometheus HTTP/1.1" 200 19120 9
172.18.0.3 - - [12/Mar/2019:14:58:42 +0800] "GET /nacos/v1/cs/health HTTP/1.1" 200 2 2
172.18.0.3 - - [12/Mar/2019:14:58:48 +0800] "GET /nacos/v1/cs/health HTTP/1.1" 200 2 3
172.18.0.3 - - [12/Mar/2019:14:58:53 +0800] "GET /nacos/v1/cs/health HTTP/1.1" 200 2 11
172.18.0.4 - - [12/Mar/2019:14:58:57 +0800] "GET /nacos/actuator/prometheus HTTP/1.1" 200 19119 8
172.18.0.3 - - [12/Mar/2019:14:58:58 +0800] "GET /nacos/v1/cs/health HTTP/1.1" 200 2 2
172.18.0.3 - - [12/Mar/2019:14:59:03 +0800] "GET /nacos/v1/cs/health HTTP/1.1" 200 2 2
172.18.0.1 - - [12/Mar/2019:14:59:03 +0800] "POST /nacos/v1/cs/configs/listener HTTP/1.1" 200 - 29476
172.18.0.3 - - [12/Mar/2019:14:59:07 +0800] "GET /nacos/v1/cs/health HTTP/1.1" 200 2 7
172.18.0.4 - - [12/Mar/2019:14:59:12 +0800] "GET /nacos/actuator/prometheus HTTP/1.1" 200 19121 8
172.18.0.1 - - [12/Mar/2019:14:59:12 +0800] "GET /nacos/v1/cs/configs?search=accurate&dataId=&group=&appName=&config_tags=&pageNo=1&pageSize=10&tenant=&namespaceId= HTTP/1.1" 200 201 13
172.18.0.3 - - [12/Mar/2019:14:59:13 +0800] "GET /nacos/v1/cs/health HTTP/1.1" 200 2 22
172.18.0.1 - - [12/Mar/2019:14:59:16 +0800] "GET /nacos/v1/cs/configs?show=all&dataId=runcoding.yaml&group=DEFAULT_GROUP&tenant=&namespaceId= HTTP/1.1" 200 344 12
172.18.0.3 - - [12/Mar/2019:14:59:18 +0800] "GET /nacos/v1/cs/health HTTP/1.1" 200 2 6
172.18.0.1 - - [12/Mar/2019:14:59:21 +0800] "GET /nacos/v1/cs/configs?search=accurate&dataId=&group=&appName=&config_tags=&pageNo=1&pageSize=10&tenant=&namespaceId= HTTP/1.1" 200 201 11
172.18.0.3 - - [12/Mar/2019:14:59:23 +0800] "GET /nacos/v1/cs/health HTTP/1.1" 200 2 1
172.18.0.1 - - [12/Mar/2019:14:59:23 +0800] "GET /nacos/v1/cs/configs?show=all&dataId=runcoding.yaml&group=DEFAULT_GROUP&tenant=&namespaceId= HTTP/1.1" 200 344 16
172.18.0.1 - - [12/Mar/2019:14:59:27 +0800] "GET /nacos/console-fe/public/js/vs/basic-languages/src/yaml.js HTTP/1.1" 200 3869 14
172.18.0.4 - - [12/Mar/2019:14:59:27 +0800] "GET /nacos/actuator/prometheus HTTP/1.1" 200 19127 9
172.18.0.3 - - [12/Mar/2019:14:59:28 +0800] "GET /nacos/v1/cs/health HTTP/1.1" 200 2 5
172.18.0.3 - - [12/Mar/2019:14:59:33 +0800] "GET /nacos/v1/cs/health HTTP/1.1" 200 2 2
172.18.0.1 - - [12/Mar/2019:14:59:33 +0800] "POST /nacos/v1/cs/configs/listener HTTP/1.1" 200 - 29472
172.18.0.1 - - [12/Mar/2019:14:59:35 +0800] "GET /nacos/v1/cs/configs?search=accurate&dataId=&group=&appName=&config_tags=&pageNo=1&pageSize=10&tenant=&namespaceId= HTTP/1.1" 200 201 11
172.18.0.1 - - [12/Mar/2019:14:59:35 +0800] "GET /nacos/v1/cs/configs?search=accurate&dataId=&group=&appName=&config_tags=&pageNo=1&pageSize=10&tenant=&namespaceId= HTTP/1.1" 200 201 24
172.18.0.1 - - [12/Mar/2019:14:59:35 +0800] "GET /nacos/v1/cs/configs?search=accurate&dataId=&group=&appName=&config_tags=&pageNo=1&pageSize=10&tenant=&namespaceId= HTTP/1.1" 200 201 16
172.18.0.1 - - [12/Mar/2019:14:59:35 +0800] "GET /nacos/v1/cs/configs?search=accurate&dataId=&group=&appName=&config_tags=&pageNo=1&pageSize=10&tenant=&namespaceId= HTTP/1.1" 200 201 9
172.18.0.1 - - [12/Mar/2019:14:59:35 +0800] "GET /nacos/v1/cs/history?search=accurate&dataId=runcoding&group=DEFAULT_GROUP&&pageNo=1&pageSize=10&tenant=&namespaceId= HTTP/1.1" 200 1697 78
172.18.0.1 - - [12/Mar/2019:14:59:35 +0800] "GET /nacos/v1/cs/configs?search=accurate&dataId=&group=&appName=&config_tags=&pageNo=1&pageSize=10&tenant=&namespaceId= HTTP/1.1" 200 201 44
172.18.0.1 - - [12/Mar/2019:14:59:35 +0800] "GET /nacos/v1/cs/history?search=accurate&dataId=runcoding&group=DEFAULT_GROUP&&pageNo=1&pageSize=10&tenant=&namespaceId= HTTP/1.1" 200 1697 65
172.18.0.1 - - [12/Mar/2019:14:59:35 +0800] "GET /nacos/v1/cs/configs?search=accurate&dataId=&group=&appName=&config_tags=&pageNo=1&pageSize=10&tenant=&namespaceId= HTTP/1.1" 200 201 18
172.18.0.1 - - [12/Mar/2019:14:59:35 +0800] "GET /nacos/v1/cs/configs?search=accurate&dataId=&group=&appName=&config_tags=&pageNo=1&pageSize=10&tenant=&namespaceId= HTTP/1.1" 200 201 21
172.18.0.1 - - [12/Mar/2019:14:59:35 +0800] "GET /nacos/v1/cs/configs?search=accurate&dataId=&group=&appName=&config_tags=&pageNo=1&pageSize=10&tenant=&namespaceId= HTTP/1.1" 200 201 17
172.18.0.1 - - [12/Mar/2019:14:59:35 +0800] "GET /nacos/v1/cs/configs?search=accurate&dataId=&group=&appName=&config_tags=&pageNo=1&pageSize=10&tenant=&namespaceId= HTTP/1.1" 200 201 17
172.18.0.1 - - [12/Mar/2019:14:59:35 +0800] "GET /nacos/v1/cs/configs?search=accurate&dataId=&group=&appName=&config_tags=&pageNo=1&pageSize=10&tenant=&namespaceId= HTTP/1.1" 200 201 8
172.18.0.1 - - [12/Mar/2019:14:59:35 +0800] "GET /nacos/v1/cs/configs?search=accurate&dataId=&group=&appName=&config_tags=&pageNo=1&pageSize=10&tenant=&namespaceId= HTTP/1.1" 200 201 7
172.18.0.1 - - [12/Mar/2019:14:59:35 +0800] "GET /nacos/v1/cs/configs?search=accurate&dataId=&group=&appName=&config_tags=&pageNo=1&pageSize=10&tenant=&namespaceId= HTTP/1.1" 200 201 6
172.18.0.1 - - [12/Mar/2019:14:59:35 +0800] "GET /nacos/v1/cs/configs?search=accurate&dataId=&group=&appName=&config_tags=&pageNo=1&pageSize=10&tenant=&namespaceId= HTTP/1.1" 200 201 13
172.18.0.1 - - [12/Mar/2019:14:59:35 +0800] "GET /nacos/v1/cs/configs?search=accurate&dataId=&group=&appName=&config_tags=&pageNo=1&pageSize=10&tenant=&namespaceId= HTTP/1.1" 200 201 13
172.18.0.1 - - [12/Mar/2019:14:59:35 +0800] "GET /nacos/v1/cs/configs?search=accurate&dataId=&group=&appName=&config_tags=&pageNo=1&pageSize=10&tenant=&namespaceId= HTTP/1.1" 200 201 9
172.18.0.1 - - [12/Mar/2019:14:59:35 +0800] "GET /nacos/v1/cs/configs?search=accurate&dataId=&group=&appName=&config_tags=&pageNo=1&pageSize=10&tenant=&namespaceId= HTTP/1.1" 200 201 5
172.18.0.1 - - [12/Mar/2019:14:59:35 +0800] "GET /nacos/v1/cs/configs?search=accurate&dataId=&group=&appName=&config_tags=&pageNo=1&pageSize=10&tenant=&namespaceId= HTTP/1.1" 200 201 8
172.18.0.3 - - [12/Mar/2019:14:59:37 +0800] "GET /nacos/v1/cs/health HTTP/1.1" 200 2 2
172.18.0.4 - - [12/Mar/2019:14:59:42 +0800] "GET /nacos/actuator/prometheus HTTP/1.1" 200 19135 9
172.18.0.3 - - [12/Mar/2019:14:59:42 +0800] "GET /nacos/v1/cs/health HTTP/1.1" 200 2 3
172.18.0.3 - - [12/Mar/2019:14:59:43 +0800] "GET /nacos/v1/cs/communication/dataChange?dataId=runcoding.yaml&group=DEFAULT_GROUP HTTP/1.1" 200 14 14
172.18.0.1 - - [12/Mar/2019:14:59:43 +0800] "POST /nacos/v1/cs/configs HTTP/1.1" 200 14 101
172.18.0.1 - - [12/Mar/2019:14:59:43 +0800] "POST /nacos/v1/cs/configs/listener HTTP/1.1" 200 34 10142
172.18.0.1 - - [12/Mar/2019:14:59:43 +0800] "GET /nacos/v1/cs/configs?dataId=runcoding.yaml&group=DEFAULT_GROUP HTTP/1.1" 200 30 41
172.18.0.1 - - [12/Mar/2019:14:59:43 +0800] "GET /nacos/v1/cs/configs?dataId=runcoding.yaml&group=DEFAULT_GROUP HTTP/1.1" 200 30 28
172.18.0.3 - - [12/Mar/2019:14:59:47 +0800] "GET /nacos/v1/cs/health HTTP/1.1" 200 2 1
172.18.0.3 - - [12/Mar/2019:14:59:52 +0800] "GET /nacos/v1/cs/health HTTP/1.1" 200 2 2
172.18.0.1 - - [12/Mar/2019:14:59:57 +0800] "GET /nacos/v1/cs/configs?search=accurate&dataId=&group=&appName=&config_tags=&pageNo=1&pageSize=10&tenant=&namespaceId= HTTP/1.1" 200 202 15
172.18.0.4 - - [12/Mar/2019:14:59:57 +0800] "GET /nacos/actuator/prometheus HTTP/1.1" 200 19132 19
172.18.0.3 - - [12/Mar/2019:14:59:57 +0800] "GET /nacos/v1/cs/health HTTP/1.1" 200 2 2
172.18.0.3 - - [12/Mar/2019:15:00:02 +0800] "GET /nacos/v1/cs/health HTTP/1.1" 200 2 2
172.18.0.3 - - [12/Mar/2019:15:00:07 +0800] "GET /nacos/v1/cs/health HTTP/1.1" 200 2 1
172.18.0.4 - - [12/Mar/2019:15:00:12 +0800] "GET /nacos/actuator/prometheus HTTP/1.1" 200 19134 11
172.18.0.3 - - [12/Mar/2019:15:00:12 +0800] "GET /nacos/v1/cs/health HTTP/1.1" 200 2 9
172.18.0.1 - - [12/Mar/2019:15:00:13 +0800] "POST /nacos/v1/cs/configs/listener HTTP/1.1" 200 - 29472
172.18.0.3 - - [12/Mar/2019:15:00:17 +0800] "GET /nacos/v1/cs/health HTTP/1.1" 200 2 4
172.18.0.3 - - [12/Mar/2019:15:00:22 +0800] "GET /nacos/v1/cs/health HTTP/1.1" 200 2 3
172.18.0.4 - - [12/Mar/2019:15:00:27 +0800] "GET /nacos/actuator/prometheus HTTP/1.1" 200 19134 24
172.18.0.3 - - [12/Mar/2019:15:00:27 +0800] "GET /nacos/v1/cs/health HTTP/1.1" 200 2 2
172.18.0.3 - - [12/Mar/2019:15:00:32 +0800] "GET /nacos/v1/cs/health HTTP/1.1" 200 2 6
172.18.0.3 - - [12/Mar/2019:15:00:37 +0800] "GET /nacos/v1/cs/health HTTP/1.1" 200 2 5
172.18.0.4 - - [12/Mar/2019:15:00:42 +0800] "GET /nacos/actuator/prometheus HTTP/1.1" 200 19137 9
172.18.0.1 - - [12/Mar/2019:15:00:42 +0800] "POST /nacos/v1/cs/configs/listener HTTP/1.1" 200 - 29477
172.18.0.3 - - [12/Mar/2019:15:00:42 +0800] "GET /nacos/v1/cs/health HTTP/1.1" 200 2 5
172.18.0.3 - - [12/Mar/2019:15:00:47 +0800] "GET /nacos/v1/cs/health HTTP/1.1" 200 2 5
172.18.0.3 - - [12/Mar/2019:15:00:52 +0800] "GET /nacos/v1/cs/health HTTP/1.1" 200 2 4
172.18.0.4 - - [12/Mar/2019:15:00:57 +0800] "GET /nacos/actuator/prometheus HTTP/1.1" 200 19136 8
172.18.0.3 - - [12/Mar/2019:15:00:57 +0800] "GET /nacos/v1/cs/health HTTP/1.1" 200 2 2
172.18.0.3 - - [12/Mar/2019:15:01:02 +0800] "GET /nacos/v1/cs/health HTTP/1.1" 200 2 6
172.18.0.3 - - [12/Mar/2019:15:01:07 +0800] "GET /nacos/v1/cs/health HTTP/1.1" 200 2 3
172.18.0.1 - - [12/Mar/2019:15:01:12 +0800] "POST /nacos/v1/cs/configs/listener HTTP/1.1" 200 - 29474
172.18.0.4 - - [12/Mar/2019:15:01:12 +0800] "GET /nacos/actuator/prometheus HTTP/1.1" 200 19134 10
172.18.0.3 - - [12/Mar/2019:15:01:12 +0800] "GET /nacos/v1/cs/health HTTP/1.1" 200 2 7
172.18.0.3 - - [12/Mar/2019:15:01:17 +0800] "GET /nacos/v1/cs/health HTTP/1.1" 200 2 4
172.18.0.3 - - [12/Mar/2019:15:01:22 +0800] "GET /nacos/v1/cs/health HTTP/1.1" 200 2 2
172.18.0.4 - - [12/Mar/2019:15:01:27 +0800] "GET /nacos/actuator/prometheus HTTP/1.1" 200 19134 12
172.18.0.3 - - [12/Mar/2019:15:01:27 +0800] "GET /nacos/v1/cs/health HTTP/1.1" 200 2 4
172.18.0.3 - - [12/Mar/2019:15:01:32 +0800] "GET /nacos/v1/cs/health HTTP/1.1" 200 2 2
172.18.0.3 - - [12/Mar/2019:15:01:37 +0800] "GET /nacos/v1/cs/health HTTP/1.1" 200 2 2
172.18.0.1 - - [12/Mar/2019:15:01:41 +0800] "POST /nacos/v1/cs/configs/listener HTTP/1.1" 200 - 29478
172.18.0.4 - - [12/Mar/2019:15:01:42 +0800] "GET /nacos/actuator/prometheus HTTP/1.1" 200 19135 12
172.18.0.3 - - [12/Mar/2019:15:01:42 +0800] "GET /nacos/v1/cs/health HTTP/1.1" 200 2 3
172.18.0.3 - - [12/Mar/2019:15:01:47 +0800] "GET /nacos/v1/cs/health HTTP/1.1" 200 2 2
172.18.0.3 - - [12/Mar/2019:15:01:52 +0800] "GET /nacos/v1/cs/health HTTP/1.1" 200 2 5
172.18.0.4 - - [12/Mar/2019:15:01:57 +0800] "GET /nacos/actuator/prometheus HTTP/1.1" 200 19109 15
172.18.0.3 - - [12/Mar/2019:15:01:57 +0800] "GET /nacos/v1/cs/health HTTP/1.1" 200 2 8
172.18.0.3 - - [12/Mar/2019:15:02:02 +0800] "GET /nacos/v1/cs/health HTTP/1.1" 200 2 5
172.18.0.3 - - [12/Mar/2019:15:02:07 +0800] "GET /nacos/v1/cs/health HTTP/1.1" 200 2 6
172.18.0.1 - - [12/Mar/2019:15:02:10 +0800] "GET /nacos/v1/cs/configs?dataId=runcoding.yaml&group=DEFAULT_GROUP HTTP/1.1" 200 30 9
