172.18.0.3 - - [12/Mar/2019:14:09:39 +0800] "GET /nacos/v1/cs/health HTTP/1.1" 200 2 2
172.18.0.3 - - [12/Mar/2019:14:09:44 +0800] "GET /nacos/v1/cs/health HTTP/1.1" 200 2 2
172.18.0.4 - - [12/Mar/2019:14:09:45 +0800] "GET /nacos/actuator/prometheus HTTP/1.1" 200 18314 11
172.18.0.3 - - [12/Mar/2019:14:09:49 +0800] "GET /nacos/v1/cs/health HTTP/1.1" 200 2 6
172.18.0.3 - - [12/Mar/2019:14:09:54 +0800] "GET /nacos/v1/cs/health HTTP/1.1" 200 2 5
172.18.0.3 - - [12/Mar/2019:14:09:59 +0800] "GET /nacos/v1/cs/health HTTP/1.1" 200 2 2
172.18.0.4 - - [12/Mar/2019:14:10:00 +0800] "GET /nacos/actuator/prometheus HTTP/1.1" 200 18302 13
172.18.0.3 - - [12/Mar/2019:14:10:04 +0800] "GET /nacos/v1/cs/health HTTP/1.1" 200 2 3
172.18.0.1 - - [12/Mar/2019:14:10:05 +0800] "POST /nacos/v1/cs/configs/listener HTTP/1.1" 200 - 29472
172.18.0.3 - - [12/Mar/2019:14:10:09 +0800] "GET /nacos/v1/cs/health HTTP/1.1" 200 2 3
172.18.0.3 - - [12/Mar/2019:14:10:14 +0800] "GET /nacos/v1/cs/health HTTP/1.1" 200 2 4
172.18.0.4 - - [12/Mar/2019:14:10:15 +0800] "GET /nacos/actuator/prometheus HTTP/1.1" 200 18291 10
172.18.0.3 - - [12/Mar/2019:14:10:19 +0800] "GET /nacos/v1/cs/health HTTP/1.1" 200 2 2
172.18.0.3 - - [12/Mar/2019:14:10:24 +0800] "GET /nacos/v1/cs/health HTTP/1.1" 200 2 3
172.18.0.3 - - [12/Mar/2019:14:10:29 +0800] "GET /nacos/v1/cs/health HTTP/1.1" 200 2 2
172.18.0.4 - - [12/Mar/2019:14:10:30 +0800] "GET /nacos/actuator/prometheus HTTP/1.1" 200 18282 12
172.18.0.3 - - [12/Mar/2019:14:10:34 +0800] "GET /nacos/v1/cs/health HTTP/1.1" 200 2 2
172.18.0.1 - - [12/Mar/2019:14:10:35 +0800] "POST /nacos/v1/cs/configs/listener HTTP/1.1" 200 - 29473
172.18.0.3 - - [12/Mar/2019:14:10:39 +0800] "GET /nacos/v1/cs/health HTTP/1.1" 200 2 2
172.18.0.3 - - [12/Mar/2019:14:10:44 +0800] "GET /nacos/v1/cs/health HTTP/1.1" 200 2 1
172.18.0.4 - - [12/Mar/2019:14:10:45 +0800] "GET /nacos/actuator/prometheus HTTP/1.1" 200 18280 13
172.18.0.3 - - [12/Mar/2019:14:10:49 +0800] "GET /nacos/v1/cs/health HTTP/1.1" 200 2 2
172.18.0.3 - - [12/Mar/2019:14:10:54 +0800] "GET /nacos/v1/cs/health HTTP/1.1" 200 2 3
172.18.0.3 - - [12/Mar/2019:14:10:59 +0800] "GET /nacos/v1/cs/health HTTP/1.1" 200 2 2
172.18.0.4 - - [12/Mar/2019:14:11:00 +0800] "GET /nacos/actuator/prometheus HTTP/1.1" 200 18277 7
172.18.0.3 - - [12/Mar/2019:14:11:04 +0800] "GET /nacos/v1/cs/health HTTP/1.1" 200 2 2
172.18.0.1 - - [12/Mar/2019:14:11:04 +0800] "POST /nacos/v1/cs/configs/listener HTTP/1.1" 200 - 29477
172.18.0.3 - - [12/Mar/2019:14:11:09 +0800] "GET /nacos/v1/cs/health HTTP/1.1" 200 2 2
172.18.0.3 - - [12/Mar/2019:14:11:14 +0800] "GET /nacos/v1/cs/health HTTP/1.1" 200 2 5
172.18.0.4 - - [12/Mar/2019:14:11:15 +0800] "GET /nacos/actuator/prometheus HTTP/1.1" 200 18281 7
172.18.0.3 - - [12/Mar/2019:14:11:19 +0800] "GET /nacos/v1/cs/health HTTP/1.1" 200 2 3
172.18.0.3 - - [12/Mar/2019:14:11:24 +0800] "GET /nacos/v1/cs/health HTTP/1.1" 200 2 2
172.18.0.3 - - [12/Mar/2019:14:11:29 +0800] "GET /nacos/v1/cs/health HTTP/1.1" 200 2 3
172.18.0.4 - - [12/Mar/2019:14:11:30 +0800] "GET /nacos/actuator/prometheus HTTP/1.1" 200 18281 6
172.18.0.1 - - [12/Mar/2019:14:11:34 +0800] "POST /nacos/v1/cs/configs/listener HTTP/1.1" 200 - 29482
172.18.0.3 - - [12/Mar/2019:14:11:34 +0800] "GET /nacos/v1/cs/health HTTP/1.1" 200 2 1
172.18.0.3 - - [12/Mar/2019:14:11:39 +0800] "GET /nacos/v1/cs/health HTTP/1.1" 200 2 2
172.18.0.3 - - [12/Mar/2019:14:11:44 +0800] "GET /nacos/v1/cs/health HTTP/1.1" 200 2 2
172.18.0.4 - - [12/Mar/2019:14:11:45 +0800] "GET /nacos/actuator/prometheus HTTP/1.1" 200 18281 10
172.18.0.3 - - [12/Mar/2019:14:11:49 +0800] "GET /nacos/v1/cs/health HTTP/1.1" 200 2 4
172.18.0.3 - - [12/Mar/2019:14:11:54 +0800] "GET /nacos/v1/cs/health HTTP/1.1" 200 2 4
172.18.0.3 - - [12/Mar/2019:14:11:59 +0800] "GET /nacos/v1/cs/health HTTP/1.1" 200 2 2
172.18.0.4 - - [12/Mar/2019:14:12:00 +0800] "GET /nacos/actuator/prometheus HTTP/1.1" 200 18280 19
172.18.0.1 - - [12/Mar/2019:14:12:03 +0800] "POST /nacos/v1/cs/configs/listener HTTP/1.1" 200 - 29473
172.18.0.3 - - [12/Mar/2019:14:12:04 +0800] "GET /nacos/v1/cs/health HTTP/1.1" 200 2 2
172.18.0.3 - - [12/Mar/2019:14:12:09 +0800] "GET /nacos/v1/cs/health HTTP/1.1" 200 2 2
172.18.0.3 - - [12/Mar/2019:14:12:14 +0800] "GET /nacos/v1/cs/health HTTP/1.1" 200 2 2
172.18.0.4 - - [12/Mar/2019:14:12:15 +0800] "GET /nacos/actuator/prometheus HTTP/1.1" 200 18280 12
172.18.0.3 - - [12/Mar/2019:14:12:19 +0800] "GET /nacos/v1/cs/health HTTP/1.1" 200 2 3
172.18.0.3 - - [12/Mar/2019:14:12:24 +0800] "GET /nacos/v1/cs/health HTTP/1.1" 200 2 4
172.18.0.3 - - [12/Mar/2019:14:12:29 +0800] "GET /nacos/v1/cs/health HTTP/1.1" 200 2 13
172.18.0.4 - - [12/Mar/2019:14:12:30 +0800] "GET /nacos/actuator/prometheus HTTP/1.1" 200 18282 22
172.18.0.1 - - [12/Mar/2019:14:12:33 +0800] "POST /nacos/v1/cs/configs/listener HTTP/1.1" 200 - 29479
172.18.0.3 - - [12/Mar/2019:14:12:34 +0800] "GET /nacos/v1/cs/health HTTP/1.1" 200 2 2
172.18.0.3 - - [12/Mar/2019:14:12:39 +0800] "GET /nacos/v1/cs/health HTTP/1.1" 200 2 5
172.18.0.3 - - [12/Mar/2019:14:12:44 +0800] "GET /nacos/v1/cs/health HTTP/1.1" 200 2 2
172.18.0.4 - - [12/Mar/2019:14:12:45 +0800] "GET /nacos/actuator/prometheus HTTP/1.1" 200 18279 9
172.18.0.3 - - [12/Mar/2019:14:12:49 +0800] "GET /nacos/v1/cs/health HTTP/1.1" 200 2 2
172.18.0.3 - - [12/Mar/2019:14:12:54 +0800] "GET /nacos/v1/cs/health HTTP/1.1" 200 2 8
172.18.0.3 - - [12/Mar/2019:14:12:59 +0800] "GET /nacos/v1/cs/health HTTP/1.1" 200 2 18
172.18.0.4 - - [12/Mar/2019:14:13:00 +0800] "GET /nacos/actuator/prometheus HTTP/1.1" 200 18282 109
172.18.0.1 - - [12/Mar/2019:14:13:02 +0800] "POST /nacos/v1/cs/configs/listener HTTP/1.1" 200 - 29483
172.18.0.3 - - [12/Mar/2019:14:13:04 +0800] "GET /nacos/v1/cs/health HTTP/1.1" 200 2 20
172.18.0.3 - - [12/Mar/2019:14:13:09 +0800] "GET /nacos/v1/cs/health HTTP/1.1" 200 2 2
172.18.0.3 - - [12/Mar/2019:14:13:14 +0800] "GET /nacos/v1/cs/health HTTP/1.1" 200 2 1
172.18.0.4 - - [12/Mar/2019:14:13:15 +0800] "GET /nacos/actuator/prometheus HTTP/1.1" 200 18282 14
172.18.0.3 - - [12/Mar/2019:14:13:19 +0800] "GET /nacos/v1/cs/health HTTP/1.1" 200 2 6
172.18.0.3 - - [12/Mar/2019:14:13:24 +0800] "GET /nacos/v1/cs/health HTTP/1.1" 200 2 2
172.18.0.3 - - [12/Mar/2019:14:13:29 +0800] "GET /nacos/v1/cs/health HTTP/1.1" 200 2 9
172.18.0.4 - - [12/Mar/2019:14:13:30 +0800] "GET /nacos/actuator/prometheus HTTP/1.1" 200 18280 14
172.18.0.1 - - [12/Mar/2019:14:13:32 +0800] "POST /nacos/v1/cs/configs/listener HTTP/1.1" 200 - 29475
172.18.0.3 - - [12/Mar/2019:14:13:34 +0800] "GET /nacos/v1/cs/health HTTP/1.1" 200 2 2
172.18.0.3 - - [12/Mar/2019:14:13:39 +0800] "GET /nacos/v1/cs/health HTTP/1.1" 200 2 3
172.18.0.3 - - [12/Mar/2019:14:13:44 +0800] "GET /nacos/v1/cs/health HTTP/1.1" 200 2 2
172.18.0.4 - - [12/Mar/2019:14:13:45 +0800] "GET /nacos/actuator/prometheus HTTP/1.1" 200 18281 9
172.18.0.3 - - [12/Mar/2019:14:13:49 +0800] "GET /nacos/v1/cs/health HTTP/1.1" 200 2 5
172.18.0.3 - - [12/Mar/2019:14:13:54 +0800] "GET /nacos/v1/cs/health HTTP/1.1" 200 2 3
172.18.0.3 - - [12/Mar/2019:14:13:59 +0800] "GET /nacos/v1/cs/health HTTP/1.1" 200 2 2
172.18.0.4 - - [12/Mar/2019:14:14:00 +0800] "GET /nacos/actuator/prometheus HTTP/1.1" 200 18281 13
172.18.0.1 - - [12/Mar/2019:14:14:01 +0800] "POST /nacos/v1/cs/configs/listener HTTP/1.1" 200 - 29474
172.18.0.3 - - [12/Mar/2019:14:14:04 +0800] "GET /nacos/v1/cs/health HTTP/1.1" 200 2 4
172.18.0.3 - - [12/Mar/2019:14:14:09 +0800] "GET /nacos/v1/cs/health HTTP/1.1" 200 2 2
172.18.0.3 - - [12/Mar/2019:14:14:14 +0800] "GET /nacos/v1/cs/health HTTP/1.1" 200 2 3
172.18.0.4 - - [12/Mar/2019:14:14:15 +0800] "GET /nacos/actuator/prometheus HTTP/1.1" 200 18280 25
172.18.0.3 - - [12/Mar/2019:14:14:19 +0800] "GET /nacos/v1/cs/health HTTP/1.1" 200 2 4
172.18.0.3 - - [12/Mar/2019:14:14:24 +0800] "GET /nacos/v1/cs/health HTTP/1.1" 200 2 9
172.18.0.3 - - [12/Mar/2019:14:14:29 +0800] "GET /nacos/v1/cs/health HTTP/1.1" 200 2 2
172.18.0.4 - - [12/Mar/2019:14:14:30 +0800] "GET /nacos/actuator/prometheus HTTP/1.1" 200 18277 24
172.18.0.1 - - [12/Mar/2019:14:14:31 +0800] "POST /nacos/v1/cs/configs/listener HTTP/1.1" 200 - 29485
172.18.0.3 - - [12/Mar/2019:14:14:34 +0800] "GET /nacos/v1/cs/health HTTP/1.1" 200 2 2
172.18.0.3 - - [12/Mar/2019:14:14:39 +0800] "GET /nacos/v1/cs/health HTTP/1.1" 200 2 8
172.18.0.3 - - [12/Mar/2019:14:14:44 +0800] "GET /nacos/v1/cs/health HTTP/1.1" 200 2 7
172.18.0.4 - - [12/Mar/2019:14:14:45 +0800] "GET /nacos/actuator/prometheus HTTP/1.1" 200 18281 10
172.18.0.3 - - [12/Mar/2019:14:14:49 +0800] "GET /nacos/v1/cs/health HTTP/1.1" 200 2 2
172.18.0.3 - - [12/Mar/2019:14:14:54 +0800] "GET /nacos/v1/cs/health HTTP/1.1" 200 2 2
172.18.0.3 - - [12/Mar/2019:14:14:59 +0800] "GET /nacos/v1/cs/health HTTP/1.1" 200 2 1
172.18.0.4 - - [12/Mar/2019:14:15:00 +0800] "GET /nacos/actuator/prometheus HTTP/1.1" 200 18281 9
172.18.0.1 - - [12/Mar/2019:14:15:00 +0800] "POST /nacos/v1/cs/configs/listener HTTP/1.1" 200 - 29480
172.18.0.3 - - [12/Mar/2019:14:15:04 +0800] "GET /nacos/v1/cs/health HTTP/1.1" 200 2 3
172.18.0.3 - - [12/Mar/2019:14:15:09 +0800] "GET /nacos/v1/cs/health HTTP/1.1" 200 2 3
172.18.0.3 - - [12/Mar/2019:14:15:14 +0800] "GET /nacos/v1/cs/health HTTP/1.1" 200 2 3
172.18.0.4 - - [12/Mar/2019:14:15:15 +0800] "GET /nacos/actuator/prometheus HTTP/1.1" 200 18281 10
172.18.0.3 - - [12/Mar/2019:14:15:19 +0800] "GET /nacos/v1/cs/health HTTP/1.1" 200 2 3
172.18.0.3 - - [12/Mar/2019:14:15:24 +0800] "GET /nacos/v1/cs/health HTTP/1.1" 200 2 8
172.18.0.3 - - [12/Mar/2019:14:15:29 +0800] "GET /nacos/v1/cs/health HTTP/1.1" 200 2 4
172.18.0.1 - - [12/Mar/2019:14:15:30 +0800] "POST /nacos/v1/cs/configs/listener HTTP/1.1" 200 - 29478
172.18.0.4 - - [12/Mar/2019:14:15:30 +0800] "GET /nacos/actuator/prometheus HTTP/1.1" 200 18279 11
172.18.0.3 - - [12/Mar/2019:14:15:34 +0800] "GET /nacos/v1/cs/health HTTP/1.1" 200 2 2
172.18.0.3 - - [12/Mar/2019:14:15:39 +0800] "GET /nacos/v1/cs/health HTTP/1.1" 200 2 2
172.18.0.3 - - [12/Mar/2019:14:15:44 +0800] "GET /nacos/v1/cs/health HTTP/1.1" 200 2 2
172.18.0.4 - - [12/Mar/2019:14:15:45 +0800] "GET /nacos/actuator/prometheus HTTP/1.1" 200 18279 11
172.18.0.3 - - [12/Mar/2019:14:15:49 +0800] "GET /nacos/v1/cs/health HTTP/1.1" 200 2 3
172.18.0.1 - - [12/Mar/2019:14:15:51 +0800] "GET /nacos/v1/cs/configs?search=accurate&dataId=&group=&appName=&config_tags=&pageNo=1&pageSize=10&tenant=&namespaceId= HTTP/1.1" 200 196 59
172.18.0.3 - - [12/Mar/2019:14:15:54 +0800] "GET /nacos/v1/cs/health HTTP/1.1" 200 2 5
172.18.0.1 - - [12/Mar/2019:14:15:57 +0800] "GET /nacos/v1/cs/configs?show=all&dataId=runcoding&group=DEFAULT_GROUP&tenant=&namespaceId= HTTP/1.1" 200 339 21
172.18.0.3 - - [12/Mar/2019:14:15:59 +0800] "GET /nacos/v1/cs/health HTTP/1.1" 200 2 3
172.18.0.4 - - [12/Mar/2019:14:16:00 +0800] "GET /nacos/actuator/prometheus HTTP/1.1" 200 18287 12
172.18.0.3 - - [12/Mar/2019:14:16:04 +0800] "GET /nacos/v1/cs/health HTTP/1.1" 200 2 2
172.18.0.3 - - [12/Mar/2019:14:16:09 +0800] "GET /nacos/v1/cs/health HTTP/1.1" 200 2 1
172.18.0.1 - - [12/Mar/2019:14:16:09 +0800] "GET /nacos/v1/cs/configs?search=accurate&dataId=&group=&appName=&config_tags=&pageNo=1&pageSize=10&tenant=&namespaceId= HTTP/1.1" 200 196 17
172.18.0.3 - - [12/Mar/2019:14:16:14 +0800] "GET /nacos/v1/cs/health HTTP/1.1" 200 2 2
172.18.0.1 - - [12/Mar/2019:14:16:14 +0800] "GET /nacos/v1/cs/configs?show=all&dataId=runcoding&group=DEFAULT_GROUP&tenant=&namespaceId= HTTP/1.1" 200 339 56
172.18.0.4 - - [12/Mar/2019:14:16:15 +0800] "GET /nacos/actuator/prometheus HTTP/1.1" 200 18285 8
172.18.0.3 - - [12/Mar/2019:14:16:19 +0800] "GET /nacos/v1/cs/health HTTP/1.1" 200 2 2
172.18.0.1 - - [12/Mar/2019:14:16:21 +0800] "GET /nacos/v1/cs/configs?search=accurate&dataId=&group=&appName=&config_tags=&pageNo=1&pageSize=10&tenant=&namespaceId= HTTP/1.1" 200 196 16
172.18.0.3 - - [12/Mar/2019:14:16:24 +0800] "GET /nacos/v1/cs/health HTTP/1.1" 200 2 3
172.18.0.1 - - [12/Mar/2019:14:16:25 +0800] "GET /nacos/v1/cs/configs?show=all&dataId=runcoding&group=DEFAULT_GROUP&tenant=&namespaceId= HTTP/1.1" 200 339 19
172.18.0.1 - - [12/Mar/2019:14:16:26 +0800] "GET /nacos/console-fe/public/js/vs/base/worker/workerMain.js HTTP/1.1" 200 151535 32
172.18.0.3 - - [12/Mar/2019:14:16:29 +0800] "GET /nacos/v1/cs/health HTTP/1.1" 200 2 2
172.18.0.4 - - [12/Mar/2019:14:16:30 +0800] "GET /nacos/actuator/prometheus HTTP/1.1" 200 18292 8
172.18.0.3 - - [12/Mar/2019:14:16:34 +0800] "GET /nacos/v1/cs/health HTTP/1.1" 200 2 2
172.18.0.3 - - [12/Mar/2019:14:16:35 +0800] "GET /nacos/v1/cs/communication/dataChange?dataId=runcoding&group=DEFAULT_GROUP HTTP/1.1" 200 14 19
172.18.0.1 - - [12/Mar/2019:14:16:35 +0800] "POST /nacos/v1/cs/configs HTTP/1.1" 200 14 659
172.18.0.3 - - [12/Mar/2019:14:16:39 +0800] "GET /nacos/v1/cs/health HTTP/1.1" 200 2 2
172.18.0.3 - - [12/Mar/2019:14:16:44 +0800] "GET /nacos/v1/cs/health HTTP/1.1" 200 2 2
172.18.0.4 - - [12/Mar/2019:14:16:45 +0800] "GET /nacos/actuator/prometheus HTTP/1.1" 200 18307 10
172.18.0.3 - - [12/Mar/2019:14:16:49 +0800] "GET /nacos/v1/cs/health HTTP/1.1" 200 2 5
172.18.0.3 - - [12/Mar/2019:14:16:52 +0800] "GET /nacos/v1/cs/communication/dataChange?dataId=runcoding&group=DEFAULT_GROUP HTTP/1.1" 200 14 3
172.18.0.1 - - [12/Mar/2019:14:16:52 +0800] "POST /nacos/v1/cs/configs?dataId=runcoding&group=DEFAULT_GROUP&content=useLocalCache=true HTTP/1.1" 200 14 42
172.18.0.3 - - [12/Mar/2019:14:16:54 +0800] "GET /nacos/v1/cs/health HTTP/1.1" 200 2 27
172.18.0.3 - - [12/Mar/2019:14:16:59 +0800] "GET /nacos/v1/cs/health HTTP/1.1" 200 2 4
172.18.0.4 - - [12/Mar/2019:14:17:00 +0800] "GET /nacos/actuator/prometheus HTTP/1.1" 200 18306 8
172.18.0.3 - - [12/Mar/2019:14:17:04 +0800] "GET /nacos/v1/cs/health HTTP/1.1" 200 2 2
172.18.0.3 - - [12/Mar/2019:14:17:09 +0800] "GET /nacos/v1/cs/health HTTP/1.1" 200 2 2
172.18.0.1 - - [12/Mar/2019:14:17:14 +0800] "GET /nacos/v1/cs/configs?search=accurate&dataId=&group=&appName=&config_tags=&pageNo=1&pageSize=10&tenant=&namespaceId= HTTP/1.1" 200 196 21
172.18.0.3 - - [12/Mar/2019:14:17:14 +0800] "GET /nacos/v1/cs/health HTTP/1.1" 200 2 6
172.18.0.4 - - [12/Mar/2019:14:17:15 +0800] "GET /nacos/actuator/prometheus HTTP/1.1" 200 18308 15
172.18.0.1 - - [12/Mar/2019:14:17:16 +0800] "GET /nacos/v1/cs/configs?search=accurate&dataId=&group=&appName=&config_tags=&pageNo=1&pageSize=10&tenant=&namespaceId= HTTP/1.1" 200 196 44
172.18.0.1 - - [12/Mar/2019:14:17:17 +0800] "GET /nacos/v1/cs/configs?search=accurate&dataId=&group=&appName=&config_tags=&pageNo=1&pageSize=10&tenant=&namespaceId= HTTP/1.1" 200 196 21
172.18.0.1 - - [12/Mar/2019:14:17:17 +0800] "GET /nacos/v1/cs/configs?search=accurate&dataId=&group=&appName=&config_tags=&pageNo=1&pageSize=10&tenant=&namespaceId= HTTP/1.1" 200 196 7
172.18.0.1 - - [12/Mar/2019:14:17:18 +0800] "GET /nacos/v1/cs/configs?search=accurate&dataId=&group=&appName=&config_tags=&pageNo=1&pageSize=10&tenant=&namespaceId= HTTP/1.1" 200 196 8
172.18.0.3 - - [12/Mar/2019:14:17:19 +0800] "GET /nacos/v1/cs/health HTTP/1.1" 200 2 2
172.18.0.3 - - [12/Mar/2019:14:17:24 +0800] "GET /nacos/v1/cs/health HTTP/1.1" 200 2 2
172.18.0.3 - - [12/Mar/2019:14:17:26 +0800] "GET /nacos/v1/cs/communication/watcherConfigs?&ip=undefined HTTP/1.1" 200 41 211
172.18.0.1 - - [12/Mar/2019:14:17:26 +0800] "GET /nacos/v1/cs/listener?ip=undefined&namespaceId= HTTP/1.1" 200 61 231
172.18.0.3 - - [12/Mar/2019:14:17:27 +0800] "GET /nacos/v1/cs/communication/watcherConfigs?&ip=undefined HTTP/1.1" 200 41 210
172.18.0.1 - - [12/Mar/2019:14:17:27 +0800] "GET /nacos/v1/cs/listener?ip=undefined&namespaceId= HTTP/1.1" 200 61 232
172.18.0.3 - - [12/Mar/2019:14:17:27 +0800] "GET /nacos/v1/cs/communication/watcherConfigs?&ip=undefined HTTP/1.1" 200 41 209
172.18.0.1 - - [12/Mar/2019:14:17:27 +0800] "GET /nacos/v1/cs/listener?ip=undefined&namespaceId= HTTP/1.1" 200 61 218
172.18.0.3 - - [12/Mar/2019:14:17:28 +0800] "GET /nacos/v1/cs/communication/watcherConfigs?&ip=undefined HTTP/1.1" 200 41 206
172.18.0.1 - - [12/Mar/2019:14:17:28 +0800] "GET /nacos/v1/cs/listener?ip=undefined&namespaceId= HTTP/1.1" 200 61 211
172.18.0.3 - - [12/Mar/2019:14:17:29 +0800] "GET /nacos/v1/cs/communication/watcherConfigs?&ip=undefined HTTP/1.1" 200 41 214
172.18.0.1 - - [12/Mar/2019:14:17:29 +0800] "GET /nacos/v1/cs/listener?ip=undefined&namespaceId= HTTP/1.1" 200 61 233
172.18.0.3 - - [12/Mar/2019:14:17:29 +0800] "GET /nacos/v1/cs/health HTTP/1.1" 200 2 5
172.18.0.1 - - [12/Mar/2019:14:17:29 +0800] "GET /nacos/v1/ns/catalog/serviceList?startPg=1&pgSize=10&keyword=&namespaceId= HTTP/1.1" 200 39 9
172.18.0.4 - - [12/Mar/2019:14:17:30 +0800] "GET /nacos/actuator/prometheus HTTP/1.1" 200 19131 10
172.18.0.1 - - [12/Mar/2019:14:17:30 +0800] "GET /nacos/v1/ns/catalog/serviceList?startPg=1&pgSize=10&keyword=&namespaceId= HTTP/1.1" 200 39 20
172.18.0.1 - - [12/Mar/2019:14:17:30 +0800] "GET /nacos/v1/ns/catalog/serviceList?startPg=1&pgSize=10&keyword=&namespaceId= HTTP/1.1" 200 39 5
172.18.0.1 - - [12/Mar/2019:14:17:31 +0800] "GET /nacos/v1/ns/catalog/serviceList?startPg=1&pgSize=10&keyword=&namespaceId= HTTP/1.1" 200 39 3
172.18.0.1 - - [12/Mar/2019:14:17:31 +0800] "GET /nacos/v1/ns/catalog/serviceList?startPg=1&pgSize=10&keyword=&namespaceId= HTTP/1.1" 200 39 14
172.18.0.1 - - [12/Mar/2019:14:17:31 +0800] "GET /nacos/v1/ns/catalog/serviceList?startPg=1&pgSize=10&keyword=&namespaceId= HTTP/1.1" 200 39 6
172.18.0.1 - - [12/Mar/2019:14:17:32 +0800] "GET /nacos/v1/console/namespaces?namespaceId= HTTP/1.1" 200 130 23
172.18.0.3 - - [12/Mar/2019:14:17:34 +0800] "GET /nacos/v1/cs/health HTTP/1.1" 200 2 2
172.18.0.1 - - [12/Mar/2019:14:17:35 +0800] "GET /nacos/v1/console/namespaces?show=all&namespaceId= HTTP/1.1" 200 128 17
172.18.0.3 - - [12/Mar/2019:14:17:39 +0800] "GET /nacos/v1/cs/health HTTP/1.1" 200 2 2
172.18.0.3 - - [12/Mar/2019:14:17:44 +0800] "GET /nacos/v1/cs/health HTTP/1.1" 200 2 2
172.18.0.4 - - [12/Mar/2019:14:17:45 +0800] "GET /nacos/actuator/prometheus HTTP/1.1" 200 19141 15
172.18.0.3 - - [12/Mar/2019:14:17:49 +0800] "GET /nacos/v1/cs/health HTTP/1.1" 200 2 3
172.18.0.3 - - [12/Mar/2019:14:17:54 +0800] "GET /nacos/v1/cs/health HTTP/1.1" 200 2 6
172.18.0.3 - - [12/Mar/2019:14:17:59 +0800] "GET /nacos/v1/cs/health HTTP/1.1" 200 2 2
172.18.0.4 - - [12/Mar/2019:14:18:00 +0800] "GET /nacos/actuator/prometheus HTTP/1.1" 200 19138 10
172.18.0.3 - - [12/Mar/2019:14:18:04 +0800] "GET /nacos/v1/cs/health HTTP/1.1" 200 2 2
172.18.0.3 - - [12/Mar/2019:14:18:09 +0800] "GET /nacos/v1/cs/health HTTP/1.1" 200 2 2
172.18.0.3 - - [12/Mar/2019:14:18:14 +0800] "GET /nacos/v1/cs/health HTTP/1.1" 200 2 2
172.18.0.4 - - [12/Mar/2019:14:18:15 +0800] "GET /nacos/actuator/prometheus HTTP/1.1" 200 19139 8
172.18.0.3 - - [12/Mar/2019:14:18:19 +0800] "GET /nacos/v1/cs/health HTTP/1.1" 200 2 2
172.18.0.3 - - [12/Mar/2019:14:18:24 +0800] "GET /nacos/v1/cs/health HTTP/1.1" 200 2 2
172.18.0.3 - - [12/Mar/2019:14:18:29 +0800] "GET /nacos/v1/cs/health HTTP/1.1" 200 2 2
172.18.0.4 - - [12/Mar/2019:14:18:30 +0800] "GET /nacos/actuator/prometheus HTTP/1.1" 200 19139 8
172.18.0.3 - - [12/Mar/2019:14:18:34 +0800] "GET /nacos/v1/cs/health HTTP/1.1" 200 2 2
172.18.0.3 - - [12/Mar/2019:14:18:39 +0800] "GET /nacos/v1/cs/health HTTP/1.1" 200 2 2
172.18.0.3 - - [12/Mar/2019:14:18:44 +0800] "GET /nacos/v1/cs/health HTTP/1.1" 200 2 1
172.18.0.4 - - [12/Mar/2019:14:18:45 +0800] "GET /nacos/actuator/prometheus HTTP/1.1" 200 19137 9
172.18.0.3 - - [12/Mar/2019:14:18:49 +0800] "GET /nacos/v1/cs/health HTTP/1.1" 200 2 3
172.18.0.3 - - [12/Mar/2019:14:18:54 +0800] "GET /nacos/v1/cs/health HTTP/1.1" 200 2 2
172.18.0.3 - - [12/Mar/2019:14:18:59 +0800] "GET /nacos/v1/cs/health HTTP/1.1" 200 2 2
172.18.0.4 - - [12/Mar/2019:14:19:00 +0800] "GET /nacos/actuator/prometheus HTTP/1.1" 200 19121 16
172.18.0.3 - - [12/Mar/2019:14:19:04 +0800] "GET /nacos/v1/cs/health HTTP/1.1" 200 2 2
172.18.0.3 - - [12/Mar/2019:14:19:09 +0800] "GET /nacos/v1/cs/health HTTP/1.1" 200 2 2
172.18.0.3 - - [12/Mar/2019:14:19:14 +0800] "GET /nacos/v1/cs/health HTTP/1.1" 200 2 1
172.18.0.4 - - [12/Mar/2019:14:19:15 +0800] "GET /nacos/actuator/prometheus HTTP/1.1" 200 19118 9
172.18.0.3 - - [12/Mar/2019:14:19:19 +0800] "GET /nacos/v1/cs/health HTTP/1.1" 200 2 2
172.18.0.3 - - [12/Mar/2019:14:19:24 +0800] "GET /nacos/v1/cs/health HTTP/1.1" 200 2 2
172.18.0.3 - - [12/Mar/2019:14:19:29 +0800] "GET /nacos/v1/cs/health HTTP/1.1" 200 2 2
172.18.0.4 - - [12/Mar/2019:14:19:30 +0800] "GET /nacos/actuator/prometheus HTTP/1.1" 200 19119 19
172.18.0.3 - - [12/Mar/2019:14:19:34 +0800] "GET /nacos/v1/cs/health HTTP/1.1" 200 2 2
172.18.0.3 - - [12/Mar/2019:14:19:39 +0800] "GET /nacos/v1/cs/health HTTP/1.1" 200 2 1
172.18.0.3 - - [12/Mar/2019:14:19:44 +0800] "GET /nacos/v1/cs/health HTTP/1.1" 200 2 2
172.18.0.4 - - [12/Mar/2019:14:19:45 +0800] "GET /nacos/actuator/prometheus HTTP/1.1" 200 19118 9
172.18.0.3 - - [12/Mar/2019:14:19:49 +0800] "GET /nacos/v1/cs/health HTTP/1.1" 200 2 2
172.18.0.3 - - [12/Mar/2019:14:19:54 +0800] "GET /nacos/v1/cs/health HTTP/1.1" 200 2 2
172.18.0.3 - - [12/Mar/2019:14:19:59 +0800] "GET /nacos/v1/cs/health HTTP/1.1" 200 2 1
172.18.0.4 - - [12/Mar/2019:14:20:00 +0800] "GET /nacos/actuator/prometheus HTTP/1.1" 200 19115 12
172.18.0.3 - - [12/Mar/2019:14:20:04 +0800] "GET /nacos/v1/cs/health HTTP/1.1" 200 2 1
172.18.0.3 - - [12/Mar/2019:14:20:09 +0800] "GET /nacos/v1/cs/health HTTP/1.1" 200 2 2
172.18.0.3 - - [12/Mar/2019:14:20:14 +0800] "GET /nacos/v1/cs/health HTTP/1.1" 200 2 4
172.18.0.4 - - [12/Mar/2019:14:20:15 +0800] "GET /nacos/actuator/prometheus HTTP/1.1" 200 19111 14
172.18.0.3 - - [12/Mar/2019:14:20:19 +0800] "GET /nacos/v1/cs/health HTTP/1.1" 200 2 2
172.18.0.3 - - [12/Mar/2019:14:20:24 +0800] "GET /nacos/v1/cs/health HTTP/1.1" 200 2 5
172.18.0.3 - - [12/Mar/2019:14:20:29 +0800] "GET /nacos/v1/cs/health HTTP/1.1" 200 2 5
172.18.0.4 - - [12/Mar/2019:14:20:30 +0800] "GET /nacos/actuator/prometheus HTTP/1.1" 200 19090 10
172.18.0.3 - - [12/Mar/2019:14:20:34 +0800] "GET /nacos/v1/cs/health HTTP/1.1" 200 2 2
172.18.0.3 - - [12/Mar/2019:14:20:39 +0800] "GET /nacos/v1/cs/health HTTP/1.1" 200 2 2
172.18.0.3 - - [12/Mar/2019:14:20:44 +0800] "GET /nacos/v1/cs/health HTTP/1.1" 200 2 2
172.18.0.4 - - [12/Mar/2019:14:20:45 +0800] "GET /nacos/actuator/prometheus HTTP/1.1" 200 19089 15
172.18.0.3 - - [12/Mar/2019:14:20:49 +0800] "GET /nacos/v1/cs/health HTTP/1.1" 200 2 3
172.18.0.3 - - [12/Mar/2019:14:20:54 +0800] "GET /nacos/v1/cs/health HTTP/1.1" 200 2 2
172.18.0.3 - - [12/Mar/2019:14:20:59 +0800] "GET /nacos/v1/cs/health HTTP/1.1" 200 2 2
172.18.0.4 - - [12/Mar/2019:14:21:00 +0800] "GET /nacos/actuator/prometheus HTTP/1.1" 200 19088 7
172.18.0.3 - - [12/Mar/2019:14:21:04 +0800] "GET /nacos/v1/cs/health HTTP/1.1" 200 2 2
172.18.0.3 - - [12/Mar/2019:14:21:09 +0800] "GET /nacos/v1/cs/health HTTP/1.1" 200 2 2
172.18.0.3 - - [12/Mar/2019:14:21:14 +0800] "GET /nacos/v1/cs/health HTTP/1.1" 200 2 3
172.18.0.4 - - [12/Mar/2019:14:21:15 +0800] "GET /nacos/actuator/prometheus HTTP/1.1" 200 19089 8
172.18.0.3 - - [12/Mar/2019:14:21:19 +0800] "GET /nacos/v1/cs/health HTTP/1.1" 200 2 2
172.18.0.3 - - [12/Mar/2019:14:21:24 +0800] "GET /nacos/v1/cs/health HTTP/1.1" 200 2 2
172.18.0.3 - - [12/Mar/2019:14:21:29 +0800] "GET /nacos/v1/cs/health HTTP/1.1" 200 2 1
172.18.0.4 - - [12/Mar/2019:14:21:30 +0800] "GET /nacos/actuator/prometheus HTTP/1.1" 200 19089 9
172.18.0.3 - - [12/Mar/2019:14:21:34 +0800] "GET /nacos/v1/cs/health HTTP/1.1" 200 2 3
172.18.0.3 - - [12/Mar/2019:14:21:38 +0800] "GET /nacos/v1/cs/communication/dataChange?dataId=runcoding-nacos-dev.yml&group=DEFAULT_GROUP HTTP/1.1" 200 14 4
172.18.0.1 - - [12/Mar/2019:14:21:38 +0800] "POST /nacos/v1/cs/configs?dataId=runcoding-nacos-dev.yml&group=DEFAULT_GROUP&content=useLocalCache=true HTTP/1.1" 200 14 24
172.18.0.3 - - [12/Mar/2019:14:21:39 +0800] "GET /nacos/v1/cs/health HTTP/1.1" 200 2 2
172.18.0.3 - - [12/Mar/2019:14:21:44 +0800] "GET /nacos/v1/cs/health HTTP/1.1" 200 2 5
172.18.0.4 - - [12/Mar/2019:14:21:45 +0800] "GET /nacos/actuator/prometheus HTTP/1.1" 200 19103 13
172.18.0.3 - - [12/Mar/2019:14:21:49 +0800] "GET /nacos/v1/cs/health HTTP/1.1" 200 2 2
172.18.0.3 - - [12/Mar/2019:14:21:54 +0800] "GET /nacos/v1/cs/health HTTP/1.1" 200 2 2
172.18.0.3 - - [12/Mar/2019:14:21:59 +0800] "GET /nacos/v1/cs/health HTTP/1.1" 200 2 2
172.18.0.4 - - [12/Mar/2019:14:22:00 +0800] "GET /nacos/actuator/prometheus HTTP/1.1" 200 19104 29
172.18.0.3 - - [12/Mar/2019:14:22:04 +0800] "GET /nacos/v1/cs/health HTTP/1.1" 200 2 3
172.18.0.3 - - [12/Mar/2019:14:22:09 +0800] "GET /nacos/v1/cs/health HTTP/1.1" 200 2 1
172.18.0.3 - - [12/Mar/2019:14:22:14 +0800] "GET /nacos/v1/cs/health HTTP/1.1" 200 2 2
172.18.0.4 - - [12/Mar/2019:14:22:15 +0800] "GET /nacos/actuator/prometheus HTTP/1.1" 200 19100 11
172.18.0.3 - - [12/Mar/2019:14:22:19 +0800] "GET /nacos/v1/cs/health HTTP/1.1" 200 2 15
172.18.0.3 - - [12/Mar/2019:14:22:24 +0800] "GET /nacos/v1/cs/health HTTP/1.1" 200 2 2
172.18.0.3 - - [12/Mar/2019:14:22:29 +0800] "GET /nacos/v1/cs/health HTTP/1.1" 200 2 2
172.18.0.4 - - [12/Mar/2019:14:22:30 +0800] "GET /nacos/actuator/prometheus HTTP/1.1" 200 19103 7
172.18.0.3 - - [12/Mar/2019:14:22:34 +0800] "GET /nacos/v1/cs/health HTTP/1.1" 200 2 2
172.18.0.3 - - [12/Mar/2019:14:22:39 +0800] "GET /nacos/v1/cs/health HTTP/1.1" 200 2 2
172.18.0.3 - - [12/Mar/2019:14:22:44 +0800] "GET /nacos/v1/cs/health HTTP/1.1" 200 2 2
172.18.0.4 - - [12/Mar/2019:14:22:45 +0800] "GET /nacos/actuator/prometheus HTTP/1.1" 200 19103 9
172.18.0.3 - - [12/Mar/2019:14:22:49 +0800] "GET /nacos/v1/cs/health HTTP/1.1" 200 2 2
172.18.0.3 - - [12/Mar/2019:14:22:54 +0800] "GET /nacos/v1/cs/health HTTP/1.1" 200 2 2
172.18.0.3 - - [12/Mar/2019:14:22:59 +0800] "GET /nacos/v1/cs/health HTTP/1.1" 200 2 7
172.18.0.4 - - [12/Mar/2019:14:23:00 +0800] "GET /nacos/actuator/prometheus HTTP/1.1" 200 19104 10
172.18.0.3 - - [12/Mar/2019:14:23:04 +0800] "GET /nacos/v1/cs/health HTTP/1.1" 200 2 1
172.18.0.3 - - [12/Mar/2019:14:23:09 +0800] "GET /nacos/v1/cs/health HTTP/1.1" 200 2 2
172.18.0.3 - - [12/Mar/2019:14:23:14 +0800] "GET /nacos/v1/cs/health HTTP/1.1" 200 2 2
172.18.0.4 - - [12/Mar/2019:14:23:15 +0800] "GET /nacos/actuator/prometheus HTTP/1.1" 200 19102 27
172.18.0.3 - - [12/Mar/2019:14:23:19 +0800] "GET /nacos/v1/cs/health HTTP/1.1" 200 2 2
172.18.0.3 - - [12/Mar/2019:14:23:24 +0800] "GET /nacos/v1/cs/health HTTP/1.1" 200 2 2
172.18.0.3 - - [12/Mar/2019:14:23:29 +0800] "GET /nacos/v1/cs/health HTTP/1.1" 200 2 2
172.18.0.4 - - [12/Mar/2019:14:23:29 +0800] "GET /nacos/actuator/prometheus HTTP/1.1" 200 19104 9
172.18.0.3 - - [12/Mar/2019:14:23:34 +0800] "GET /nacos/v1/cs/health HTTP/1.1" 200 2 1
172.18.0.3 - - [12/Mar/2019:14:23:39 +0800] "GET /nacos/v1/cs/health HTTP/1.1" 200 2 2
172.18.0.3 - - [12/Mar/2019:14:23:44 +0800] "GET /nacos/v1/cs/health HTTP/1.1" 200 2 2
172.18.0.4 - - [12/Mar/2019:14:23:44 +0800] "GET /nacos/actuator/prometheus HTTP/1.1" 200 19102 25
172.18.0.3 - - [12/Mar/2019:14:23:49 +0800] "GET /nacos/v1/cs/health HTTP/1.1" 200 2 1
172.18.0.3 - - [12/Mar/2019:14:23:54 +0800] "GET /nacos/v1/cs/health HTTP/1.1" 200 2 2
172.18.0.3 - - [12/Mar/2019:14:23:59 +0800] "GET /nacos/v1/cs/health HTTP/1.1" 200 2 2
172.18.0.4 - - [12/Mar/2019:14:23:59 +0800] "GET /nacos/actuator/prometheus HTTP/1.1" 200 19087 11
172.18.0.3 - - [12/Mar/2019:14:24:04 +0800] "GET /nacos/v1/cs/health HTTP/1.1" 200 2 7
172.18.0.3 - - [12/Mar/2019:14:24:09 +0800] "GET /nacos/v1/cs/health HTTP/1.1" 200 2 2
172.18.0.3 - - [12/Mar/2019:14:24:14 +0800] "GET /nacos/v1/cs/health HTTP/1.1" 200 2 2
172.18.0.4 - - [12/Mar/2019:14:24:14 +0800] "GET /nacos/actuator/prometheus HTTP/1.1" 200 19087 21
172.18.0.3 - - [12/Mar/2019:14:24:19 +0800] "GET /nacos/v1/cs/health HTTP/1.1" 200 2 2
172.18.0.3 - - [12/Mar/2019:14:24:24 +0800] "GET /nacos/v1/cs/health HTTP/1.1" 200 2 7
172.18.0.3 - - [12/Mar/2019:14:24:29 +0800] "GET /nacos/v1/cs/health HTTP/1.1" 200 2 3
172.18.0.4 - - [12/Mar/2019:14:24:29 +0800] "GET /nacos/actuator/prometheus HTTP/1.1" 200 19088 13
172.18.0.3 - - [12/Mar/2019:14:24:34 +0800] "GET /nacos/v1/cs/health HTTP/1.1" 200 2 2
172.18.0.3 - - [12/Mar/2019:14:24:39 +0800] "GET /nacos/v1/cs/health HTTP/1.1" 200 2 2
172.18.0.3 - - [12/Mar/2019:14:24:44 +0800] "GET /nacos/v1/cs/health HTTP/1.1" 200 2 12
172.18.0.4 - - [12/Mar/2019:14:24:44 +0800] "GET /nacos/actuator/prometheus HTTP/1.1" 200 19082 42
172.18.0.3 - - [12/Mar/2019:14:24:49 +0800] "GET /nacos/v1/cs/health HTTP/1.1" 200 2 3
172.18.0.3 - - [12/Mar/2019:14:24:54 +0800] "GET /nacos/v1/cs/health HTTP/1.1" 200 2 2
172.18.0.3 - - [12/Mar/2019:14:24:59 +0800] "GET /nacos/v1/cs/health HTTP/1.1" 200 2 2
172.18.0.4 - - [12/Mar/2019:14:24:59 +0800] "GET /nacos/actuator/prometheus HTTP/1.1" 200 19088 7
172.18.0.3 - - [12/Mar/2019:14:25:04 +0800] "GET /nacos/v1/cs/health HTTP/1.1" 200 2 7
172.18.0.3 - - [12/Mar/2019:14:25:09 +0800] "GET /nacos/v1/cs/health HTTP/1.1" 200 2 1
172.18.0.3 - - [12/Mar/2019:14:25:14 +0800] "GET /nacos/v1/cs/health HTTP/1.1" 200 2 1
172.18.0.4 - - [12/Mar/2019:14:25:14 +0800] "GET /nacos/actuator/prometheus HTTP/1.1" 200 19086 10
172.18.0.3 - - [12/Mar/2019:14:25:19 +0800] "GET /nacos/v1/cs/health HTTP/1.1" 200 2 2
172.18.0.3 - - [12/Mar/2019:14:25:24 +0800] "GET /nacos/v1/cs/health HTTP/1.1" 200 2 2
172.18.0.3 - - [12/Mar/2019:14:25:29 +0800] "GET /nacos/v1/cs/health HTTP/1.1" 200 2 2
172.18.0.4 - - [12/Mar/2019:14:25:29 +0800] "GET /nacos/actuator/prometheus HTTP/1.1" 200 19087 9
172.18.0.3 - - [12/Mar/2019:14:25:34 +0800] "GET /nacos/v1/cs/health HTTP/1.1" 200 2 2
172.18.0.3 - - [12/Mar/2019:14:25:39 +0800] "GET /nacos/v1/cs/health HTTP/1.1" 200 2 2
172.18.0.3 - - [12/Mar/2019:14:25:44 +0800] "GET /nacos/v1/cs/health HTTP/1.1" 200 2 2
172.18.0.4 - - [12/Mar/2019:14:25:44 +0800] "GET /nacos/actuator/prometheus HTTP/1.1" 200 19089 11
172.18.0.3 - - [12/Mar/2019:14:25:49 +0800] "GET /nacos/v1/cs/health HTTP/1.1" 200 2 2
172.18.0.3 - - [12/Mar/2019:14:25:54 +0800] "GET /nacos/v1/cs/health HTTP/1.1" 200 2 1
172.18.0.3 - - [12/Mar/2019:14:25:59 +0800] "GET /nacos/v1/cs/health HTTP/1.1" 200 2 4
172.18.0.4 - - [12/Mar/2019:14:25:59 +0800] "GET /nacos/actuator/prometheus HTTP/1.1" 200 19088 8
172.18.0.3 - - [12/Mar/2019:14:26:04 +0800] "GET /nacos/v1/cs/health HTTP/1.1" 200 2 2
172.18.0.3 - - [12/Mar/2019:14:26:09 +0800] "GET /nacos/v1/cs/health HTTP/1.1" 200 2 1
172.18.0.3 - - [12/Mar/2019:14:26:14 +0800] "GET /nacos/v1/cs/health HTTP/1.1" 200 2 2
172.18.0.4 - - [12/Mar/2019:14:26:14 +0800] "GET /nacos/actuator/prometheus HTTP/1.1" 200 19088 10
172.18.0.3 - - [12/Mar/2019:14:26:19 +0800] "GET /nacos/v1/cs/health HTTP/1.1" 200 2 2
172.18.0.3 - - [12/Mar/2019:14:26:24 +0800] "GET /nacos/v1/cs/health HTTP/1.1" 200 2 2
172.18.0.3 - - [12/Mar/2019:14:26:29 +0800] "GET /nacos/v1/cs/health HTTP/1.1" 200 2 2
172.18.0.4 - - [12/Mar/2019:14:26:29 +0800] "GET /nacos/actuator/prometheus HTTP/1.1" 200 19088 18
172.18.0.3 - - [12/Mar/2019:14:26:34 +0800] "GET /nacos/v1/cs/health HTTP/1.1" 200 2 5
172.18.0.3 - - [12/Mar/2019:14:26:39 +0800] "GET /nacos/v1/cs/health HTTP/1.1" 200 2 4
172.18.0.3 - - [12/Mar/2019:14:26:44 +0800] "GET /nacos/v1/cs/health HTTP/1.1" 200 2 1
172.18.0.4 - - [12/Mar/2019:14:26:44 +0800] "GET /nacos/actuator/prometheus HTTP/1.1" 200 19086 13
172.18.0.3 - - [12/Mar/2019:14:26:49 +0800] "GET /nacos/v1/cs/health HTTP/1.1" 200 2 2
172.18.0.3 - - [12/Mar/2019:14:26:54 +0800] "GET /nacos/v1/cs/health HTTP/1.1" 200 2 1
172.18.0.3 - - [12/Mar/2019:14:26:59 +0800] "GET /nacos/v1/cs/health HTTP/1.1" 200 2 4
172.18.0.4 - - [12/Mar/2019:14:26:59 +0800] "GET /nacos/actuator/prometheus HTTP/1.1" 200 19089 126
172.18.0.3 - - [12/Mar/2019:14:27:04 +0800] "GET /nacos/v1/cs/health HTTP/1.1" 200 2 2
172.18.0.3 - - [12/Mar/2019:14:27:09 +0800] "GET /nacos/v1/cs/health HTTP/1.1" 200 2 1
172.18.0.3 - - [12/Mar/2019:14:27:14 +0800] "GET /nacos/v1/cs/health HTTP/1.1" 200 2 2
172.18.0.4 - - [12/Mar/2019:14:27:14 +0800] "GET /nacos/actuator/prometheus HTTP/1.1" 200 19090 7
172.18.0.3 - - [12/Mar/2019:14:27:19 +0800] "GET /nacos/v1/cs/health HTTP/1.1" 200 2 1
172.18.0.3 - - [12/Mar/2019:14:27:24 +0800] "GET /nacos/v1/cs/health HTTP/1.1" 200 2 2
172.18.0.3 - - [12/Mar/2019:14:27:29 +0800] "GET /nacos/v1/cs/health HTTP/1.1" 200 2 1
172.18.0.4 - - [12/Mar/2019:14:27:29 +0800] "GET /nacos/actuator/prometheus HTTP/1.1" 200 19089 6
172.18.0.3 - - [12/Mar/2019:14:27:34 +0800] "GET /nacos/v1/cs/health HTTP/1.1" 200 2 1
172.18.0.3 - - [12/Mar/2019:14:27:39 +0800] "GET /nacos/v1/cs/health HTTP/1.1" 200 2 2
172.18.0.3 - - [12/Mar/2019:14:27:44 +0800] "GET /nacos/v1/cs/health HTTP/1.1" 200 2 2
172.18.0.4 - - [12/Mar/2019:14:27:44 +0800] "GET /nacos/actuator/prometheus HTTP/1.1" 200 19090 12
172.18.0.3 - - [12/Mar/2019:14:27:49 +0800] "GET /nacos/v1/cs/health HTTP/1.1" 200 2 3
172.18.0.3 - - [12/Mar/2019:14:27:54 +0800] "GET /nacos/v1/cs/health HTTP/1.1" 200 2 2
172.18.0.3 - - [12/Mar/2019:14:27:59 +0800] "GET /nacos/v1/cs/health HTTP/1.1" 200 2 2
172.18.0.4 - - [12/Mar/2019:14:27:59 +0800] "GET /nacos/actuator/prometheus HTTP/1.1" 200 19088 9
172.18.0.3 - - [12/Mar/2019:14:28:04 +0800] "GET /nacos/v1/cs/health HTTP/1.1" 200 2 2
172.18.0.3 - - [12/Mar/2019:14:28:09 +0800] "GET /nacos/v1/cs/health HTTP/1.1" 200 2 2
172.18.0.3 - - [12/Mar/2019:14:28:14 +0800] "GET /nacos/v1/cs/health HTTP/1.1" 200 2 1
172.18.0.4 - - [12/Mar/2019:14:28:14 +0800] "GET /nacos/actuator/prometheus HTTP/1.1" 200 19074 8
172.18.0.3 - - [12/Mar/2019:14:28:19 +0800] "GET /nacos/v1/cs/health HTTP/1.1" 200 2 4
172.18.0.3 - - [12/Mar/2019:14:28:24 +0800] "GET /nacos/v1/cs/health HTTP/1.1" 200 2 2
172.18.0.3 - - [12/Mar/2019:14:28:29 +0800] "GET /nacos/v1/cs/health HTTP/1.1" 200 2 1
172.18.0.4 - - [12/Mar/2019:14:28:29 +0800] "GET /nacos/actuator/prometheus HTTP/1.1" 200 19089 9
172.18.0.3 - - [12/Mar/2019:14:28:34 +0800] "GET /nacos/v1/cs/health HTTP/1.1" 200 2 6
172.18.0.3 - - [12/Mar/2019:14:28:39 +0800] "GET /nacos/v1/cs/health HTTP/1.1" 200 2 2
172.18.0.3 - - [12/Mar/2019:14:28:44 +0800] "GET /nacos/v1/cs/health HTTP/1.1" 200 2 2
172.18.0.4 - - [12/Mar/2019:14:28:44 +0800] "GET /nacos/actuator/prometheus HTTP/1.1" 200 19090 9
172.18.0.3 - - [12/Mar/2019:14:28:49 +0800] "GET /nacos/v1/cs/health HTTP/1.1" 200 2 1
172.18.0.3 - - [12/Mar/2019:14:28:54 +0800] "GET /nacos/v1/cs/health HTTP/1.1" 200 2 2
172.18.0.3 - - [12/Mar/2019:14:28:59 +0800] "GET /nacos/v1/cs/health HTTP/1.1" 200 2 2
172.18.0.4 - - [12/Mar/2019:14:28:59 +0800] "GET /nacos/actuator/prometheus HTTP/1.1" 200 19085 7
172.18.0.3 - - [12/Mar/2019:14:29:04 +0800] "GET /nacos/v1/cs/health HTTP/1.1" 200 2 1
172.18.0.3 - - [12/Mar/2019:14:29:09 +0800] "GET /nacos/v1/cs/health HTTP/1.1" 200 2 2
172.18.0.3 - - [12/Mar/2019:14:29:14 +0800] "GET /nacos/v1/cs/health HTTP/1.1" 200 2 1
172.18.0.4 - - [12/Mar/2019:14:29:14 +0800] "GET /nacos/actuator/prometheus HTTP/1.1" 200 19090 8
172.18.0.3 - - [12/Mar/2019:14:29:19 +0800] "GET /nacos/v1/cs/health HTTP/1.1" 200 2 2
172.18.0.3 - - [12/Mar/2019:14:29:24 +0800] "GET /nacos/v1/cs/health HTTP/1.1" 200 2 2
172.18.0.3 - - [12/Mar/2019:14:29:29 +0800] "GET /nacos/v1/cs/health HTTP/1.1" 200 2 3
172.18.0.4 - - [12/Mar/2019:14:29:29 +0800] "GET /nacos/actuator/prometheus HTTP/1.1" 200 19090 8
172.18.0.3 - - [12/Mar/2019:14:29:34 +0800] "GET /nacos/v1/cs/health HTTP/1.1" 200 2 2
172.18.0.3 - - [12/Mar/2019:14:29:39 +0800] "GET /nacos/v1/cs/health HTTP/1.1" 200 2 2
172.18.0.3 - - [12/Mar/2019:14:29:44 +0800] "GET /nacos/v1/cs/health HTTP/1.1" 200 2 2
172.18.0.4 - - [12/Mar/2019:14:29:44 +0800] "GET /nacos/actuator/prometheus HTTP/1.1" 200 19090 15
172.18.0.3 - - [12/Mar/2019:14:29:49 +0800] "GET /nacos/v1/cs/health HTTP/1.1" 200 2 1
172.18.0.3 - - [12/Mar/2019:14:29:54 +0800] "GET /nacos/v1/cs/health HTTP/1.1" 200 2 1
172.18.0.3 - - [12/Mar/2019:14:29:59 +0800] "GET /nacos/v1/cs/health HTTP/1.1" 200 2 1
172.18.0.4 - - [12/Mar/2019:14:29:59 +0800] "GET /nacos/actuator/prometheus HTTP/1.1" 200 19087 8
172.18.0.3 - - [12/Mar/2019:14:30:04 +0800] "GET /nacos/v1/cs/health HTTP/1.1" 200 2 2
172.18.0.3 - - [12/Mar/2019:14:30:09 +0800] "GET /nacos/v1/cs/health HTTP/1.1" 200 2 2
172.18.0.3 - - [12/Mar/2019:14:30:14 +0800] "GET /nacos/v1/cs/health HTTP/1.1" 200 2 1
172.18.0.4 - - [12/Mar/2019:14:30:14 +0800] "GET /nacos/actuator/prometheus HTTP/1.1" 200 19086 10
172.18.0.3 - - [12/Mar/2019:14:30:19 +0800] "GET /nacos/v1/cs/health HTTP/1.1" 200 2 3
172.18.0.3 - - [12/Mar/2019:14:30:24 +0800] "GET /nacos/v1/cs/health HTTP/1.1" 200 2 2
172.18.0.3 - - [12/Mar/2019:14:30:29 +0800] "GET /nacos/v1/cs/health HTTP/1.1" 200 2 2
172.18.0.4 - - [12/Mar/2019:14:30:29 +0800] "GET /nacos/actuator/prometheus HTTP/1.1" 200 19087 8
172.18.0.3 - - [12/Mar/2019:14:30:34 +0800] "GET /nacos/v1/cs/health HTTP/1.1" 200 2 1
172.18.0.3 - - [12/Mar/2019:14:30:39 +0800] "GET /nacos/v1/cs/health HTTP/1.1" 200 2 4
172.18.0.3 - - [12/Mar/2019:14:30:44 +0800] "GET /nacos/v1/cs/health HTTP/1.1" 200 2 2
172.18.0.4 - - [12/Mar/2019:14:30:44 +0800] "GET /nacos/actuator/prometheus HTTP/1.1" 200 19088 10
172.18.0.3 - - [12/Mar/2019:14:30:49 +0800] "GET /nacos/v1/cs/health HTTP/1.1" 200 2 1
172.18.0.3 - - [12/Mar/2019:14:30:54 +0800] "GET /nacos/v1/cs/health HTTP/1.1" 200 2 2
172.18.0.3 - - [12/Mar/2019:14:30:59 +0800] "GET /nacos/v1/cs/health HTTP/1.1" 200 2 4
172.18.0.4 - - [12/Mar/2019:14:30:59 +0800] "GET /nacos/actuator/prometheus HTTP/1.1" 200 19091 10
172.18.0.3 - - [12/Mar/2019:14:31:04 +0800] "GET /nacos/v1/cs/health HTTP/1.1" 200 2 2
172.18.0.3 - - [12/Mar/2019:14:31:09 +0800] "GET /nacos/v1/cs/health HTTP/1.1" 200 2 2
172.18.0.3 - - [12/Mar/2019:14:31:14 +0800] "GET /nacos/v1/cs/health HTTP/1.1" 200 2 1
172.18.0.4 - - [12/Mar/2019:14:31:14 +0800] "GET /nacos/actuator/prometheus HTTP/1.1" 200 19090 9
172.18.0.3 - - [12/Mar/2019:14:31:19 +0800] "GET /nacos/v1/cs/health HTTP/1.1" 200 2 2
172.18.0.3 - - [12/Mar/2019:14:31:24 +0800] "GET /nacos/v1/cs/health HTTP/1.1" 200 2 3
172.18.0.3 - - [12/Mar/2019:14:31:29 +0800] "GET /nacos/v1/cs/health HTTP/1.1" 200 2 2
172.18.0.4 - - [12/Mar/2019:14:31:29 +0800] "GET /nacos/actuator/prometheus HTTP/1.1" 200 19088 7
172.18.0.3 - - [12/Mar/2019:14:31:34 +0800] "GET /nacos/v1/cs/health HTTP/1.1" 200 2 2
172.18.0.3 - - [12/Mar/2019:14:31:39 +0800] "GET /nacos/v1/cs/health HTTP/1.1" 200 2 2
172.18.0.3 - - [12/Mar/2019:14:31:44 +0800] "GET /nacos/v1/cs/health HTTP/1.1" 200 2 1
172.18.0.4 - - [12/Mar/2019:14:31:44 +0800] "GET /nacos/actuator/prometheus HTTP/1.1" 200 19090 11
172.18.0.3 - - [12/Mar/2019:14:31:49 +0800] "GET /nacos/v1/cs/health HTTP/1.1" 200 2 4
172.18.0.3 - - [12/Mar/2019:14:31:54 +0800] "GET /nacos/v1/cs/health HTTP/1.1" 200 2 4
172.18.0.3 - - [12/Mar/2019:14:31:59 +0800] "GET /nacos/v1/cs/health HTTP/1.1" 200 2 2
172.18.0.4 - - [12/Mar/2019:14:31:59 +0800] "GET /nacos/actuator/prometheus HTTP/1.1" 200 19090 6
172.18.0.3 - - [12/Mar/2019:14:32:04 +0800] "GET /nacos/v1/cs/health HTTP/1.1" 200 2 2
172.18.0.3 - - [12/Mar/2019:14:32:08 +0800] "GET /nacos/v1/cs/health HTTP/1.1" 200 2 2
172.18.0.3 - - [12/Mar/2019:14:32:13 +0800] "GET /nacos/v1/cs/health HTTP/1.1" 200 2 1
172.18.0.4 - - [12/Mar/2019:14:32:14 +0800] "GET /nacos/actuator/prometheus HTTP/1.1" 200 19090 8
172.18.0.3 - - [12/Mar/2019:14:32:19 +0800] "GET /nacos/v1/cs/health HTTP/1.1" 200 2 3
172.18.0.3 - - [12/Mar/2019:14:32:24 +0800] "GET /nacos/v1/cs/health HTTP/1.1" 200 2 2
172.18.0.3 - - [12/Mar/2019:14:32:29 +0800] "GET /nacos/v1/cs/health HTTP/1.1" 200 2 1
172.18.0.4 - - [12/Mar/2019:14:32:29 +0800] "GET /nacos/actuator/prometheus HTTP/1.1" 200 19090 9
172.18.0.3 - - [12/Mar/2019:14:32:34 +0800] "GET /nacos/v1/cs/health HTTP/1.1" 200 2 2
172.18.0.3 - - [12/Mar/2019:14:32:38 +0800] "GET /nacos/v1/cs/health HTTP/1.1" 200 2 3
172.18.0.3 - - [12/Mar/2019:14:32:43 +0800] "GET /nacos/v1/cs/health HTTP/1.1" 200 2 2
172.18.0.4 - - [12/Mar/2019:14:32:44 +0800] "GET /nacos/actuator/prometheus HTTP/1.1" 200 19089 8
172.18.0.3 - - [12/Mar/2019:14:32:48 +0800] "GET /nacos/v1/cs/health HTTP/1.1" 200 2 2
172.18.0.3 - - [12/Mar/2019:14:32:53 +0800] "GET /nacos/v1/cs/health HTTP/1.1" 200 2 2
172.18.0.3 - - [12/Mar/2019:14:32:58 +0800] "GET /nacos/v1/cs/health HTTP/1.1" 200 2 2
172.18.0.4 - - [12/Mar/2019:14:32:59 +0800] "GET /nacos/actuator/prometheus HTTP/1.1" 200 19089 8
172.18.0.3 - - [12/Mar/2019:14:33:03 +0800] "GET /nacos/v1/cs/health HTTP/1.1" 200 2 2
172.18.0.3 - - [12/Mar/2019:14:33:08 +0800] "GET /nacos/v1/cs/health HTTP/1.1" 200 2 2
172.18.0.3 - - [12/Mar/2019:14:33:13 +0800] "GET /nacos/v1/cs/health HTTP/1.1" 200 2 2
172.18.0.4 - - [12/Mar/2019:14:33:14 +0800] "GET /nacos/actuator/prometheus HTTP/1.1" 200 19088 11
172.18.0.3 - - [12/Mar/2019:14:33:18 +0800] "GET /nacos/v1/cs/health HTTP/1.1" 200 2 2
172.18.0.3 - - [12/Mar/2019:14:33:23 +0800] "GET /nacos/v1/cs/health HTTP/1.1" 200 2 3
172.18.0.3 - - [12/Mar/2019:14:33:28 +0800] "GET /nacos/v1/cs/health HTTP/1.1" 200 2 3
172.18.0.4 - - [12/Mar/2019:14:33:29 +0800] "GET /nacos/actuator/prometheus HTTP/1.1" 200 19089 10
172.18.0.3 - - [12/Mar/2019:14:33:33 +0800] "GET /nacos/v1/cs/health HTTP/1.1" 200 2 4
172.18.0.3 - - [12/Mar/2019:14:33:38 +0800] "GET /nacos/v1/cs/health HTTP/1.1" 200 2 2
172.18.0.3 - - [12/Mar/2019:14:33:43 +0800] "GET /nacos/v1/cs/health HTTP/1.1" 200 2 8
172.18.0.4 - - [12/Mar/2019:14:33:44 +0800] "GET /nacos/actuator/prometheus HTTP/1.1" 200 19086 8
172.18.0.3 - - [12/Mar/2019:14:33:48 +0800] "GET /nacos/v1/cs/health HTTP/1.1" 200 2 4
172.18.0.3 - - [12/Mar/2019:14:33:53 +0800] "GET /nacos/v1/cs/health HTTP/1.1" 200 2 2
172.18.0.3 - - [12/Mar/2019:14:33:58 +0800] "GET /nacos/v1/cs/health HTTP/1.1" 200 2 2
172.18.0.4 - - [12/Mar/2019:14:33:59 +0800] "GET /nacos/actuator/prometheus HTTP/1.1" 200 19091 11
172.18.0.3 - - [12/Mar/2019:14:34:03 +0800] "GET /nacos/v1/cs/health HTTP/1.1" 200 2 2
172.18.0.3 - - [12/Mar/2019:14:34:08 +0800] "GET /nacos/v1/cs/health HTTP/1.1" 200 2 2
172.18.0.3 - - [12/Mar/2019:14:34:13 +0800] "GET /nacos/v1/cs/health HTTP/1.1" 200 2 2
172.18.0.4 - - [12/Mar/2019:14:34:14 +0800] "GET /nacos/actuator/prometheus HTTP/1.1" 200 19091 9
172.18.0.3 - - [12/Mar/2019:14:34:18 +0800] "GET /nacos/v1/cs/health HTTP/1.1" 200 2 2
172.18.0.3 - - [12/Mar/2019:14:34:23 +0800] "GET /nacos/v1/cs/health HTTP/1.1" 200 2 3
172.18.0.3 - - [12/Mar/2019:14:34:28 +0800] "GET /nacos/v1/cs/health HTTP/1.1" 200 2 2
172.18.0.4 - - [12/Mar/2019:14:34:29 +0800] "GET /nacos/actuator/prometheus HTTP/1.1" 200 19088 10
172.18.0.3 - - [12/Mar/2019:14:34:33 +0800] "GET /nacos/v1/cs/health HTTP/1.1" 200 2 4
172.18.0.3 - - [12/Mar/2019:14:34:38 +0800] "GET /nacos/v1/cs/health HTTP/1.1" 200 2 2
172.18.0.3 - - [12/Mar/2019:14:34:43 +0800] "GET /nacos/v1/cs/health HTTP/1.1" 200 2 2
172.18.0.4 - - [12/Mar/2019:14:34:44 +0800] "GET /nacos/actuator/prometheus HTTP/1.1" 200 19091 7
172.18.0.3 - - [12/Mar/2019:14:34:48 +0800] "GET /nacos/v1/cs/health HTTP/1.1" 200 2 2
172.18.0.3 - - [12/Mar/2019:14:34:53 +0800] "GET /nacos/v1/cs/health HTTP/1.1" 200 2 3
172.18.0.3 - - [12/Mar/2019:14:34:58 +0800] "GET /nacos/v1/cs/health HTTP/1.1" 200 2 7
172.18.0.4 - - [12/Mar/2019:14:34:59 +0800] "GET /nacos/actuator/prometheus HTTP/1.1" 200 19091 12
172.18.0.3 - - [12/Mar/2019:14:35:03 +0800] "GET /nacos/v1/cs/health HTTP/1.1" 200 2 2
172.18.0.3 - - [12/Mar/2019:14:35:08 +0800] "GET /nacos/v1/cs/health HTTP/1.1" 200 2 1
172.18.0.3 - - [12/Mar/2019:14:35:13 +0800] "GET /nacos/v1/cs/health HTTP/1.1" 200 2 10
172.18.0.4 - - [12/Mar/2019:14:35:14 +0800] "GET /nacos/actuator/prometheus HTTP/1.1" 200 19089 13
172.18.0.3 - - [12/Mar/2019:14:35:18 +0800] "GET /nacos/v1/cs/health HTTP/1.1" 200 2 3
172.18.0.3 - - [12/Mar/2019:14:35:23 +0800] "GET /nacos/v1/cs/health HTTP/1.1" 200 2 2
172.18.0.3 - - [12/Mar/2019:14:35:28 +0800] "GET /nacos/v1/cs/health HTTP/1.1" 200 2 8
172.18.0.4 - - [12/Mar/2019:14:35:29 +0800] "GET /nacos/actuator/prometheus HTTP/1.1" 200 19089 24
172.18.0.3 - - [12/Mar/2019:14:35:33 +0800] "GET /nacos/v1/cs/health HTTP/1.1" 200 2 1
172.18.0.3 - - [12/Mar/2019:14:35:38 +0800] "GET /nacos/v1/cs/health HTTP/1.1" 200 2 3
172.18.0.3 - - [12/Mar/2019:14:35:43 +0800] "GET /nacos/v1/cs/health HTTP/1.1" 200 2 1
172.18.0.4 - - [12/Mar/2019:14:35:44 +0800] "GET /nacos/actuator/prometheus HTTP/1.1" 200 19089 24
172.18.0.3 - - [12/Mar/2019:14:35:48 +0800] "GET /nacos/v1/cs/health HTTP/1.1" 200 2 3
172.18.0.3 - - [12/Mar/2019:14:35:53 +0800] "GET /nacos/v1/cs/health HTTP/1.1" 200 2 2
172.18.0.3 - - [12/Mar/2019:14:35:58 +0800] "GET /nacos/v1/cs/health HTTP/1.1" 200 2 2
172.18.0.4 - - [12/Mar/2019:14:35:59 +0800] "GET /nacos/actuator/prometheus HTTP/1.1" 200 19090 10
172.18.0.3 - - [12/Mar/2019:14:36:03 +0800] "GET /nacos/v1/cs/health HTTP/1.1" 200 2 3
172.18.0.3 - - [12/Mar/2019:14:36:08 +0800] "GET /nacos/v1/cs/health HTTP/1.1" 200 2 3
172.18.0.3 - - [12/Mar/2019:14:36:13 +0800] "GET /nacos/v1/cs/health HTTP/1.1" 200 2 4
172.18.0.4 - - [12/Mar/2019:14:36:14 +0800] "GET /nacos/actuator/prometheus HTTP/1.1" 200 19092 14
172.18.0.3 - - [12/Mar/2019:14:36:18 +0800] "GET /nacos/v1/cs/health HTTP/1.1" 200 2 2
172.18.0.3 - - [12/Mar/2019:14:36:23 +0800] "GET /nacos/v1/cs/health HTTP/1.1" 200 2 2
172.18.0.3 - - [12/Mar/2019:14:36:28 +0800] "GET /nacos/v1/cs/health HTTP/1.1" 200 2 2
172.18.0.4 - - [12/Mar/2019:14:36:29 +0800] "GET /nacos/actuator/prometheus HTTP/1.1" 200 19090 9
172.18.0.3 - - [12/Mar/2019:14:36:33 +0800] "GET /nacos/v1/cs/health HTTP/1.1" 200 2 2
172.18.0.3 - - [12/Mar/2019:14:36:38 +0800] "GET /nacos/v1/cs/health HTTP/1.1" 200 2 3
172.18.0.3 - - [12/Mar/2019:14:36:43 +0800] "GET /nacos/v1/cs/health HTTP/1.1" 200 2 2
172.18.0.4 - - [12/Mar/2019:14:36:44 +0800] "GET /nacos/actuator/prometheus HTTP/1.1" 200 19091 18
172.18.0.3 - - [12/Mar/2019:14:36:48 +0800] "GET /nacos/v1/cs/health HTTP/1.1" 200 2 1
172.18.0.3 - - [12/Mar/2019:14:36:53 +0800] "GET /nacos/v1/cs/health HTTP/1.1" 200 2 4
172.18.0.3 - - [12/Mar/2019:14:36:58 +0800] "GET /nacos/v1/cs/health HTTP/1.1" 200 2 10
172.18.0.4 - - [12/Mar/2019:14:36:59 +0800] "GET /nacos/actuator/prometheus HTTP/1.1" 200 19086 16
172.18.0.3 - - [12/Mar/2019:14:37:03 +0800] "GET /nacos/v1/cs/health HTTP/1.1" 200 2 2
172.18.0.3 - - [12/Mar/2019:14:37:08 +0800] "GET /nacos/v1/cs/health HTTP/1.1" 200 2 2
172.18.0.3 - - [12/Mar/2019:14:37:13 +0800] "GET /nacos/v1/cs/health HTTP/1.1" 200 2 2
172.18.0.4 - - [12/Mar/2019:14:37:14 +0800] "GET /nacos/actuator/prometheus HTTP/1.1" 200 19090 7
172.18.0.3 - - [12/Mar/2019:14:37:18 +0800] "GET /nacos/v1/cs/health HTTP/1.1" 200 2 2
172.18.0.3 - - [12/Mar/2019:14:37:23 +0800] "GET /nacos/v1/cs/health HTTP/1.1" 200 2 2
172.18.0.3 - - [12/Mar/2019:14:37:28 +0800] "GET /nacos/v1/cs/health HTTP/1.1" 200 2 2
172.18.0.4 - - [12/Mar/2019:14:37:29 +0800] "GET /nacos/actuator/prometheus HTTP/1.1" 200 19086 7
172.18.0.3 - - [12/Mar/2019:14:37:33 +0800] "GET /nacos/v1/cs/health HTTP/1.1" 200 2 1
172.18.0.3 - - [12/Mar/2019:14:37:38 +0800] "GET /nacos/v1/cs/health HTTP/1.1" 200 2 5
172.18.0.3 - - [12/Mar/2019:14:37:43 +0800] "GET /nacos/v1/cs/health HTTP/1.1" 200 2 3
172.18.0.4 - - [12/Mar/2019:14:37:43 +0800] "GET /nacos/actuator/prometheus HTTP/1.1" 200 19090 15
172.18.0.3 - - [12/Mar/2019:14:37:48 +0800] "GET /nacos/v1/cs/health HTTP/1.1" 200 2 7
172.18.0.3 - - [12/Mar/2019:14:37:53 +0800] "GET /nacos/v1/cs/health HTTP/1.1" 200 2 9
172.18.0.3 - - [12/Mar/2019:14:37:58 +0800] "GET /nacos/v1/cs/health HTTP/1.1" 200 2 3
172.18.0.4 - - [12/Mar/2019:14:37:58 +0800] "GET /nacos/actuator/prometheus HTTP/1.1" 200 19092 12
172.18.0.3 - - [12/Mar/2019:14:38:03 +0800] "GET /nacos/v1/cs/health HTTP/1.1" 200 2 2
172.18.0.3 - - [12/Mar/2019:14:38:08 +0800] "GET /nacos/v1/cs/health HTTP/1.1" 200 2 4
172.18.0.3 - - [12/Mar/2019:14:38:13 +0800] "GET /nacos/v1/cs/health HTTP/1.1" 200 2 2
172.18.0.4 - - [12/Mar/2019:14:38:13 +0800] "GET /nacos/actuator/prometheus HTTP/1.1" 200 19093 18
172.18.0.3 - - [12/Mar/2019:14:38:18 +0800] "GET /nacos/v1/cs/health HTTP/1.1" 200 2 3
172.18.0.3 - - [12/Mar/2019:14:38:23 +0800] "GET /nacos/v1/cs/health HTTP/1.1" 200 2 2
172.18.0.3 - - [12/Mar/2019:14:38:28 +0800] "GET /nacos/v1/cs/health HTTP/1.1" 200 2 3
172.18.0.4 - - [12/Mar/2019:14:38:28 +0800] "GET /nacos/actuator/prometheus HTTP/1.1" 200 19093 9
172.18.0.3 - - [12/Mar/2019:14:38:33 +0800] "GET /nacos/v1/cs/health HTTP/1.1" 200 2 2
172.18.0.3 - - [12/Mar/2019:14:38:38 +0800] "GET /nacos/v1/cs/health HTTP/1.1" 200 2 4
172.18.0.3 - - [12/Mar/2019:14:38:43 +0800] "GET /nacos/v1/cs/health HTTP/1.1" 200 2 2
172.18.0.4 - - [12/Mar/2019:14:38:43 +0800] "GET /nacos/actuator/prometheus HTTP/1.1" 200 19094 15
172.18.0.3 - - [12/Mar/2019:14:38:48 +0800] "GET /nacos/v1/cs/health HTTP/1.1" 200 2 2
172.18.0.3 - - [12/Mar/2019:14:38:53 +0800] "GET /nacos/v1/cs/health HTTP/1.1" 200 2 5
172.18.0.3 - - [12/Mar/2019:14:38:58 +0800] "GET /nacos/v1/cs/health HTTP/1.1" 200 2 1
172.18.0.4 - - [12/Mar/2019:14:38:58 +0800] "GET /nacos/actuator/prometheus HTTP/1.1" 200 19091 14
172.18.0.3 - - [12/Mar/2019:14:39:03 +0800] "GET /nacos/v1/cs/health HTTP/1.1" 200 2 1
172.18.0.3 - - [12/Mar/2019:14:39:08 +0800] "GET /nacos/v1/cs/health HTTP/1.1" 200 2 2
172.18.0.3 - - [12/Mar/2019:14:39:13 +0800] "GET /nacos/v1/cs/health HTTP/1.1" 200 2 2
172.18.0.4 - - [12/Mar/2019:14:39:13 +0800] "GET /nacos/actuator/prometheus HTTP/1.1" 200 19092 7
172.18.0.3 - - [12/Mar/2019:14:39:18 +0800] "GET /nacos/v1/cs/health HTTP/1.1" 200 2 9
172.18.0.3 - - [12/Mar/2019:14:39:23 +0800] "GET /nacos/v1/cs/health HTTP/1.1" 200 2 2
172.18.0.3 - - [12/Mar/2019:14:39:28 +0800] "GET /nacos/v1/cs/health HTTP/1.1" 200 2 2
172.18.0.4 - - [12/Mar/2019:14:39:28 +0800] "GET /nacos/actuator/prometheus HTTP/1.1" 200 19092 8
172.18.0.3 - - [12/Mar/2019:14:39:33 +0800] "GET /nacos/v1/cs/health HTTP/1.1" 200 2 2
172.18.0.3 - - [12/Mar/2019:14:39:38 +0800] "GET /nacos/v1/cs/health HTTP/1.1" 200 2 2
172.18.0.3 - - [12/Mar/2019:14:39:43 +0800] "GET /nacos/v1/cs/health HTTP/1.1" 200 2 2
172.18.0.4 - - [12/Mar/2019:14:39:43 +0800] "GET /nacos/actuator/prometheus HTTP/1.1" 200 19091 13
